Archive member included to satisfy reference by file (symbol)

/home/michi/projects/LPCXpresso/lpc_chip_175x_6x/Release/liblpc_chip_175x_6x.a(adc_17xx_40xx.o)
                              ./src/periph/adc.o (Chip_ADC_Init)
/home/michi/projects/LPCXpresso/lpc_chip_175x_6x/Release/liblpc_chip_175x_6x.a(chip_17xx_40xx.o)
                              ./src/cpu/cpu.o (SystemCoreClockUpdate)
/home/michi/projects/LPCXpresso/lpc_chip_175x_6x/Release/liblpc_chip_175x_6x.a(clock_17xx_40xx.o)
                              ./src/sysinit.o (Chip_Clock_EnablePLL)
/home/michi/projects/LPCXpresso/lpc_chip_175x_6x/Release/liblpc_chip_175x_6x.a(iocon_17xx_40xx.o)
                              ./src/usb/skynet_cdc.o (Chip_IOCON_PinMux)
/home/michi/projects/LPCXpresso/lpc_chip_175x_6x/Release/liblpc_chip_175x_6x.a(pmu_17xx_40xx.o)
                              ./src/cpu/cpu.o (Chip_PMU_SleepState)
/home/michi/projects/LPCXpresso/lpc_chip_175x_6x/Release/liblpc_chip_175x_6x.a(ring_buffer.o)
                              ./src/misc/event_queue.o (RingBuffer_Init)
/home/michi/projects/LPCXpresso/lpc_chip_175x_6x/Release/liblpc_chip_175x_6x.a(rtc_17xx_40xx.o)
                              ./src/cpu/rtc.o (Chip_RTC_Init)
/home/michi/projects/LPCXpresso/lpc_chip_175x_6x/Release/liblpc_chip_175x_6x.a(spi_17xx_40xx.o)
                              ./src/spi/spi.o (Chip_SPI_SetBitRate)
/home/michi/projects/LPCXpresso/lpc_chip_175x_6x/Release/liblpc_chip_175x_6x.a(stopwatch_17xx_40xx.o)
                              ./src/main.o (StopWatch_Init)
/home/michi/projects/LPCXpresso/lpc_chip_175x_6x/Release/liblpc_chip_175x_6x.a(timer_17xx_40xx.o)
                              /home/michi/projects/LPCXpresso/lpc_chip_175x_6x/Release/liblpc_chip_175x_6x.a(stopwatch_17xx_40xx.o) (Chip_TIMER_Init)
/home/michi/projects/LPCXpresso/lpc_chip_175x_6x/libs/libusbd_175x_6x_lib.a(mw_usbd_rom_api.o)
                              ./src/usb/skynet_cdc.o (cdc_api)
/home/michi/projects/LPCXpresso/lpc_chip_175x_6x/libs/libusbd_175x_6x_lib.a(hw_usbd_ip3503.o)
                              /home/michi/projects/LPCXpresso/lpc_chip_175x_6x/libs/libusbd_175x_6x_lib.a(mw_usbd_rom_api.o) (hwUSB_GetMemSize)
/home/michi/projects/LPCXpresso/lpc_chip_175x_6x/libs/libusbd_175x_6x_lib.a(mw_usbd_cdcuser.o)
                              /home/michi/projects/LPCXpresso/lpc_chip_175x_6x/libs/libusbd_175x_6x_lib.a(mw_usbd_rom_api.o) (mwCDC_SendNotification)
/home/michi/projects/LPCXpresso/lpc_chip_175x_6x/libs/libusbd_175x_6x_lib.a(mw_usbd_core.o)
                              /home/michi/projects/LPCXpresso/lpc_chip_175x_6x/libs/libusbd_175x_6x_lib.a(mw_usbd_rom_api.o) (mwUSB_SetupStage)
/home/michi/projects/LPCXpresso/lpc_chip_175x_6x/libs/libusbd_175x_6x_lib.a(mw_usbd_dfuuser.o)
                              /home/michi/projects/LPCXpresso/lpc_chip_175x_6x/libs/libusbd_175x_6x_lib.a(mw_usbd_rom_api.o) (mwDFU_GetMemSize)
/home/michi/projects/LPCXpresso/lpc_chip_175x_6x/libs/libusbd_175x_6x_lib.a(mw_usbd_hiduser.o)
                              /home/michi/projects/LPCXpresso/lpc_chip_175x_6x/libs/libusbd_175x_6x_lib.a(mw_usbd_rom_api.o) (mwHID_GetMemSize)
/home/michi/projects/LPCXpresso/lpc_chip_175x_6x/libs/libusbd_175x_6x_lib.a(mw_usbd_mscuser.o)
                              /home/michi/projects/LPCXpresso/lpc_chip_175x_6x/libs/libusbd_175x_6x_lib.a(mw_usbd_rom_api.o) (mwMSC_GetMemSize)
/usr/local/lpcxpresso_8.1.4_606/lpcxpresso/tools/bin/../lib/gcc/arm-none-eabi/5.2.1/../../../../arm-none-eabi/lib/armv7-m/libcr_nohost.a(_cr__main.o)
                              ./src/cr_startup_lpc175x_6x.o (__main)
/usr/local/lpcxpresso_8.1.4_606/lpcxpresso/tools/bin/../lib/gcc/arm-none-eabi/5.2.1/../../../../arm-none-eabi/lib/armv7-m/libcr_c.a(memcpy.o)
                              ./src/usb/cdc_vcom.o (memcpy)
/usr/local/lpcxpresso_8.1.4_606/lpcxpresso/tools/bin/../lib/gcc/arm-none-eabi/5.2.1/../../../../arm-none-eabi/lib/armv7-m/libcr_c.a(memset.o)
                              ./src/usb/cdc_vcom.o (memset)
/usr/local/lpcxpresso_8.1.4_606/lpcxpresso/tools/bin/../lib/gcc/arm-none-eabi/5.2.1/../../../../arm-none-eabi/lib/armv7-m/libcr_c.a(alloc.o)
                              ./src/usb/skynet_cdc.o (malloc)
/usr/local/lpcxpresso_8.1.4_606/lpcxpresso/tools/bin/../lib/gcc/arm-none-eabi/5.2.1/../../../../arm-none-eabi/lib/armv7-m/libcr_c.a(fpprintf.o)
                              ./src/usb/skynet_cdc.o (vsnprintf)
/usr/local/lpcxpresso_8.1.4_606/lpcxpresso/tools/bin/../lib/gcc/arm-none-eabi/5.2.1/../../../../arm-none-eabi/lib/armv7-m/libcr_c.a(initio.o)
                              /usr/local/lpcxpresso_8.1.4_606/lpcxpresso/tools/bin/../lib/gcc/arm-none-eabi/5.2.1/../../../../arm-none-eabi/lib/armv7-m/libcr_nohost.a(_cr__main.o) (_initio)
/usr/local/lpcxpresso_8.1.4_606/lpcxpresso/tools/bin/../lib/gcc/arm-none-eabi/5.2.1/../../../../arm-none-eabi/lib/armv7-m/libcr_c.a(printf.o)
[...]
Memory Configuration

Name             Origin             Length             Attributes
MFlash512        0x00010000         0x00070000         xr
RamLoc32         0x10000100         0x00007ef0         xrw
RamBootShared    0x10007ff0         0x00000010         xrw
RamAHB32         0x2007c000         0x00008000         xrw
*default*        0x00000000         0xffffffff

Linker script and memory map

LOAD ./src/usb/cdc_desc.o
LOAD ./src/usb/cdc_vcom.o
LOAD ./src/usb/skynet_cdc.o
LOAD ./src/spi/spi.o
LOAD ./src/radio/radio.o
LOAD ./src/radio/radio_comm.o
LOAD ./src/radio/radio_hal.o
LOAD ./src/radio/si446x_api_lib.o
LOAD ./src/radio/skynet_radio.o
LOAD ./src/periph/adc.o
LOAD ./src/periph/charger.o
LOAD ./src/periph/dcdc.o
LOAD ./src/periph/input.o
LOAD ./src/periph/led.o
LOAD ./src/misc/event_queue.o
LOAD ./src/mac/mac.o
LOAD ./src/mac/mac_frame_data.o
LOAD ./src/gpio/gpio_irq.o
LOAD ./src/cpu/cpu.o
LOAD ./src/cpu/rtc.o
LOAD ./src/cpu/systick.o
LOAD ./src/basestation/wind/windvane/windvane.o
LOAD ./src/basestation/wind/windspeed/windspeed.o
LOAD ./src/basestation/gps/gps.o
LOAD ./src/basestation/compass/compass.o
LOAD ./src/basestation/skynet_basestation.o
LOAD ./src/cr_startup_lpc175x_6x.o
LOAD ./src/crp.o
LOAD ./src/main.o
LOAD ./src/sysinit.o
LOAD /home/michi/projects/LPCXpresso/lpc_chip_175x_6x/Release/liblpc_chip_175x_6x.a
LOAD /home/michi/projects/LPCXpresso/lpc_chip_175x_6x/libs/libusbd_175x_6x_lib.a
START GROUP
LOAD /usr/local/lpcxpresso_8.1.4_606/lpcxpresso/tools/bin/../lib/gcc/arm-none-eabi/5.2.1/../../../../arm-none-eabi/lib/armv7-m/libcr_nohost.a
LOAD /usr/local/lpcxpresso_8.1.4_606/lpcxpresso/tools/bin/../lib/gcc/arm-none-eabi/5.2.1/../../../../arm-none-eabi/lib/armv7-m/libcr_c.a
LOAD /usr/local/lpcxpresso_8.1.4_606/lpcxpresso/tools/bin/../lib/gcc/arm-none-eabi/5.2.1/armv7-m/libcr_eabihelpers.a
END GROUP
                0x00010000                __base_MFlash512 = 0x10000
                0x00010000                __base_Flash = 0x10000
                0x00080000                __top_MFlash512 = 0x80000
                0x00080000                __top_Flash = 0x80000
                0x10000100                __base_RamLoc32 = 0x10000100
                0x10000100                __base_RAM = 0x10000100
                0x10007ff0                __top_RamLoc32 = 0x10007ff0
                0x10007ff0                __top_RAM = 0x10007ff0
                0x10007ff0                __base_RamBootShared = 0x10007ff0
                0x10007ff0                __base_RAM2 = 0x10007ff0
                0x10008000                __top_RamBootShared = 0x10008000
                0x10008000                __top_RAM2 = 0x10008000
                0x2007c000                __base_RamAHB32 = 0x2007c000
                0x2007c000                __base_RAM3 = 0x2007c000
                0x20084000                __top_RamAHB32 = 0x20084000
                0x20084000                __top_RAM3 = 0x20084000

.text           0x00010000     0x6590
 FILL mask 0xff
                0x00010000                __vectors_start__ = ABSOLUTE (.)
 *(.isr_vector)
 .isr_vector    0x00010000       0xcc ./src/cr_startup_lpc175x_6x.o
                0x00010000                g_pfnVectors
                0x000100cc                . = ALIGN (0x4)
                0x000100cc                __section_table_start = .
                0x000100cc                __data_section_table = .
                0x000100cc        0x4 LONG 0x16590 LOADADDR (.data)
                0x000100d0        0x4 LONG 0x10000100 ADDR (.data)
                0x000100d4        0x4 LONG 0x2a0 SIZEOF (.data)
                0x000100d8        0x4 LONG 0x16590 LOADADDR (.data_RAM2)
                0x000100dc        0x4 LONG 0x10007ff0 ADDR (.data_RAM2)
                0x000100e0        0x4 LONG 0x0 SIZEOF (.data_RAM2)
                0x000100e4        0x4 LONG 0x16590 LOADADDR (.data_RAM3)
                0x000100e8        0x4 LONG 0x2007c000 ADDR (.data_RAM3)
                0x000100ec        0x4 LONG 0x0 SIZEOF (.data_RAM3)
                0x000100f0                __data_section_table_end = .
                0x000100f0                __bss_section_table = .
                0x000100f0        0x4 LONG 0x100003a0 ADDR (.bss)
                0x000100f4        0x4 LONG 0x378 SIZEOF (.bss)
                0x000100f8        0x4 LONG 0x10007ff0 ADDR (.bss_RAM2)
                0x000100fc        0x4 LONG 0x0 SIZEOF (.bss_RAM2)
                0x00010100        0x4 LONG 0x2007c000 ADDR (.bss_RAM3)
                0x00010104        0x4 LONG 0x0 SIZEOF (.bss_RAM3)
                0x00010108                __bss_section_table_end = .
                0x00010108                __section_table_end = .
 *(.after_vectors*)
 .after_vectors
                0x00010108       0x84 ./src/cr_startup_lpc175x_6x.o
                0x00010108                NMI_Handler
                0x0001010a                HardFault_Handler
                0x0001010c                MemManage_Handler
                0x0001010e                BusFault_Handler
                0x00010110                UsageFault_Handler
                0x00010112                SVC_Handler
                0x00010114                DebugMon_Handler
                0x00010116                PendSV_Handler
                0x0001011a                TIMER2_IRQHandler
                0x0001011a                RIT_IRQHandler
                0x0001011a                I2C0_IRQHandler
                0x0001011a                USBActivity_IRQHandler
                0x0001011a                PWM1_IRQHandler
                0x0001011a                I2C1_IRQHandler
                0x0001011a                UART1_IRQHandler
                0x0001011a                CANActivity_IRQHandler
                0x0001011a                TIMER3_IRQHandler
                0x0001011a                UART0_IRQHandler
                0x0001011a                IntDefaultHandler
                0x0001011a                PLL0_IRQHandler
                0x0001011a                CAN_IRQHandler
                0x0001011a                PLL1_IRQHandler
                0x0001011a                SSP0_IRQHandler
                0x0001011a                I2S_IRQHandler
                0x0001011a                I2C2_IRQHandler
                0x0001011a                TIMER0_IRQHandler
                0x0001011a                SPI_IRQHandler
                0x0001011a                TIMER1_IRQHandler
                0x0001011a                UART2_IRQHandler
                0x0001011a                ADC_IRQHandler
                0x0001011a                SSP1_IRQHandler
                0x0001011a                BOD_IRQHandler
                0x0001011a                WDT_IRQHandler
                0x0001011a                QEI_IRQHandler
                0x0001011a                EINT0_IRQHandler
                0x0001011a                ETH_IRQHandler
                0x0001011a                DMA_IRQHandler
                0x0001011a                UART3_IRQHandler
                0x0001011a                MCPWM_IRQHandler
                0x0001011c                data_init
                0x00010132                bss_init
                0x00010146                ResetISR
 *(.text*)
 .text.VCOM_bulk_in_hdlr
                0x0001018c       0x14 ./src/usb/cdc_vcom.o
 .text.VCOM_SetLineCode
                0x000101a0       0x10 ./src/usb/cdc_vcom.o
 .text.VCOM_bulk_out_hdlr
                0x000101b0       0x88 ./src/usb/cdc_vcom.o
 .text.vcom_init
                0x00010238       0xa4 ./src/usb/cdc_vcom.o
                0x00010238                vcom_init
 .text.vcom_bread
                0x000102dc       0x58 ./src/usb/cdc_vcom.o
                0x000102dc                vcom_bread
 .text.vcom_write
                0x00010334       0x54 ./src/usb/cdc_vcom.o
                0x00010334                vcom_write
 .text.skynet_cdc_connect
                0x00010388       0x18 ./src/usb/skynet_cdc.o
                0x00010388                skynet_cdc_connect
 .text.skynet_cdc_init
                0x000103a0       0xd8 ./src/usb/skynet_cdc.o
                0x000103a0                skynet_cdc_init
 .text.USB_IRQHandler
                0x00010478       0x18 ./src/usb/skynet_cdc.o
                0x00010478                USB_IRQHandler
 .text.find_IntfDesc
                0x00010490       0x18 ./src/usb/skynet_cdc.o
                0x00010490                find_IntfDesc
 .text.skynet_cdc_flush
                0x000104a8       0x1c ./src/usb/skynet_cdc.o
                0x000104a8                skynet_cdc_flush
 .text.skynet_cdc_write_buffered
                0x000104c4       0x64 ./src/usb/skynet_cdc.o
                0x000104c4                skynet_cdc_write_buffered
 .text.skynet_cdc_write_message
                0x00010528       0x34 ./src/usb/skynet_cdc.o
                0x00010528                skynet_cdc_write_message
 .text.skynet_cdc_write_debug
                0x0001055c       0x36 ./src/usb/skynet_cdc.o
                0x0001055c                skynet_cdc_write_debug
 *fill*         0x00010592        0x2 ff
 .text.skynet_cdc_receive_data
                0x00010594      0x144 ./src/usb/skynet_cdc.o
                0x00010594                skynet_cdc_receive_data
 .text.SPI_Trans
                0x000106d8       0x18 ./src/spi/spi.o
                0x000106d8                SPI_Trans
 .text.SPI_TransBatchWrite
                0x000106f0       0x18 ./src/spi/spi.o
                0x000106f0                SPI_TransBatchWrite
 .text.SPI_TransBatchRead
                0x00010708       0x1a ./src/spi/spi.o
                0x00010708                SPI_TransBatchRead
 *fill*         0x00010722        0x2 ff
 .text.SPI_AssertSSEL
                0x00010724       0x18 ./src/spi/spi.o
                0x00010724                SPI_AssertSSEL
 .text.SPI_DeassertSSEL
                0x0001073c       0x18 ./src/spi/spi.o
                0x0001073c                SPI_DeassertSSEL
 .text.SPI_Init
                0x00010754       0x60 ./src/spi/spi.o
                0x00010754                SPI_Init
 .text.SPI_Deinit
                0x000107b4       0x14 ./src/spi/spi.o
                0x000107b4                SPI_Deinit
 .text.vRadio_PowerUp
                0x000107c8       0x10 ./src/radio/radio.o
                0x000107c8                vRadio_PowerUp
 .text.vRadio_Init
                0x000107d8       0x6c ./src/radio/radio.o
                0x000107d8                vRadio_Init
 .text.vRadio_StartRX
                0x00010844       0x2e ./src/radio/radio.o
                0x00010844                vRadio_StartRX
 .text.vRadio_StartRXlong
                0x00010872       0x2c ./src/radio/radio.o
                0x00010872                vRadio_StartRXlong
 *fill*         0x0001089e        0x2 ff
 .text.radio_comm_GetResp
                0x000108a0       0x54 ./src/radio/radio_comm.o
                0x000108a0                radio_comm_GetResp
 .text.radio_comm_PollCTS
                0x000108f4        0x8 ./src/radio/radio_comm.o
                0x000108f4                radio_comm_PollCTS
 .text.radio_comm_SendCmd
                0x000108fc       0x34 ./src/radio/radio_comm.o
                0x000108fc                radio_comm_SendCmd
 .text.radio_comm_ReadData
                0x00010930       0x38 ./src/radio/radio_comm.o
                0x00010930                radio_comm_ReadData
 .text.radio_comm_WriteData
                0x00010968       0x38 ./src/radio/radio_comm.o
                0x00010968                radio_comm_WriteData
 .text.radio_comm_ClearCTS
                0x000109a0        0xc ./src/radio/radio_comm.o
                0x000109a0                radio_comm_ClearCTS
 .text.radio_comm_SendCmdGetResp
                0x000109ac       0x16 ./src/radio/radio_comm.o
                0x000109ac                radio_comm_SendCmdGetResp
 *fill*         0x000109c2        0x2 ff
 .text.radio_hal_AssertShutdown
                0x000109c4       0x14 ./src/radio/radio_hal.o
                0x000109c4                radio_hal_AssertShutdown
 .text.radio_hal_DeassertShutdown
                0x000109d8       0x14 ./src/radio/radio_hal.o
                0x000109d8                radio_hal_DeassertShutdown
 .text.radio_hal_ClearNsel
                0x000109ec        0x4 ./src/radio/radio_hal.o
                0x000109ec                radio_hal_ClearNsel
 .text.radio_hal_SetNsel
                0x000109f0        0x4 ./src/radio/radio_hal.o
                0x000109f0                radio_hal_SetNsel
 .text.radio_hal_NirqLevel
                0x000109f4       0x10 ./src/radio/radio_hal.o
                0x000109f4                radio_hal_NirqLevel
 .text.radio_hal_SpiWriteByte
                0x00010a04        0x4 ./src/radio/radio_hal.o
                0x00010a04                radio_hal_SpiWriteByte
 .text.radio_hal_SpiReadByte
                0x00010a08        0x6 ./src/radio/radio_hal.o
                0x00010a08                radio_hal_SpiReadByte
 .text.radio_hal_SpiWriteData
                0x00010a0e        0xa ./src/radio/radio_hal.o
                0x00010a0e                radio_hal_SpiWriteData
 .text.radio_hal_SpiReadData
                0x00010a18        0xa ./src/radio/radio_hal.o
                0x00010a18                radio_hal_SpiReadData
 .text.si446x_reset
                0x00010a22       0x1e ./src/radio/si446x_api_lib.o
                0x00010a22                si446x_reset
 .text.si446x_part_info
                0x00010a40       0x40 ./src/radio/si446x_api_lib.o
                0x00010a40                si446x_part_info
 .text.si446x_start_tx
                0x00010a80       0x24 ./src/radio/si446x_api_lib.o
                0x00010a80                si446x_start_tx
 .text.si446x_start_rx
                0x00010aa4       0x30 ./src/radio/si446x_api_lib.o
                0x00010aa4                si446x_start_rx
 .text.si446x_get_int_status
                0x00010ad4       0x48 ./src/radio/si446x_api_lib.o
                0x00010ad4                si446x_get_int_status
 .text.si446x_configuration_init
                0x00010b1c       0x68 ./src/radio/si446x_api_lib.o
                0x00010b1c                si446x_configuration_init
 .text.si446x_change_state
                0x00010b84       0x14 ./src/radio/si446x_api_lib.o
                0x00010b84                si446x_change_state
 .text.si446x_fifo_info
                0x00010b98       0x2c ./src/radio/si446x_api_lib.o
                0x00010b98                si446x_fifo_info
 .text.si446x_write_tx_fifo
                0x00010bc4        0xc ./src/radio/si446x_api_lib.o
                0x00010bc4                si446x_write_tx_fifo
 .text.si446x_read_rx_fifo
                0x00010bd0        0xc ./src/radio/si446x_api_lib.o
                0x00010bd0                si446x_read_rx_fifo
 .text.si446x_func_info
                0x00010bdc       0x38 ./src/radio/si446x_api_lib.o
                0x00010bdc                si446x_func_info
 .text.si446x_get_packet_info
                0x00010c14       0x38 ./src/radio/si446x_api_lib.o
                0x00010c14                si446x_get_packet_info
 .text.si446x_get_modem_status
                0x00010c4c       0x44 ./src/radio/si446x_api_lib.o
                0x00010c4c                si446x_get_modem_status
 .text.radio_pin_init
                0x00010c90       0x18 ./src/radio/skynet_radio.o
                0x00010c90                radio_pin_init
 .text.radio_set_irq
                0x00010ca8       0x20 ./src/radio/skynet_radio.o
                0x00010ca8                radio_set_irq
 .text.radio_init
                0x00010cc8       0xf0 ./src/radio/skynet_radio.o
                0x00010cc8                radio_init
 .text.radio_unset_irq
                0x00010db8       0x14 ./src/radio/skynet_radio.o
                0x00010db8                radio_unset_irq
 .text.radio_shutdown
                0x00010dcc       0x20 ./src/radio/skynet_radio.o
                0x00010dcc                radio_shutdown
 .text.radio_disable_irq
                0x00010dec        0x8 ./src/radio/skynet_radio.o
                0x00010dec                radio_disable_irq
 .text.radio_enable_irq
                0x00010df4        0x8 ./src/radio/skynet_radio.o
                0x00010df4                radio_enable_irq
 .text.radio_packet_handler
                0x00010dfc      0x118 ./src/radio/skynet_radio.o
                0x00010dfc                radio_packet_handler
 .text.si446x_set_property_lpc
                0x00010f14       0x54 ./src/radio/skynet_radio.o
                0x00010f14                si446x_set_property_lpc
 .text.radio_reset_packet_size
                0x00010f68       0x18 ./src/radio/skynet_radio.o
                0x00010f68                radio_reset_packet_size
 .text.radio_send_variable_packet
                0x00010f80      0x14c ./src/radio/skynet_radio.o
                0x00010f80                radio_send_variable_packet
 .text.charger_set_mode
                0x000110cc       0x44 ./src/periph/charger.o
                0x000110cc                charger_set_mode
 .text.charger_init
                0x00011110       0x70 ./src/periph/charger.o
                0x00011110                charger_init
 .text.charger_check_port
                0x00011180        0x6 ./src/periph/charger.o
                0x00011180                charger_check_port
 *fill*         0x00011186        0x2 ff
 .text.EINT2_IRQHandler
                0x00011188       0x2c ./src/periph/charger.o
                0x00011188                EINT2_IRQHandler
 .text.dcdc_set_powersave
                0x000111b4       0x18 ./src/periph/dcdc.o
                0x000111b4                dcdc_set_powersave
 .text.dcdc_init
                0x000111cc       0x14 ./src/periph/dcdc.o
                0x000111cc                dcdc_init
 .text.input_state
                0x000111e0       0x14 ./src/periph/input.o
                0x000111e0                input_state
 .text.input_pressed
                0x000111f4       0x20 ./src/periph/input.o
                0x000111f4                input_pressed
 .text.recheck_switch_state
                0x00011214      0x148 ./src/periph/input.o
                0x00011214                recheck_switch_state
 .text.EINT1_IRQHandler
                0x0001135c       0x50 ./src/periph/input.o
                0x0001135c                EINT1_IRQHandler
 .text.skynet_led
                0x000113ac       0x1c ./src/periph/led.o
                0x000113ac                skynet_led
 .text.skynet_led_init
                0x000113c8       0x14 ./src/periph/led.o
                0x000113c8                skynet_led_init
 .text.skynet_led_off
                0x000113dc        0x6 ./src/periph/led.o
                0x000113dc                skynet_led_off
 *fill*         0x000113e2        0x2 ff
 .text.skynet_led_blink_passive
                0x000113e4       0x1c ./src/periph/led.o
                0x000113e4                skynet_led_blink_passive
 .text.skynet_led_blink_active
                0x00011400       0x1a ./src/periph/led.o
                0x00011400                skynet_led_blink_active
 *fill*         0x0001141a        0x2 ff
 .text.events_init
                0x0001141c       0x20 ./src/misc/event_queue.o
                0x0001141c                events_init
 .text.events_enqueue
                0x0001143c       0x1c ./src/misc/event_queue.o
                0x0001143c                events_enqueue
 .text.events_dequeue
                0x00011458       0x20 ./src/misc/event_queue.o
                0x00011458                events_dequeue
 .text.channel_idle
                0x00011478       0x28 ./src/mac/mac.o
                0x00011478                channel_idle
 .text.mac_transmit_data
                0x000114a0       0x7c ./src/mac/mac.o
                0x000114a0                mac_transmit_data
 .text.mac_transmit_packet
                0x0001151c       0x74 ./src/mac/mac.o
                0x0001151c                mac_transmit_packet
 .text.mac_frame_data_estimate_size
                0x00011590        0x8 ./src/mac/mac_frame_data.o
                0x00011590                mac_frame_data_estimate_size
 .text.mac_frame_data_init
                0x00011598       0x26 ./src/mac/mac_frame_data.o
                0x00011598                mac_frame_data_init
 .text.mac_frame_data_pack
                0x000115be       0xa4 ./src/mac/mac_frame_data.o
                0x000115be                mac_frame_data_pack
 *fill*         0x00011662        0x2 ff
 .text.EINT3_IRQHandler
                0x00011664       0x38 ./src/gpio/gpio_irq.o
                0x00011664                EINT3_IRQHandler
 .text.enable_gpio_irq
                0x0001169c       0x50 ./src/gpio/gpio_irq.o
                0x0001169c                enable_gpio_irq
 .text.disable_gpio_irq
                0x000116ec       0x54 ./src/gpio/gpio_irq.o
                0x000116ec                disable_gpio_irq
 .text.NVIC_SystemReset
                0x00011740       0x20 ./src/cpu/cpu.o
 .text.cpu_set_speed
                0x00011760       0x38 ./src/cpu/cpu.o
                0x00011760                cpu_set_speed
 .text.cpu_sleep
                0x00011798        0xc ./src/cpu/cpu.o
                0x00011798                cpu_sleep
 .text.cpu_reset
                0x000117a4       0x10 ./src/cpu/cpu.o
                0x000117a4                cpu_reset
 .text.cpu_enter_iap_mode
                0x000117b4       0x10 ./src/cpu/cpu.o
                0x000117b4                cpu_enter_iap_mode
 .text.rtc_init
                0x000117c4       0x54 ./src/cpu/rtc.o
                0x000117c4                rtc_init
 .text.RTC_IRQHandler
                0x00011818       0x3c ./src/cpu/rtc.o
                0x00011818                RTC_IRQHandler
 .text.msDelayCallback
                0x00011854        0xc ./src/cpu/systick.o
                0x00011854                msDelayCallback
 .text.SysTick_Handler
                0x00011860       0x50 ./src/cpu/systick.o
                0x00011860                SysTick_Handler
 .text.msDelayActive
                0x000118b0       0x1a ./src/cpu/systick.o
                0x000118b0                msDelayActive
 *fill*         0x000118ca        0x2 ff
 .text.enable_systick
                0x000118cc       0x3c ./src/cpu/systick.o
                0x000118cc                enable_systick
 .text.register_delayed_event
                0x00011908       0x34 ./src/cpu/systick.o
                0x00011908                register_delayed_event
 .text.msDelay  0x0001193c       0x28 ./src/cpu/systick.o
                0x0001193c                msDelay
 .text.debug_send_usb
                0x00011964       0x1c ./src/main.o
                0x00011964                debug_send_usb
 .text.skynet_received_packet
                0x00011980       0x4c ./src/main.o
                0x00011980                skynet_received_packet
 .text.skynet_cdc_received_message
                0x000119cc       0x48 ./src/main.o
                0x000119cc                skynet_cdc_received_message
 .text.startup.main
                0x00011a14      0x1b8 ./src/main.o
                0x00011a14                main
 .text.Board_SetupMuxing
                0x00011bcc      0x260 ./src/sysinit.o
                0x00011bcc                Board_SetupMuxing
 .text.SystemSetupClocking
                0x00011e2c       0x7c ./src/sysinit.o
                0x00011e2c                SystemSetupClocking
 .text.SystemInit
                0x00011ea8       0x58 ./src/sysinit.o
                0x00011ea8                SystemInit
 .text.SystemCoreClockUpdate
                0x00011f00       0x10 /home/michi/projects/LPCXpresso/lpc_chip_175x_6x/Release/liblpc_chip_175x_6x.a(chip_17xx_40xx.o)
                0x00011f00                SystemCoreClockUpdate
 .text.Chip_USB_Init
                0x00011f10       0x40 /home/michi/projects/LPCXpresso/lpc_chip_175x_6x/Release/liblpc_chip_175x_6x.a(chip_17xx_40xx.o)
                0x00011f10                Chip_USB_Init
 .text.Chip_Clock_EnablePLL
                0x00011f50       0x24 /home/michi/projects/LPCXpresso/lpc_chip_175x_6x/Release/liblpc_chip_175x_6x.a(clock_17xx_40xx.o)
                0x00011f50                Chip_Clock_EnablePLL
 .text.Chip_Clock_DisablePLL
                0x00011f74       0x28 /home/michi/projects/LPCXpresso/lpc_chip_175x_6x/Release/liblpc_chip_175x_6x.a(clock_17xx_40xx.o)
                0x00011f74                Chip_Clock_DisablePLL
 .text.Chip_Clock_SetupPLL
                0x00011f9c       0x30 /home/michi/projects/LPCXpresso/lpc_chip_175x_6x/Release/liblpc_chip_175x_6x.a(clock_17xx_40xx.o)
                0x00011f9c                Chip_Clock_SetupPLL
 .text.Chip_Clock_EnablePeriphClock
                0x00011fcc       0x18 /home/michi/projects/LPCXpresso/lpc_chip_175x_6x/Release/liblpc_chip_175x_6x.a(clock_17xx_40xx.o)
                0x00011fcc                Chip_Clock_EnablePeriphClock
 .text.Chip_Clock_DisablePeriphClock
                0x00011fe4       0x1c /home/michi/projects/LPCXpresso/lpc_chip_175x_6x/Release/liblpc_chip_175x_6x.a(clock_17xx_40xx.o)
                0x00011fe4                Chip_Clock_DisablePeriphClock
 .text.Chip_Clock_SetCPUClockSource
                0x00012000       0x14 /home/michi/projects/LPCXpresso/lpc_chip_175x_6x/Release/liblpc_chip_175x_6x.a(clock_17xx_40xx.o)
                0x00012000                Chip_Clock_SetCPUClockSource
 .text.Chip_Clock_GetCPUClockSource
                0x00012014       0x10 /home/michi/projects/LPCXpresso/lpc_chip_175x_6x/Release/liblpc_chip_175x_6x.a(clock_17xx_40xx.o)
                0x00012014                Chip_Clock_GetCPUClockSource
 .text.Chip_Clock_SetCPUClockDiv
                0x00012024        0xc /home/michi/projects/LPCXpresso/lpc_chip_175x_6x/Release/liblpc_chip_175x_6x.a(clock_17xx_40xx.o)
                0x00012024                Chip_Clock_SetCPUClockDiv
 .text.Chip_Clock_GetCPUClockDiv
                0x00012030       0x10 /home/michi/projects/LPCXpresso/lpc_chip_175x_6x/Release/liblpc_chip_175x_6x.a(clock_17xx_40xx.o)
                0x00012030                Chip_Clock_GetCPUClockDiv
 .text.Chip_Clock_SetUSBClockDiv
                0x00012040       0x18 /home/michi/projects/LPCXpresso/lpc_chip_175x_6x/Release/liblpc_chip_175x_6x.a(clock_17xx_40xx.o)
                0x00012040                Chip_Clock_SetUSBClockDiv
 .text.Chip_Clock_GetPCLKDiv
                0x00012058       0x38 /home/michi/projects/LPCXpresso/lpc_chip_175x_6x/Release/liblpc_chip_175x_6x.a(clock_17xx_40xx.o)
                0x00012058                Chip_Clock_GetPCLKDiv
 .text.Chip_Clock_GetSYSCLKRate
                0x00012090       0x38 /home/michi/projects/LPCXpresso/lpc_chip_175x_6x/Release/liblpc_chip_175x_6x.a(clock_17xx_40xx.o)
                0x00012090                Chip_Clock_GetSYSCLKRate
 .text.Chip_Clock_GetMainPLLOutClockRate
                0x000120c8       0x34 /home/michi/projects/LPCXpresso/lpc_chip_175x_6x/Release/liblpc_chip_175x_6x.a(clock_17xx_40xx.o)
                0x000120c8                Chip_Clock_GetMainPLLOutClockRate
 .text.Chip_Clock_GetMainClockRate
                0x000120fc       0x20 /home/michi/projects/LPCXpresso/lpc_chip_175x_6x/Release/liblpc_chip_175x_6x.a(clock_17xx_40xx.o)
                0x000120fc                Chip_Clock_GetMainClockRate
 .text.Chip_Clock_GetSystemClockRate
                0x0001211c       0x12 /home/michi/projects/LPCXpresso/lpc_chip_175x_6x/Release/liblpc_chip_175x_6x.a(clock_17xx_40xx.o)
                0x0001211c                Chip_Clock_GetSystemClockRate
 .text.Chip_Clock_GetPeripheralClockRate
                0x0001212e       0x16 /home/michi/projects/LPCXpresso/lpc_chip_175x_6x/Release/liblpc_chip_175x_6x.a(clock_17xx_40xx.o)
                0x0001212e                Chip_Clock_GetPeripheralClockRate
 .text.Chip_IOCON_PinMux
                0x00012144       0x38 /home/michi/projects/LPCXpresso/lpc_chip_175x_6x/Release/liblpc_chip_175x_6x.a(iocon_17xx_40xx.o)
                0x00012144                Chip_IOCON_PinMux
 .text.Chip_IOCON_PinMuxSet
                0x0001217c       0x12 /home/michi/projects/LPCXpresso/lpc_chip_175x_6x/Release/liblpc_chip_175x_6x.a(iocon_17xx_40xx.o)
                0x0001217c                Chip_IOCON_PinMuxSet
 .text.Chip_IOCON_SetPinMuxing
                0x0001218e       0x2e /home/michi/projects/LPCXpresso/lpc_chip_175x_6x/Release/liblpc_chip_175x_6x.a(iocon_17xx_40xx.o)
                0x0001218e                Chip_IOCON_SetPinMuxing
 .text.Chip_PMU_SleepState
                0x000121bc       0x1c /home/michi/projects/LPCXpresso/lpc_chip_175x_6x/Release/liblpc_chip_175x_6x.a(pmu_17xx_40xx.o)
                0x000121bc                Chip_PMU_SleepState
 .text.RingBuffer_Init
                0x000121d8       0x10 /home/michi/projects/LPCXpresso/lpc_chip_175x_6x/Release/liblpc_chip_175x_6x.a(ring_buffer.o)
                0x000121d8                RingBuffer_Init
 .text.RingBuffer_Insert
                0x000121e8       0x32 /home/michi/projects/LPCXpresso/lpc_chip_175x_6x/Release/liblpc_chip_175x_6x.a(ring_buffer.o)
                0x000121e8                RingBuffer_Insert
 .text.RingBuffer_Pop
                0x0001221a       0x30 /home/michi/projects/LPCXpresso/lpc_chip_175x_6x/Release/liblpc_chip_175x_6x.a(ring_buffer.o)
                0x0001221a                RingBuffer_Pop
 .text.Chip_RTC_ResetClockTickCounter
                0x0001224a       0x1e /home/michi/projects/LPCXpresso/lpc_chip_175x_6x/Release/liblpc_chip_175x_6x.a(rtc_17xx_40xx.o)
                0x0001224a                Chip_RTC_ResetClockTickCounter
 .text.Chip_RTC_Init
                0x00012268       0x34 /home/michi/projects/LPCXpresso/lpc_chip_175x_6x/Release/liblpc_chip_175x_6x.a(rtc_17xx_40xx.o)
                0x00012268                Chip_RTC_Init
 .text.Chip_RTC_Enable
                0x0001229c       0x1e /home/michi/projects/LPCXpresso/lpc_chip_175x_6x/Release/liblpc_chip_175x_6x.a(rtc_17xx_40xx.o)
                0x0001229c                Chip_RTC_Enable
 .text.Chip_RTC_CntIncrIntConfig
                0x000122ba       0x1c /home/michi/projects/LPCXpresso/lpc_chip_175x_6x/Release/liblpc_chip_175x_6x.a(rtc_17xx_40xx.o)
                0x000122ba                Chip_RTC_CntIncrIntConfig
 .text.Chip_RTC_SetFullTime
                0x000122d6       0x26 /home/michi/projects/LPCXpresso/lpc_chip_175x_6x/Release/liblpc_chip_175x_6x.a(rtc_17xx_40xx.o)
                0x000122d6                Chip_RTC_SetFullTime
 .text.Chip_RTC_GetFullTime
                0x000122fc       0x28 /home/michi/projects/LPCXpresso/lpc_chip_175x_6x/Release/liblpc_chip_175x_6x.a(rtc_17xx_40xx.o)
                0x000122fc                Chip_RTC_GetFullTime
 .text.Chip_SPI_SetBitRate
                0x00012324       0x26 /home/michi/projects/LPCXpresso/lpc_chip_175x_6x/Release/liblpc_chip_175x_6x.a(spi_17xx_40xx.o)
                0x00012324                Chip_SPI_SetBitRate
 *fill*         0x0001234a        0x2 ff
 .text.Chip_SPI_Init
                0x0001234c       0x38 /home/michi/projects/LPCXpresso/lpc_chip_175x_6x/Release/liblpc_chip_175x_6x.a(spi_17xx_40xx.o)
                0x0001234c                Chip_SPI_Init
 .text.Chip_SPI_DeInit
                0x00012384        0x6 /home/michi/projects/LPCXpresso/lpc_chip_175x_6x/Release/liblpc_chip_175x_6x.a(spi_17xx_40xx.o)
                0x00012384                Chip_SPI_DeInit
 *fill*         0x0001238a        0x2 ff
 .text.StopWatch_Init
                0x0001238c       0x4c /home/michi/projects/LPCXpresso/lpc_chip_175x_6x/Release/liblpc_chip_175x_6x.a(stopwatch_17xx_40xx.o)
                0x0001238c                StopWatch_Init
 .text.StopWatch_Start
                0x000123d8        0xc /home/michi/projects/LPCXpresso/lpc_chip_175x_6x/Release/liblpc_chip_175x_6x.a(stopwatch_17xx_40xx.o)
                0x000123d8                StopWatch_Start
 .text.StopWatch_MsToTicks
                0x000123e4        0xc /home/michi/projects/LPCXpresso/lpc_chip_175x_6x/Release/liblpc_chip_175x_6x.a(stopwatch_17xx_40xx.o)
                0x000123e4                StopWatch_MsToTicks
 .text.Chip_TIMER_Init
                0x000123f0       0x2c /home/michi/projects/LPCXpresso/lpc_chip_175x_6x/Release/liblpc_chip_175x_6x.a(timer_17xx_40xx.o)
                0x000123f0                Chip_TIMER_Init
 .text.EPAdr    0x0001241c       0x10 /home/michi/projects/LPCXpresso/lpc_chip_175x_6x/libs/libusbd_175x_6x_lib.a(hw_usbd_ip3503.o)
                0x0001241c                EPAdr
 .text.hwWrCmd  0x0001242c       0x10 /home/michi/projects/LPCXpresso/lpc_chip_175x_6x/libs/libusbd_175x_6x_lib.a(hw_usbd_ip3503.o)
                0x0001242c                hwWrCmd
 .text.hwWrCmdDat
                0x0001243c       0x16 /home/michi/projects/LPCXpresso/lpc_chip_175x_6x/libs/libusbd_175x_6x_lib.a(hw_usbd_ip3503.o)
                0x0001243c                hwWrCmdDat
 .text.hwWrCmdEP
                0x00012452       0x24 /home/michi/projects/LPCXpresso/lpc_chip_175x_6x/libs/libusbd_175x_6x_lib.a(hw_usbd_ip3503.o)
                0x00012452                hwWrCmdEP
 .text.hwRdCmdDat
                0x00012476       0x12 /home/michi/projects/LPCXpresso/lpc_chip_175x_6x/libs/libusbd_175x_6x_lib.a(hw_usbd_ip3503.o)
                0x00012476                hwRdCmdDat
 .text.hwUSB_GetMemSize
                0x00012488        0x6 /home/michi/projects/LPCXpresso/lpc_chip_175x_6x/libs/libusbd_175x_6x_lib.a(hw_usbd_ip3503.o)
                0x00012488                hwUSB_GetMemSize
 *fill*         0x0001248e        0x2 ff
 .text.hwUSB_Connect
                0x00012490       0x1c /home/michi/projects/LPCXpresso/lpc_chip_175x_6x/libs/libusbd_175x_6x_lib.a(hw_usbd_ip3503.o)
                0x00012490                hwUSB_Connect
 .text.hwUSB_Reset
                0x000124ac       0x30 /home/michi/projects/LPCXpresso/lpc_chip_175x_6x/libs/libusbd_175x_6x_lib.a(hw_usbd_ip3503.o)
                0x000124ac                hwUSB_Reset
 .text.hwUSB_WakeUp
                0x000124dc       0x20 /home/michi/projects/LPCXpresso/lpc_chip_175x_6x/libs/libusbd_175x_6x_lib.a(hw_usbd_ip3503.o)
                0x000124dc                hwUSB_WakeUp
 .text.hwUSB_WakeUpCfg
                0x000124fc        0x2 /home/michi/projects/LPCXpresso/lpc_chip_175x_6x/libs/libusbd_175x_6x_lib.a(hw_usbd_ip3503.o)
                0x000124fc                hwUSB_WakeUpCfg
 *fill*         0x000124fe        0x2 ff
 .text.hwUSB_SetAddress
                0x00012500       0x30 /home/michi/projects/LPCXpresso/lpc_chip_175x_6x/libs/libusbd_175x_6x_lib.a(hw_usbd_ip3503.o)
                0x00012500                hwUSB_SetAddress
 .text.hwUSB_Init
                0x00012530       0x84 /home/michi/projects/LPCXpresso/lpc_chip_175x_6x/libs/libusbd_175x_6x_lib.a(hw_usbd_ip3503.o)
                0x00012530                hwUSB_Init
 .text.hwUSB_Configure
                0x000125b4       0x34 /home/michi/projects/LPCXpresso/lpc_chip_175x_6x/libs/libusbd_175x_6x_lib.a(hw_usbd_ip3503.o)
                0x000125b4                hwUSB_Configure
 .text.hwUSB_ConfigEP
                0x000125e8       0x32 /home/michi/projects/LPCXpresso/lpc_chip_175x_6x/libs/libusbd_175x_6x_lib.a(hw_usbd_ip3503.o)
                0x000125e8                hwUSB_ConfigEP
 .text.hwUSB_DirCtrlEP
                0x0001261a        0x2 /home/michi/projects/LPCXpresso/lpc_chip_175x_6x/libs/libusbd_175x_6x_lib.a(hw_usbd_ip3503.o)
                0x0001261a                hwUSB_DirCtrlEP
 .text.hwUSB_EnableEP
                0x0001261c       0x24 /home/michi/projects/LPCXpresso/lpc_chip_175x_6x/libs/libusbd_175x_6x_lib.a(hw_usbd_ip3503.o)
                0x0001261c                hwUSB_EnableEP
 .text.hwUSB_DisableEP
                0x00012640       0x28 /home/michi/projects/LPCXpresso/lpc_chip_175x_6x/libs/libusbd_175x_6x_lib.a(hw_usbd_ip3503.o)
                0x00012640                hwUSB_DisableEP
 .text.hwUSB_ResetEP
                0x00012668       0x24 /home/michi/projects/LPCXpresso/lpc_chip_175x_6x/libs/libusbd_175x_6x_lib.a(hw_usbd_ip3503.o)
                0x00012668                hwUSB_ResetEP
 .text.hwUSB_SetStallEP
                0x0001268c       0x28 /home/michi/projects/LPCXpresso/lpc_chip_175x_6x/libs/libusbd_175x_6x_lib.a(hw_usbd_ip3503.o)
                0x0001268c                hwUSB_SetStallEP
 .text.hwUSB_ClrStallEP
                0x000126b4       0x24 /home/michi/projects/LPCXpresso/lpc_chip_175x_6x/libs/libusbd_175x_6x_lib.a(hw_usbd_ip3503.o)
                0x000126b4                hwUSB_ClrStallEP
 .text.hwUSB_EnableEvent
                0x000126d8       0xd8 /home/michi/projects/LPCXpresso/lpc_chip_175x_6x/libs/libusbd_175x_6x_lib.a(hw_usbd_ip3503.o)
                0x000126d8                hwUSB_EnableEvent
 .text.hwUSB_ReadEP
                0x000127b0       0x80 /home/michi/projects/LPCXpresso/lpc_chip_175x_6x/libs/libusbd_175x_6x_lib.a(hw_usbd_ip3503.o)
                0x000127b0                hwUSB_ReadEP
 .text.hwUSB_ForceFullSpeed
                0x00012830        0x2 /home/michi/projects/LPCXpresso/lpc_chip_175x_6x/libs/libusbd_175x_6x_lib.a(hw_usbd_ip3503.o)
                0x00012830                hwUSB_ForceFullSpeed
 .text.hwUSB_SetTestMode
                0x00012832        0x4 /home/michi/projects/LPCXpresso/lpc_chip_175x_6x/libs/libusbd_175x_6x_lib.a(hw_usbd_ip3503.o)
                0x00012832                hwUSB_SetTestMode
 .text.hwUSB_ReadReqEP
                0x00012836        0x4 /home/michi/projects/LPCXpresso/lpc_chip_175x_6x/libs/libusbd_175x_6x_lib.a(hw_usbd_ip3503.o)
                0x00012836                hwUSB_ReadReqEP
 .text.hwUSB_ReadSetupPkt
                0x0001283a        0x4 /home/michi/projects/LPCXpresso/lpc_chip_175x_6x/libs/libusbd_175x_6x_lib.a(hw_usbd_ip3503.o)
                0x0001283a                hwUSB_ReadSetupPkt
 *fill*         0x0001283e        0x2 ff
 .text.hwUSB_WriteEP
                0x00012840       0x44 /home/michi/projects/LPCXpresso/lpc_chip_175x_6x/libs/libusbd_175x_6x_lib.a(hw_usbd_ip3503.o)
                0x00012840                hwUSB_WriteEP
 .text.hwUSB_ISR
                0x00012884      0x1a0 /home/michi/projects/LPCXpresso/lpc_chip_175x_6x/libs/libusbd_175x_6x_lib.a(hw_usbd_ip3503.o)
                0x00012884                hwUSB_ISR
 .text.mwCDC_SetRequest
                0x00012a24       0x7c /home/michi/projects/LPCXpresso/lpc_chip_175x_6x/libs/libusbd_175x_6x_lib.a(mw_usbd_cdcuser.o)
                0x00012a24                mwCDC_SetRequest
 .text.mwCDC_ep0_hdlr
                0x00012aa0       0xb0 /home/michi/projects/LPCXpresso/lpc_chip_175x_6x/libs/libusbd_175x_6x_lib.a(mw_usbd_cdcuser.o)
                0x00012aa0                mwCDC_ep0_hdlr
 .text.mwCDC_GetRequest
                0x00012b50       0x50 /home/michi/projects/LPCXpresso/lpc_chip_175x_6x/libs/libusbd_175x_6x_lib.a(mw_usbd_cdcuser.o)
                0x00012b50                mwCDC_GetRequest
 .text.mwCDC_SendNotification
                0x00012ba0       0x50 /home/michi/projects/LPCXpresso/lpc_chip_175x_6x/libs/libusbd_175x_6x_lib.a(mw_usbd_cdcuser.o)
                0x00012ba0                mwCDC_SendNotification
 .text.mwCDC_GetMemSize
                0x00012bf0        0x4 /home/michi/projects/LPCXpresso/lpc_chip_175x_6x/libs/libusbd_175x_6x_lib.a(mw_usbd_cdcuser.o)
                0x00012bf0                mwCDC_GetMemSize
 .text.mwCDC_init
                0x00012bf4      0x140 /home/michi/projects/LPCXpresso/lpc_chip_175x_6x/libs/libusbd_175x_6x_lib.a(mw_usbd_cdcuser.o)
                0x00012bf4                mwCDC_init
 .text.USB_ReqGetConfiguration
                0x00012d34       0x20 /home/michi/projects/LPCXpresso/lpc_chip_175x_6x/libs/libusbd_175x_6x_lib.a(mw_usbd_core.o)
                0x00012d34                USB_ReqGetConfiguration
 .text.USBD_virt_to_phys
                0x00012d54        0x2 /home/michi/projects/LPCXpresso/lpc_chip_175x_6x/libs/libusbd_175x_6x_lib.a(mw_usbd_core.o)
                0x00012d54                USBD_virt_to_phys
 .text.USBD_cache_flush
                0x00012d56        0x2 /home/michi/projects/LPCXpresso/lpc_chip_175x_6x/libs/libusbd_175x_6x_lib.a(mw_usbd_core.o)
                0x00012d56                USBD_cache_flush
 .text.USB_ReqGetStatus
                0x00012d58       0x8c /home/michi/projects/LPCXpresso/lpc_chip_175x_6x/libs/libusbd_175x_6x_lib.a(mw_usbd_core.o)
                0x00012d58                USB_ReqGetStatus
 .text.USB_ReqGetDescriptor
                0x00012de4       0x84 /home/michi/projects/LPCXpresso/lpc_chip_175x_6x/libs/libusbd_175x_6x_lib.a(mw_usbd_core.o)
                0x00012de4                USB_ReqGetDescriptor
 .text.USB_ReqGetInterface
                0x00012e68       0x34 /home/michi/projects/LPCXpresso/lpc_chip_175x_6x/libs/libusbd_175x_6x_lib.a(mw_usbd_core.o)
                0x00012e68                USB_ReqGetInterface
 .text.USB_ReqSetClrFeature
                0x00012e9c       0xb4 /home/michi/projects/LPCXpresso/lpc_chip_175x_6x/libs/libusbd_175x_6x_lib.a(mw_usbd_core.o)
                0x00012e9c                USB_ReqSetClrFeature
 .text.USB_ReqSetConfiguration
                0x00012f50      0x194 /home/michi/projects/LPCXpresso/lpc_chip_175x_6x/libs/libusbd_175x_6x_lib.a(mw_usbd_core.o)
                0x00012f50                USB_ReqSetConfiguration
 .text.USB_ReqSetInterface
                0x000130e4      0x144 /home/michi/projects/LPCXpresso/lpc_chip_175x_6x/libs/libusbd_175x_6x_lib.a(mw_usbd_core.o)
                0x000130e4                USB_ReqSetInterface
 .text.mwUSB_SetupStage
                0x00013228        0xa /home/michi/projects/LPCXpresso/lpc_chip_175x_6x/libs/libusbd_175x_6x_lib.a(mw_usbd_core.o)
                0x00013228                mwUSB_SetupStage
 .text.mwUSB_DataInStage
                0x00013232       0x2e /home/michi/projects/LPCXpresso/lpc_chip_175x_6x/libs/libusbd_175x_6x_lib.a(mw_usbd_core.o)
                0x00013232                mwUSB_DataInStage
 .text.mwUSB_DataOutStage
                0x00013260       0x24 /home/michi/projects/LPCXpresso/lpc_chip_175x_6x/libs/libusbd_175x_6x_lib.a(mw_usbd_core.o)
                0x00013260                mwUSB_DataOutStage
 .text.mwUSB_StatusInStage
                0x00013284        0xa /home/michi/projects/LPCXpresso/lpc_chip_175x_6x/libs/libusbd_175x_6x_lib.a(mw_usbd_core.o)
                0x00013284                mwUSB_StatusInStage
 .text.mwUSB_StatusOutStage
                0x0001328e        0xa /home/michi/projects/LPCXpresso/lpc_chip_175x_6x/libs/libusbd_175x_6x_lib.a(mw_usbd_core.o)
                0x0001328e                mwUSB_StatusOutStage
 .text.mwUSB_StallEp0
                0x00013298       0x12 /home/michi/projects/LPCXpresso/lpc_chip_175x_6x/libs/libusbd_175x_6x_lib.a(mw_usbd_core.o)
                0x00013298                mwUSB_StallEp0
 *fill*         0x000132aa        0x2 ff
 .text.USB_ReqSetAddress
                0x000132ac       0x24 /home/michi/projects/LPCXpresso/lpc_chip_175x_6x/libs/libusbd_175x_6x_lib.a(mw_usbd_core.o)
                0x000132ac                USB_ReqSetAddress
 .text.USB_InvokeEp0Hdlrs
                0x000132d0       0x44 /home/michi/projects/LPCXpresso/lpc_chip_175x_6x/libs/libusbd_175x_6x_lib.a(mw_usbd_core.o)
                0x000132d0                USB_InvokeEp0Hdlrs
 .text.mwUSB_ResetCore
                0x00013314       0x26 /home/michi/projects/LPCXpresso/lpc_chip_175x_6x/libs/libusbd_175x_6x_lib.a(mw_usbd_core.o)
                0x00013314                mwUSB_ResetCore
 *fill*         0x0001333a        0x2 ff
 .text.USB_EvtSetupHandler
                0x0001333c      0x108 /home/michi/projects/LPCXpresso/lpc_chip_175x_6x/libs/libusbd_175x_6x_lib.a(mw_usbd_core.o)
                0x0001333c                USB_EvtSetupHandler
 .text.USB_EvtOutHandler
                0x00013444       0x68 /home/michi/projects/LPCXpresso/lpc_chip_175x_6x/libs/libusbd_175x_6x_lib.a(mw_usbd_core.o)
                0x00013444                USB_EvtOutHandler
 .text.USB_EndPoint0
                0x000134ac       0x94 /home/michi/projects/LPCXpresso/lpc_chip_175x_6x/libs/libusbd_175x_6x_lib.a(mw_usbd_core.o)
                0x000134ac                USB_EndPoint0
 .text.mwUSB_InitCore
                0x00013540       0xdc /home/michi/projects/LPCXpresso/lpc_chip_175x_6x/libs/libusbd_175x_6x_lib.a(mw_usbd_core.o)
                0x00013540                mwUSB_InitCore
 .text.mwUSB_RegisterClassHandler
                0x0001361c       0x28 /home/michi/projects/LPCXpresso/lpc_chip_175x_6x/libs/libusbd_175x_6x_lib.a(mw_usbd_core.o)
                0x0001361c                mwUSB_RegisterClassHandler
 .text.mwUSB_RegisterEpHandler
                0x00013644       0x24 /home/michi/projects/LPCXpresso/lpc_chip_175x_6x/libs/libusbd_175x_6x_lib.a(mw_usbd_core.o)
                0x00013644                mwUSB_RegisterEpHandler
 .text.__main   0x00013668       0x14 /usr/local/lpcxpresso_8.1.4_606/lpcxpresso/tools/bin/../lib/gcc/arm-none-eabi/5.2.1/../../../../arm-none-eabi/lib/armv7-m/libcr_nohost.a(_cr__main.o)
                0x00013668                __main
 .text.memcpy   0x0001367c        0x4 /usr/local/lpcxpresso_8.1.4_606/lpcxpresso/tools/bin/../lib/gcc/arm-none-eabi/5.2.1/../../../../arm-none-eabi/lib/armv7-m/libcr_c.a(memcpy.o)
                0x0001367c                memcpy
 .text.memset   0x00013680        0x4 /usr/local/lpcxpresso_8.1.4_606/lpcxpresso/tools/bin/../lib/gcc/arm-none-eabi/5.2.1/../../../../arm-none-eabi/lib/armv7-m/libcr_c.a(memset.o)
                0x00013680                memset
 .text.malloc   0x00013684       0xc8 /usr/local/lpcxpresso_8.1.4_606/lpcxpresso/tools/bin/../lib/gcc/arm-none-eabi/5.2.1/../../../../arm-none-eabi/lib/armv7-m/libcr_c.a(alloc.o)
                0x00013684                malloc
 .text.free     0x0001374c       0x30 /usr/local/lpcxpresso_8.1.4_606/lpcxpresso/tools/bin/../lib/gcc/arm-none-eabi/5.2.1/../../../../arm-none-eabi/lib/armv7-m/libcr_c.a(alloc.o)
                0x0001374c                free
 .text._Csys_alloc
                0x0001377c       0x20 /usr/local/lpcxpresso_8.1.4_606/lpcxpresso/tools/bin/../lib/gcc/arm-none-eabi/5.2.1/../../../../arm-none-eabi/lib/armv7-m/libcr_c.a(alloc.o)
                0x0001377c                _Csys_alloc
 .text.fp_round
                0x0001379c       0x4c /usr/local/lpcxpresso_8.1.4_606/lpcxpresso/tools/bin/../lib/gcc/arm-none-eabi/5.2.1/../../../../arm-none-eabi/lib/armv7-m/libcr_c.a(fpprintf.o)
 .text.pr_dec.constprop.1
                0x000137e8       0x26 /usr/local/lpcxpresso_8.1.4_606/lpcxpresso/tools/bin/../lib/gcc/arm-none-eabi/5.2.1/../../../../arm-none-eabi/lib/armv7-m/libcr_c.a(fpprintf.o)
 *fill*         0x0001380e        0x2 ff
 .text.sprintf  0x00013810       0x6c /usr/local/lpcxpresso_8.1.4_606/lpcxpresso/tools/bin/../lib/gcc/arm-none-eabi/5.2.1/../../../../arm-none-eabi/lib/armv7-m/libcr_c.a(fpprintf.o)
                0x00013810                sprintf
 *fill*         0x0001387c        0x4 ff
 .text.fp_display
                0x00013880      0x8ec /usr/local/lpcxpresso_8.1.4_606/lpcxpresso/tools/bin/../lib/gcc/arm-none-eabi/5.2.1/../../../../arm-none-eabi/lib/armv7-m/libcr_c.a(fpprintf.o)
 .text.vsnprintf
                0x0001416c       0x5c /usr/local/lpcxpresso_8.1.4_606/lpcxpresso/tools/bin/../lib/gcc/arm-none-eabi/5.2.1/../../../../arm-none-eabi/lib/armv7-m/libcr_c.a(fpprintf.o)
                0x0001416c                vsnprintf
 .text._initio  0x000141c8       0xa4 /usr/local/lpcxpresso_8.1.4_606/lpcxpresso/tools/bin/../lib/gcc/arm-none-eabi/5.2.1/../../../../arm-none-eabi/lib/armv7-m/libcr_c.a(initio.o)
                0x000141c8                _initio
 .text.__vfprintf
                0x0001426c      0xd28 /usr/local/lpcxpresso_8.1.4_606/lpcxpresso/tools/bin/../lib/gcc/arm-none-eabi/5.2.1/../../../../arm-none-eabi/lib/armv7-m/libcr_c.a(printf.o)
                0x0001426c                __vfprintf
 .text.setvbuf  0x00014f94       0x40 /usr/local/lpcxpresso_8.1.4_606/lpcxpresso/tools/bin/../lib/gcc/arm-none-eabi/5.2.1/../../../../arm-none-eabi/lib/armv7-m/libcr_c.a(setvbuf.o)
                0x00014f94                setvbuf
 .text.rand     0x00014fd4       0x3c /usr/local/lpcxpresso_8.1.4_606/lpcxpresso/tools/bin/../lib/gcc/arm-none-eabi/5.2.1/../../../../arm-none-eabi/lib/armv7-m/libcr_c.a(stdlib.o)
                0x00014fd4                rand
 .text.srand    0x00015010       0x40 /usr/local/lpcxpresso_8.1.4_606/lpcxpresso/tools/bin/../lib/gcc/arm-none-eabi/5.2.1/../../../../arm-none-eabi/lib/armv7-m/libcr_c.a(stdlib.o)
                0x00015010                srand
 .text.strlen   0x00015050       0x4a /usr/local/lpcxpresso_8.1.4_606/lpcxpresso/tools/bin/../lib/gcc/arm-none-eabi/5.2.1/../../../../arm-none-eabi/lib/armv7-m/libcr_c.a(strlen.o)
                0x00015050                strlen
 *fill*         0x0001509a        0x2 ff
 .text._sbrk    0x0001509c       0x40 /usr/local/lpcxpresso_8.1.4_606/lpcxpresso/tools/bin/../lib/gcc/arm-none-eabi/5.2.1/../../../../arm-none-eabi/lib/armv7-m/libcr_c.a(_cr_sbrk.o)
                0x0001509c                _sbrk
 .text._deferredlazyseek
                0x000150dc       0x44 /usr/local/lpcxpresso_8.1.4_606/lpcxpresso/tools/bin/../lib/gcc/arm-none-eabi/5.2.1/../../../../arm-none-eabi/lib/armv7-m/libcr_c.a(_deferredlazyseek.o)
                0x000150dc                _deferredlazyseek
 .text.__flsbuf
                0x00015120      0x140 /usr/local/lpcxpresso_8.1.4_606/lpcxpresso/tools/bin/../lib/gcc/arm-none-eabi/5.2.1/../../../../arm-none-eabi/lib/armv7-m/libcr_c.a(_deferredlazyseek.o)
                0x00015120                __flsbuf
 .text._fdopen  0x00015260       0x6a /usr/local/lpcxpresso_8.1.4_606/lpcxpresso/tools/bin/../lib/gcc/arm-none-eabi/5.2.1/../../../../arm-none-eabi/lib/armv7-m/libcr_c.a(_fdopen.o)
                0x00015260                _fdopen
 .text._fflush  0x000152ca       0x58 /usr/local/lpcxpresso_8.1.4_606/lpcxpresso/tools/bin/../lib/gcc/arm-none-eabi/5.2.1/../../../../arm-none-eabi/lib/armv7-m/libcr_c.a(_fflush.o)
                0x000152ca                _fflush
 .text._frexpl  0x00015322       0x5a /usr/local/lpcxpresso_8.1.4_606/lpcxpresso/tools/bin/../lib/gcc/arm-none-eabi/5.2.1/../../../../arm-none-eabi/lib/armv7-m/libcr_c.a(_frexpl.o)
                0x00015322                _frexpl
 .text._ldexpl  0x0001537c       0x4c /usr/local/lpcxpresso_8.1.4_606/lpcxpresso/tools/bin/../lib/gcc/arm-none-eabi/5.2.1/../../../../arm-none-eabi/lib/armv7-m/libcr_c.a(_ldexpl.o)
                0x0001537c                _ldexpl
 .text._Cwritebuf
                0x000153c8       0x68 /usr/local/lpcxpresso_8.1.4_606/lpcxpresso/tools/bin/../lib/gcc/arm-none-eabi/5.2.1/../../../../arm-none-eabi/lib/armv7-m/libcr_c.a(_writebuf.o)
                0x000153c8                _Cwritebuf
 .text.fclose   0x00015430       0x6c /usr/local/lpcxpresso_8.1.4_606/lpcxpresso/tools/bin/../lib/gcc/arm-none-eabi/5.2.1/../../../../arm-none-eabi/lib/armv7-m/libcr_c.a(fclose.o)
                0x00015430                fclose
 .text.fflush   0x0001549c       0x30 /usr/local/lpcxpresso_8.1.4_606/lpcxpresso/tools/bin/../lib/gcc/arm-none-eabi/5.2.1/../../../../arm-none-eabi/lib/armv7-m/libcr_c.a(fflush.o)
                0x0001549c                fflush
 .text.fseek    0x000154cc      0x110 /usr/local/lpcxpresso_8.1.4_606/lpcxpresso/tools/bin/../lib/gcc/arm-none-eabi/5.2.1/../../../../arm-none-eabi/lib/armv7-m/libcr_c.a(fseek.o)
                0x000154cc                fseek
 .text.ftell    0x000155dc       0x4c /usr/local/lpcxpresso_8.1.4_606/lpcxpresso/tools/bin/../lib/gcc/arm-none-eabi/5.2.1/../../../../arm-none-eabi/lib/armv7-m/libcr_c.a(ftell.o)
                0x000155dc                ftell
 .text.remove   0x00015628       0x14 /usr/local/lpcxpresso_8.1.4_606/lpcxpresso/tools/bin/../lib/gcc/arm-none-eabi/5.2.1/../../../../arm-none-eabi/lib/armv7-m/libcr_c.a(remove.o)
                0x00015628                remove
 .text.__check_heap_overflow
                0x0001563c       0x18 /usr/local/lpcxpresso_8.1.4_606/lpcxpresso/tools/bin/../lib/gcc/arm-none-eabi/5.2.1/../../../../arm-none-eabi/lib/armv7-m/libcr_c.a(_cr_check_heap.o)
                0x0001563c                __check_heap_overflow
 .text._do_fflush
                0x00015654       0x44 /usr/local/lpcxpresso_8.1.4_606/lpcxpresso/tools/bin/../lib/gcc/arm-none-eabi/5.2.1/../../../../arm-none-eabi/lib/armv7-m/libcr_c.a(_do_fflush.o)
                0x00015654                _do_fflush
 .text.__aeabi_dmul
                0x00015698      0x120 /usr/local/lpcxpresso_8.1.4_606/lpcxpresso/tools/bin/../lib/gcc/arm-none-eabi/5.2.1/armv7-m/libcr_eabihelpers.a(double.o)
                0x00015698                __aeabi_dmul
 .text.__aeabi_ddiv
                0x000157b8      0x154 /usr/local/lpcxpresso_8.1.4_606/lpcxpresso/tools/bin/../lib/gcc/arm-none-eabi/5.2.1/armv7-m/libcr_eabihelpers.a(double.o)
                0x000157b8                __aeabi_ddiv
 .text.__aeabi_dsub
                0x0001590c      0x1d0 /usr/local/lpcxpresso_8.1.4_606/lpcxpresso/tools/bin/../lib/gcc/arm-none-eabi/5.2.1/armv7-m/libcr_eabihelpers.a(double.o)
                0x0001590c                __aeabi_dsub
 .text.__aeabi_dadd
                0x00015adc      0x130 /usr/local/lpcxpresso_8.1.4_606/lpcxpresso/tools/bin/../lib/gcc/arm-none-eabi/5.2.1/armv7-m/libcr_eabihelpers.a(double.o)
                0x00015adc                __aeabi_dadd
 .text.__aeabi_d2iz
                0x00015c0c       0x40 /usr/local/lpcxpresso_8.1.4_606/lpcxpresso/tools/bin/../lib/gcc/arm-none-eabi/5.2.1/armv7-m/libcr_eabihelpers.a(double.o)
                0x00015c0c                __aeabi_d2iz
 .text.__bhs_ui2d
                0x00015c4c       0x44 /usr/local/lpcxpresso_8.1.4_606/lpcxpresso/tools/bin/../lib/gcc/arm-none-eabi/5.2.1/armv7-m/libcr_eabihelpers.a(double.o)
                0x00015c4c                __bhs_ui2d
 .text.__aeabi_i2d
                0x00015c90       0x10 /usr/local/lpcxpresso_8.1.4_606/lpcxpresso/tools/bin/../lib/gcc/arm-none-eabi/5.2.1/armv7-m/libcr_eabihelpers.a(double.o)
                0x00015c90                __aeabi_i2d
 .text.__aeabi_dcmpeq
                0x00015ca0       0x2c /usr/local/lpcxpresso_8.1.4_606/lpcxpresso/tools/bin/../lib/gcc/arm-none-eabi/5.2.1/armv7-m/libcr_eabihelpers.a(double.o)
                0x00015ca0                __aeabi_dcmpeq
 .text.__aeabi_dcmplt
                0x00015ccc       0x5c /usr/local/lpcxpresso_8.1.4_606/lpcxpresso/tools/bin/../lib/gcc/arm-none-eabi/5.2.1/armv7-m/libcr_eabihelpers.a(double.o)
                0x00015ccc                __aeabi_dcmplt
 .text.__aeabi_dcmple
                0x00015d28       0x5c /usr/local/lpcxpresso_8.1.4_606/lpcxpresso/tools/bin/../lib/gcc/arm-none-eabi/5.2.1/armv7-m/libcr_eabihelpers.a(double.o)
                0x00015d28                __aeabi_dcmple
 .text.__aeabi_dcmpge
                0x00015d84       0x5c /usr/local/lpcxpresso_8.1.4_606/lpcxpresso/tools/bin/../lib/gcc/arm-none-eabi/5.2.1/armv7-m/libcr_eabihelpers.a(double.o)
                0x00015d84                __aeabi_dcmpge
 .text.__aeabi_memcpy
                0x00015de0       0x34 /usr/local/lpcxpresso_8.1.4_606/lpcxpresso/tools/bin/../lib/gcc/arm-none-eabi/5.2.1/armv7-m/libcr_eabihelpers.a(memcpy.o)
                0x00015de0                __aeabi_memcpy
                0x00015dea                __aeabi_memcpy4
                0x00015dea                __aeabi_memcpy8
 .text.__aeabi_memset_lowlevel
                0x00015e14       0x32 /usr/local/lpcxpresso_8.1.4_606/lpcxpresso/tools/bin/../lib/gcc/arm-none-eabi/5.2.1/armv7-m/libcr_eabihelpers.a(memcpy.o)
                0x00015e14                __aeabi_lowlevel_memset
 .text.__sys_appexit
                0x00015e46        0x2 /usr/local/lpcxpresso_8.1.4_606/lpcxpresso/tools/bin/../lib/gcc/arm-none-eabi/5.2.1/../../../../arm-none-eabi/lib/armv7-m/libcr_nohost.a(__sys_appexit.o)
                0x00015e46                __exit
                0x00015e46                __sys_appexit
 .text.__sys_close
                0x00015e48        0x6 /usr/local/lpcxpresso_8.1.4_606/lpcxpresso/tools/bin/../lib/gcc/arm-none-eabi/5.2.1/../../../../arm-none-eabi/lib/armv7-m/libcr_nohost.a(__sys_close.o)
                0x00015e48                __sys_close
 .text.__sys_flen
                0x00015e4e        0x6 /usr/local/lpcxpresso_8.1.4_606/lpcxpresso/tools/bin/../lib/gcc/arm-none-eabi/5.2.1/../../../../arm-none-eabi/lib/armv7-m/libcr_nohost.a(__sys_flen.o)
                0x00015e4e                __sys_flen
 .text.__sys_istty
                0x00015e54        0x6 /usr/local/lpcxpresso_8.1.4_606/lpcxpresso/tools/bin/../lib/gcc/arm-none-eabi/5.2.1/../../../../arm-none-eabi/lib/armv7-m/libcr_nohost.a(__sys_istty.o)
                0x00015e54                __sys_istty
 .text.__sys_remove
                0x00015e5a        0x6 /usr/local/lpcxpresso_8.1.4_606/lpcxpresso/tools/bin/../lib/gcc/arm-none-eabi/5.2.1/../../../../arm-none-eabi/lib/armv7-m/libcr_nohost.a(__sys_remove.o)
                0x00015e5a                __sys_remove
 .text.__sys_seek
                0x00015e60        0x6 /usr/local/lpcxpresso_8.1.4_606/lpcxpresso/tools/bin/../lib/gcc/arm-none-eabi/5.2.1/../../../../arm-none-eabi/lib/armv7-m/libcr_nohost.a(__sys_seek.o)
                0x00015e60                __sys_seek
 .text.__sys_tmpnam
                0x00015e66        0x6 /usr/local/lpcxpresso_8.1.4_606/lpcxpresso/tools/bin/../lib/gcc/arm-none-eabi/5.2.1/../../../../arm-none-eabi/lib/armv7-m/libcr_nohost.a(__sys_tmpnam.o)
                0x00015e66                __sys_tmpnam
 .text.__sys_write
                0x00015e6c        0x4 /usr/local/lpcxpresso_8.1.4_606/lpcxpresso/tools/bin/../lib/gcc/arm-none-eabi/5.2.1/../../../../arm-none-eabi/lib/armv7-m/libcr_nohost.a(__sys_write.o)
                0x00015e6c                __write
                0x00015e6c                __sys_write
 *(.rodata .rodata.* .constdata .constdata.*)
 .rodata.USB_StringDescriptor
                0x00015e70       0x38 ./src/usb/cdc_desc.o
                0x00015e70                USB_StringDescriptor
 .rodata.USB_DeviceDescriptor
                0x00015ea8       0x12 ./src/usb/cdc_desc.o
                0x00015ea8                USB_DeviceDescriptor
 *fill*         0x00015eba        0x2 ff
 .rodata.g_usbApi
                0x00015ebc       0x20 ./src/usb/skynet_cdc.o
 .rodata.str1.1
                0x00015edc       0x3c ./src/usb/skynet_cdc.o
 .rodata.str1.1
                0x00015f18       0x12 ./src/spi/spi.o
 .rodata.str1.1
                0x00015f2a       0x83 ./src/radio/radio.o
 .rodata.str1.1
                0x00015fad       0x1c ./src/radio/radio_comm.o
 .rodata.str1.1
                0x00015fc9      0x1e5 ./src/radio/skynet_radio.o
                                0x1f4 (size before relaxing)
 .rodata.str1.1
                0x000161ae       0x1a ./src/periph/charger.o
 .rodata.str1.1
                0x000161c8       0x5a ./src/periph/input.o
 .rodata.str1.1
                0x00016222       0x5a ./src/mac/mac.o
                                  0x8 (size before relaxing)
 .rodata.str1.1
                0x00016222       0x4b ./src/gpio/gpio_irq.o
 .rodata.str1.1
                0x0001626d        0xd ./src/cpu/cpu.o
 .rodata.str1.1
                0x0001627a        0xf ./src/cpu/rtc.o
 *fill*         0x00016289        0x3 ff
 .rodata.RTCOscRateIn
                0x0001628c        0x4 ./src/main.o
                0x0001628c                RTCOscRateIn
 .rodata.OscRateIn
                0x00016290        0x4 ./src/main.o
                0x00016290                OscRateIn
 .rodata.str1.1
                0x00016294       0xe4 ./src/main.o
                                 0xe8 (size before relaxing)
 .rodata.pinmuxing
                0x00016378      0x100 ./src/sysinit.o
 .rodata.hw_api
                0x00016478       0x5c /home/michi/projects/LPCXpresso/lpc_chip_175x_6x/libs/libusbd_175x_6x_lib.a(mw_usbd_rom_api.o)
                0x00016478                hw_api
 .rodata.core_api
                0x000164d4       0x20 /home/michi/projects/LPCXpresso/lpc_chip_175x_6x/libs/libusbd_175x_6x_lib.a(mw_usbd_rom_api.o)
                0x000164d4                core_api
 .rodata.cdc_api
                0x000164f4        0xc /home/michi/projects/LPCXpresso/lpc_chip_175x_6x/libs/libusbd_175x_6x_lib.a(mw_usbd_rom_api.o)
                0x000164f4                cdc_api
 .rodata.str1.1
                0x00016500       0x18 /usr/local/lpcxpresso_8.1.4_606/lpcxpresso/tools/bin/../lib/gcc/arm-none-eabi/5.2.1/../../../../arm-none-eabi/lib/armv7-m/libcr_c.a(alloc.o)
 .rodata.str1.1
                0x00016518       0x34 /usr/local/lpcxpresso_8.1.4_606/lpcxpresso/tools/bin/../lib/gcc/arm-none-eabi/5.2.1/../../../../arm-none-eabi/lib/armv7-m/libcr_c.a(fpprintf.o)
                                 0x35 (size before relaxing)
 .rodata.str1.1
                0x0001654c        0x4 /usr/local/lpcxpresso_8.1.4_606/lpcxpresso/tools/bin/../lib/gcc/arm-none-eabi/5.2.1/../../../../arm-none-eabi/lib/armv7-m/libcr_c.a(initio.o)
 .rodata.str1.1
                0x00016550       0x31 /usr/local/lpcxpresso_8.1.4_606/lpcxpresso/tools/bin/../lib/gcc/arm-none-eabi/5.2.1/../../../../arm-none-eabi/lib/armv7-m/libcr_c.a(printf.o)
                                 0x38 (size before relaxing)
 *fill*         0x00016581        0x7 ff
 .rodata.__huge_vall
                0x00016588        0x8 /usr/local/lpcxpresso_8.1.4_606/lpcxpresso/tools/bin/../lib/gcc/arm-none-eabi/5.2.1/../../../../arm-none-eabi/lib/armv7-m/libcr_c.a(_hugeval.o)
                0x00016588                __huge_vall
                0x00016590                . = ALIGN (0x4)

.glue_7         0x00016590        0x0
 .glue_7        0x00016590        0x0 linker stubs

.glue_7t        0x00016590        0x0
 .glue_7t       0x00016590        0x0 linker stubs

.vfp11_veneer   0x00016590        0x0
 .vfp11_veneer  0x00016590        0x0 linker stubs

.v4_bx          0x00016590        0x0
 .v4_bx         0x00016590        0x0 linker stubs

.iplt           0x00016590        0x0
 .iplt          0x00016590        0x0 ./src/usb/cdc_desc.o

.rel.dyn        0x00016590        0x0
 .rel.iplt      0x00016590        0x0 ./src/usb/cdc_desc.o

.ARM.extab
 *(.ARM.extab* .gnu.linkonce.armextab.*)
                0x00016590                __exidx_start = .

.ARM.exidx
 *(.ARM.exidx* .gnu.linkonce.armexidx.*)
                0x00016590                __exidx_end = .
                0x00016590                _etext = .

.data_RAM2      0x10007ff0        0x0 load address 0x00016590
 FILL mask 0xff
                [!provide]                PROVIDE (__start_data_RAM2, .)
 *(.ramfunc.$RAM2)
 *(.ramfunc.$RamBootShared)
 *(.data.$RAM2*)
 *(.data.$RamBootShared*)
                0x10007ff0                . = ALIGN (0x4)
                [!provide]                PROVIDE (__end_data_RAM2, .)

.data_RAM3      0x2007c000        0x0 load address 0x00016590
 FILL mask 0xff
                [!provide]                PROVIDE (__start_data_RAM3, .)
 *(.ramfunc.$RAM3)
 *(.ramfunc.$RamAHB32)
 *(.data.$RAM3*)
 *(.data.$RamAHB32*)
                0x2007c000                . = ALIGN (0x4)
                [!provide]                PROVIDE (__end_data_RAM3, .)

.uninit_RESERVED
                0x10000100        0x0
 *(.bss.$RESERVED*)
                0x10000100                . = ALIGN (0x4)
                0x10000100                _end_uninit_RESERVED = .

.data           0x10000100      0x2a0 load address 0x00016590
 FILL mask 0xff
                0x10000100                _data = .
 *(vtable)
 *(.ramfunc*)
 *(.data*)
 .data.USB_FsConfigDescriptor
                0x10000100       0x4c ./src/usb/cdc_desc.o
                0x10000100                USB_FsConfigDescriptor
 .data.g_pUsbApi
                0x1000014c        0x4 ./src/usb/skynet_cdc.o
                0x1000014c                g_pUsbApi
 .data.Radio_Configuration_Data_Array
                0x10000150      0x157 ./src/radio/radio.o
                0x10000150                Radio_Configuration_Data_Array
 *fill*         0x100002a7        0x1 ff
 .data.RadioConfiguration
                0x100002a8       0x10 ./src/radio/radio.o
                0x100002a8                RadioConfiguration
 .data.pRadioConfiguration
                0x100002b8        0x4 ./src/radio/radio.o
                0x100002b8                pRadioConfiguration
 .data._random_number_seed
                0x100002bc       0xdc /usr/local/lpcxpresso_8.1.4_606/lpcxpresso/tools/bin/../lib/gcc/arm-none-eabi/5.2.1/../../../../arm-none-eabi/lib/armv7-m/libcr_c.a(stdlib.o)
 .data._random_j
                0x10000398        0x4 /usr/local/lpcxpresso_8.1.4_606/lpcxpresso/tools/bin/../lib/gcc/arm-none-eabi/5.2.1/../../../../arm-none-eabi/lib/armv7-m/libcr_c.a(stdlib.o)
 .data._random_k
                0x1000039c        0x4 /usr/local/lpcxpresso_8.1.4_606/lpcxpresso/tools/bin/../lib/gcc/arm-none-eabi/5.2.1/../../../../arm-none-eabi/lib/armv7-m/libcr_c.a(stdlib.o)
                0x100003a0                . = ALIGN (0x4)
                0x100003a0                _edata = .

.igot.plt       0x100003a0        0x0 load address 0x00016830
 .igot.plt      0x100003a0        0x0 ./src/usb/cdc_desc.o

.bss_RAM2       0x10007ff0        0x0
                [!provide]                PROVIDE (__start_bss_RAM2, .)
 *(.bss.$RAM2*)
 *(.bss.$RamBootShared*)
                0x10007ff0                . = ALIGN ((. != 0x0)?0x4:0x1)
                [!provide]                PROVIDE (__end_bss_RAM2, .)

.bss_RAM3       0x2007c000        0x0
                [!provide]                PROVIDE (__start_bss_RAM3, .)
 *(.bss.$RAM3*)
 *(.bss.$RamAHB32*)
                0x2007c000                . = ALIGN ((. != 0x0)?0x4:0x1)
                [!provide]                PROVIDE (__end_bss_RAM3, .)

.bss            0x100003a0      0x378
                0x100003a0                _bss = .
 *(.bss*)
 .bss.current_seqno
                0x100003a0        0x1 ./src/usb/skynet_cdc.o
                0x100003a0                current_seqno
 .bss.usb_reverse
                0x100003a1        0x1 ./src/usb/skynet_cdc.o
                0x100003a1                usb_reverse
 *fill*         0x100003a2        0x2 
 .bss.usb_cdc_write_pos
                0x100003a4        0x4 ./src/usb/skynet_cdc.o
                0x100003a4                usb_cdc_write_pos
 .bss.usb_rx_state
                0x100003a8        0x1 ./src/usb/skynet_cdc.o
                0x100003a8                usb_rx_state
 *fill*         0x100003a9        0x3 
 .bss.g_hUsb    0x100003ac        0x4 ./src/usb/skynet_cdc.o
 .bss.usb_read_pos
                0x100003b0        0x4 ./src/usb/skynet_cdc.o
                0x100003b0                usb_read_pos
 .bss.spi_format
                0x100003b4        0x4 ./src/spi/spi.o
 .bss.ctsWentHigh
                0x100003b8        0x1 ./src/radio/radio_comm.o
                0x100003b8                ctsWentHigh
 *fill*         0x100003b9        0x3 
 .bss.switch_checked_times
                0x100003bc        0x4 ./src/periph/input.o
                0x100003bc                switch_checked_times
 .bss.switch_state
                0x100003c0        0x1 ./src/periph/input.o
                0x100003c0                switch_state
 *fill*         0x100003c1        0x3 
 .bss.events_ringbuf
                0x100003c4       0x14 ./src/misc/event_queue.o
 .bss.cpu_powered_down
                0x100003d8        0x1 ./src/cpu/cpu.o
                0x100003d8                cpu_powered_down
 .bss.tick_occured
                0x100003d9        0x1 ./src/cpu/systick.o
                0x100003d9                tick_occured
 *fill*         0x100003da        0x2 
 .bss.ticksPerSecond
                0x100003dc        0x4 /home/michi/projects/LPCXpresso/lpc_chip_175x_6x/Release/liblpc_chip_175x_6x.a(stopwatch_17xx_40xx.o)
 .bss.ticksPerMs
                0x100003e0        0x4 /home/michi/projects/LPCXpresso/lpc_chip_175x_6x/Release/liblpc_chip_175x_6x.a(stopwatch_17xx_40xx.o)
 .bss.ticksPerUs
                0x100003e4        0x4 /home/michi/projects/LPCXpresso/lpc_chip_175x_6x/Release/liblpc_chip_175x_6x.a(stopwatch_17xx_40xx.o)
 .bss._extra    0x100003e8        0x4 /usr/local/lpcxpresso_8.1.4_606/lpcxpresso/tools/bin/../lib/gcc/arm-none-eabi/5.2.1/../../../../arm-none-eabi/lib/armv7-m/libcr_c.a(initio.o)
                0x100003e8                _extra
 .bss.__Ciob    0x100003ec      0x140 /usr/local/lpcxpresso_8.1.4_606/lpcxpresso/tools/bin/../lib/gcc/arm-none-eabi/5.2.1/../../../../arm-none-eabi/lib/armv7-m/libcr_c.a(stdio.o)
                0x100003ec                __Ciob
 .bss.__heaps   0x1000052c        0x4 /usr/local/lpcxpresso_8.1.4_606/lpcxpresso/tools/bin/../lib/gcc/arm-none-eabi/5.2.1/../../../../arm-none-eabi/lib/armv7-m/libcr_c.a(__init_alloc.o)
                0x1000052c                __heaps
 .bss.__end_of_heap
                0x10000530        0x4 /usr/local/lpcxpresso_8.1.4_606/lpcxpresso/tools/bin/../lib/gcc/arm-none-eabi/5.2.1/../../../../arm-none-eabi/lib/armv7-m/libcr_c.a(__init_alloc.o)
                0x10000530                __end_of_heap
 .bss.errno     0x10000534        0x4 /usr/local/lpcxpresso_8.1.4_606/lpcxpresso/tools/bin/../lib/gcc/arm-none-eabi/5.2.1/../../../../arm-none-eabi/lib/armv7-m/libcr_c.a(errno.o)
                0x10000534                errno
 *(COMMON)
 COMMON         0x10000538       0x14 ./src/usb/cdc_vcom.o
                0x10000538                g_vCOM
 COMMON         0x1000054c       0x84 ./src/usb/skynet_cdc.o
                0x1000054c                usb_payload_buf
                0x10000584                usb_received_message
                0x10000590                usb_cdc_write_buf
 COMMON         0x100005d0       0x20 ./src/radio/si446x_api_lib.o
                0x100005d0                Pro2Cmd
                0x100005e0                Si446xCmd
 COMMON         0x100005f0       0x80 ./src/misc/event_queue.o
                0x100005f0                events_buf
 COMMON         0x10000670        0x2 ./src/mac/mac.o
                0x10000670                be
                0x10000671                nb
 *fill*         0x10000672        0x2 
 COMMON         0x10000674       0x20 ./src/cpu/cpu.o
                0x10000674                FullTime
 COMMON         0x10000694       0x80 ./src/cpu/systick.o
                0x10000694                tick_events_f
                0x100006d4                tick_events_t
 COMMON         0x10000714        0x4 /home/michi/projects/LPCXpresso/lpc_chip_175x_6x/Release/liblpc_chip_175x_6x.a(chip_17xx_40xx.o)
                0x10000714                SystemCoreClock
                0x10000718                . = ALIGN (0x4)
                0x10000718                _ebss = .
                [!provide]                PROVIDE (end, .)

.noinit_RAM2    0x10007ff0        0x4
 *(.noinit.$RAM2*)
 .noinit.$RAM2  0x10007ff0        0x1 ./src/main.o
                0x10007ff0                goto_bootloader
 *(.noinit.$RamBootShared*)
                0x10007ff4                . = ALIGN (0x4)
 *fill*         0x10007ff1        0x3 

.noinit_RAM3    0x2007c000        0x0
 *(.noinit.$RAM3*)
 *(.noinit.$RamAHB32*)
                0x2007c000                . = ALIGN (0x4)

.noinit         0x10000718        0x0
                0x10000718                _noinit = .
 *(.noinit*)
                0x10000718                . = ALIGN (0x4)
                0x10000718                _end_noinit = .
                0x10000718                PROVIDE (_pvHeapStart, DEFINED (__user_heap_base)?__user_heap_base:.)
                0x10007ff0                PROVIDE (_vStackTop, DEFINED (__user_stack_top)?__user_stack_top:(__top_RamLoc32 - 0x0))
                [!provide]                PROVIDE (__valid_user_code_checksum, (0x0 - ((((((_vStackTop + (ResetISR + 0x1)) + (NMI_Handler + 0x1)) + (HardFault_Handler + 0x1)) + (DEFINED (MemManage_Handler)?MemManage_Handler:0x0 + 0x1)) + (DEFINED (BusFault_Handler)?BusFault_Handler:0x0 + 0x1)) + (DEFINED (UsageFault_Handler)?UsageFault_Handler:0x0 + 0x1))))
OUTPUT(SkyNet-Dongle-firmware.axf elf32-littlearm)

.debug_info     0x00000000    0x1c88a
 .debug_info    0x00000000       0xea ./src/usb/cdc_desc.o
 .debug_info    0x000000ea     0x1c5b ./src/usb/cdc_vcom.o
 .debug_info    0x00001d45     0x262b ./src/usb/skynet_cdc.o
 .debug_info    0x00004370      0x769 ./src/spi/spi.o
 .debug_info    0x00004ad9     0x1264 ./src/radio/radio.o
 .debug_info    0x00005d3d      0x524 ./src/radio/radio_comm.o
 .debug_info    0x00006261      0x51e ./src/radio/radio_hal.o
 .debug_info    0x0000677f     0x15ae ./src/radio/si446x_api_lib.o
 .debug_info    0x00007d2d     0x1f61 ./src/radio/skynet_radio.o
 .debug_info    0x00009c8e      0xd15 ./src/periph/charger.o
 .debug_info    0x0000a9a3      0x28f ./src/periph/dcdc.o
 .debug_info    0x0000ac32      0xd27 ./src/periph/input.o
 .debug_info    0x0000b959      0x338 ./src/periph/led.o
 .debug_info    0x0000bc91      0x417 ./src/misc/event_queue.o
 .debug_info    0x0000c0a8      0xddf ./src/mac/mac.o
 .debug_info    0x0000ce87      0x37a ./src/mac/mac_frame_data.o
 .debug_info    0x0000d201      0x906 ./src/gpio/gpio_irq.o
 .debug_info    0x0000db07      0xcf8 ./src/cpu/cpu.o
 .debug_info    0x0000e7ff      0x812 ./src/cpu/rtc.o
 .debug_info    0x0000f011      0xa93 ./src/cpu/systick.o
 .debug_info    0x0000faa4      0x285 ./src/cr_startup_lpc175x_6x.o
 .debug_info    0x0000fd29     0x10fe ./src/main.o
 .debug_info    0x00010e27     0x185f ./src/sysinit.o
 .debug_info    0x00012686      0x5e3 /home/michi/projects/LPCXpresso/lpc_chip_175x_6x/Release/liblpc_chip_175x_6x.a(chip_17xx_40xx.o)
 .debug_info    0x00012c69      0xc79 /home/michi/projects/LPCXpresso/lpc_chip_175x_6x/Release/liblpc_chip_175x_6x.a(clock_17xx_40xx.o)
 .debug_info    0x000138e2      0x313 /home/michi/projects/LPCXpresso/lpc_chip_175x_6x/Release/liblpc_chip_175x_6x.a(iocon_17xx_40xx.o)
 .debug_info    0x00013bf5      0x3ed /home/michi/projects/LPCXpresso/lpc_chip_175x_6x/Release/liblpc_chip_175x_6x.a(pmu_17xx_40xx.o)
 .debug_info    0x00013fe2      0x49d /home/michi/projects/LPCXpresso/lpc_chip_175x_6x/Release/liblpc_chip_175x_6x.a(ring_buffer.o)
 .debug_info    0x0001447f      0x65d /home/michi/projects/LPCXpresso/lpc_chip_175x_6x/Release/liblpc_chip_175x_6x.a(rtc_17xx_40xx.o)
 .debug_info    0x00014adc      0xc22 /home/michi/projects/LPCXpresso/lpc_chip_175x_6x/Release/liblpc_chip_175x_6x.a(spi_17xx_40xx.o)
 .debug_info    0x000156fe      0x44c /home/michi/projects/LPCXpresso/lpc_chip_175x_6x/Release/liblpc_chip_175x_6x.a(stopwatch_17xx_40xx.o)
 .debug_info    0x00015b4a      0x46d /home/michi/projects/LPCXpresso/lpc_chip_175x_6x/Release/liblpc_chip_175x_6x.a(timer_17xx_40xx.o)
 .debug_info    0x00015fb7     0x14f8 /home/michi/projects/LPCXpresso/lpc_chip_175x_6x/libs/libusbd_175x_6x_lib.a(mw_usbd_rom_api.o)
 .debug_info    0x000174af     0x1f77 /home/michi/projects/LPCXpresso/lpc_chip_175x_6x/libs/libusbd_175x_6x_lib.a(hw_usbd_ip3503.o)
 .debug_info    0x00019426     0x14e4 /home/michi/projects/LPCXpresso/lpc_chip_175x_6x/libs/libusbd_175x_6x_lib.a(mw_usbd_cdcuser.o)
 .debug_info    0x0001a90a     0x1f80 /home/michi/projects/LPCXpresso/lpc_chip_175x_6x/libs/libusbd_175x_6x_lib.a(mw_usbd_core.o)

.debug_abbrev   0x00000000     0x548a
 .debug_abbrev  0x00000000       0x5d ./src/usb/cdc_desc.o
 .debug_abbrev  0x0000005d      0x36f ./src/usb/cdc_vcom.o
 .debug_abbrev  0x000003cc      0x416 ./src/usb/skynet_cdc.o
 .debug_abbrev  0x000007e2      0x275 ./src/spi/spi.o
 .debug_abbrev  0x00000a57      0x27b ./src/radio/radio.o
 .debug_abbrev  0x00000cd2      0x185 ./src/radio/radio_comm.o
 .debug_abbrev  0x00000e57      0x1a1 ./src/radio/radio_hal.o
 .debug_abbrev  0x00000ff8      0x299 ./src/radio/si446x_api_lib.o
 .debug_abbrev  0x00001291      0x3cb ./src/radio/skynet_radio.o
 .debug_abbrev  0x0000165c      0x2e6 ./src/periph/charger.o
 .debug_abbrev  0x00001942      0x155 ./src/periph/dcdc.o
 .debug_abbrev  0x00001a97      0x326 ./src/periph/input.o
 .debug_abbrev  0x00001dbd      0x194 ./src/periph/led.o
 .debug_abbrev  0x00001f51      0x1cf ./src/misc/event_queue.o
 .debug_abbrev  0x00002120      0x289 ./src/mac/mac.o
 .debug_abbrev  0x000023a9      0x18e ./src/mac/mac_frame_data.o
 .debug_abbrev  0x00002537      0x250 ./src/gpio/gpio_irq.o
 .debug_abbrev  0x00002787      0x2e8 ./src/cpu/cpu.o
 .debug_abbrev  0x00002a6f      0x230 ./src/cpu/rtc.o
 .debug_abbrev  0x00002c9f      0x325 ./src/cpu/systick.o
 .debug_abbrev  0x00002fc4      0x12f ./src/cr_startup_lpc175x_6x.o
 .debug_abbrev  0x000030f3      0x2b4 ./src/main.o
 .debug_abbrev  0x000033a7      0x309 ./src/sysinit.o
 .debug_abbrev  0x000036b0      0x1bc /home/michi/projects/LPCXpresso/lpc_chip_175x_6x/Release/liblpc_chip_175x_6x.a(chip_17xx_40xx.o)
 .debug_abbrev  0x0000386c      0x305 /home/michi/projects/LPCXpresso/lpc_chip_175x_6x/Release/liblpc_chip_175x_6x.a(clock_17xx_40xx.o)
 .debug_abbrev  0x00003b71      0x12f /home/michi/projects/LPCXpresso/lpc_chip_175x_6x/Release/liblpc_chip_175x_6x.a(iocon_17xx_40xx.o)
 .debug_abbrev  0x00003ca0      0x16e /home/michi/projects/LPCXpresso/lpc_chip_175x_6x/Release/liblpc_chip_175x_6x.a(pmu_17xx_40xx.o)
 .debug_abbrev  0x00003e0e      0x17b /home/michi/projects/LPCXpresso/lpc_chip_175x_6x/Release/liblpc_chip_175x_6x.a(ring_buffer.o)
 .debug_abbrev  0x00003f89      0x223 /home/michi/projects/LPCXpresso/lpc_chip_175x_6x/Release/liblpc_chip_175x_6x.a(rtc_17xx_40xx.o)
 .debug_abbrev  0x000041ac      0x31d /home/michi/projects/LPCXpresso/lpc_chip_175x_6x/Release/liblpc_chip_175x_6x.a(spi_17xx_40xx.o)
 .debug_abbrev  0x000044c9      0x203 /home/michi/projects/LPCXpresso/lpc_chip_175x_6x/Release/liblpc_chip_175x_6x.a(stopwatch_17xx_40xx.o)
 .debug_abbrev  0x000046cc      0x1d8 /home/michi/projects/LPCXpresso/lpc_chip_175x_6x/Release/liblpc_chip_175x_6x.a(timer_17xx_40xx.o)
 .debug_abbrev  0x000048a4      0x143 /home/michi/projects/LPCXpresso/lpc_chip_175x_6x/libs/libusbd_175x_6x_lib.a(mw_usbd_rom_api.o)
 .debug_abbrev  0x000049e7      0x3b8 /home/michi/projects/LPCXpresso/lpc_chip_175x_6x/libs/libusbd_175x_6x_lib.a(hw_usbd_ip3503.o)
 .debug_abbrev  0x00004d9f      0x2f5 /home/michi/projects/LPCXpresso/lpc_chip_175x_6x/libs/libusbd_175x_6x_lib.a(mw_usbd_cdcuser.o)
 .debug_abbrev  0x00005094      0x3f6 /home/michi/projects/LPCXpresso/lpc_chip_175x_6x/libs/libusbd_175x_6x_lib.a(mw_usbd_core.o)

.debug_aranges  0x00000000      0xcc8
 .debug_aranges
                0x00000000       0x18 ./src/usb/cdc_desc.o
 .debug_aranges
                0x00000018       0x58 ./src/usb/cdc_vcom.o
 .debug_aranges
                0x00000070       0x78 ./src/usb/skynet_cdc.o
 .debug_aranges
                0x000000e8       0x50 ./src/spi/spi.o
 .debug_aranges
                0x00000138       0x60 ./src/radio/radio.o
 .debug_aranges
                0x00000198       0x50 ./src/radio/radio_comm.o
 .debug_aranges
                0x000001e8       0x60 ./src/radio/radio_hal.o
 .debug_aranges
                0x00000248      0x118 ./src/radio/si446x_api_lib.o
 .debug_aranges
                0x00000360       0x80 ./src/radio/skynet_radio.o
 .debug_aranges
                0x000003e0       0x50 ./src/periph/charger.o
 .debug_aranges
                0x00000430       0x28 ./src/periph/dcdc.o
 .debug_aranges
                0x00000458       0x40 ./src/periph/input.o
 .debug_aranges
                0x00000498       0x40 ./src/periph/led.o
 .debug_aranges
                0x000004d8       0x30 ./src/misc/event_queue.o
 .debug_aranges
                0x00000508       0x38 ./src/mac/mac.o
 .debug_aranges
                0x00000540       0x40 ./src/mac/mac_frame_data.o
 .debug_aranges
                0x00000580       0x30 ./src/gpio/gpio_irq.o
 .debug_aranges
                0x000005b0       0x48 ./src/cpu/cpu.o
 .debug_aranges
                0x000005f8       0x30 ./src/cpu/rtc.o
 .debug_aranges
                0x00000628       0x60 ./src/cpu/systick.o
 .debug_aranges
                0x00000688       0x80 ./src/cr_startup_lpc175x_6x.o
 .debug_aranges
                0x00000708       0x40 ./src/main.o
 .debug_aranges
                0x00000748       0x30 ./src/sysinit.o
 .debug_aranges
                0x00000778       0x28 /home/michi/projects/LPCXpresso/lpc_chip_175x_6x/Release/liblpc_chip_175x_6x.a(chip_17xx_40xx.o)
 .debug_aranges
                0x000007a0       0xc8 /home/michi/projects/LPCXpresso/lpc_chip_175x_6x/Release/liblpc_chip_175x_6x.a(clock_17xx_40xx.o)
 .debug_aranges
                0x00000868       0x30 /home/michi/projects/LPCXpresso/lpc_chip_175x_6x/Release/liblpc_chip_175x_6x.a(iocon_17xx_40xx.o)
 .debug_aranges
                0x00000898       0x40 /home/michi/projects/LPCXpresso/lpc_chip_175x_6x/Release/liblpc_chip_175x_6x.a(pmu_17xx_40xx.o)
 .debug_aranges
                0x000008d8       0x40 /home/michi/projects/LPCXpresso/lpc_chip_175x_6x/Release/liblpc_chip_175x_6x.a(ring_buffer.o)
 .debug_aranges
                0x00000918       0x70 /home/michi/projects/LPCXpresso/lpc_chip_175x_6x/Release/liblpc_chip_175x_6x.a(rtc_17xx_40xx.o)
 .debug_aranges
                0x00000988       0x68 /home/michi/projects/LPCXpresso/lpc_chip_175x_6x/Release/liblpc_chip_175x_6x.a(spi_17xx_40xx.o)
 .debug_aranges
                0x000009f0       0x50 /home/michi/projects/LPCXpresso/lpc_chip_175x_6x/Release/liblpc_chip_175x_6x.a(stopwatch_17xx_40xx.o)
 .debug_aranges
                0x00000a40       0x38 /home/michi/projects/LPCXpresso/lpc_chip_175x_6x/Release/liblpc_chip_175x_6x.a(timer_17xx_40xx.o)
 .debug_aranges
                0x00000a78       0x18 /home/michi/projects/LPCXpresso/lpc_chip_175x_6x/libs/libusbd_175x_6x_lib.a(mw_usbd_rom_api.o)
 .debug_aranges
                0x00000a90      0x118 /home/michi/projects/LPCXpresso/lpc_chip_175x_6x/libs/libusbd_175x_6x_lib.a(hw_usbd_ip3503.o)
 .debug_aranges
                0x00000ba8       0x48 /home/michi/projects/LPCXpresso/lpc_chip_175x_6x/libs/libusbd_175x_6x_lib.a(mw_usbd_cdcuser.o)
 .debug_aranges
                0x00000bf0       0xd8 /home/michi/projects/LPCXpresso/lpc_chip_175x_6x/libs/libusbd_175x_6x_lib.a(mw_usbd_core.o)

.debug_line     0x00000000     0x59f4
 .debug_line    0x00000000       0x82 ./src/usb/cdc_desc.o
 .debug_line    0x00000082      0x3e9 ./src/usb/cdc_vcom.o
 .debug_line    0x0000046b      0x4ec ./src/usb/skynet_cdc.o
 .debug_line    0x00000957      0x25f ./src/spi/spi.o
 .debug_line    0x00000bb6      0x2b9 ./src/radio/radio.o
 .debug_line    0x00000e6f      0x1de ./src/radio/radio_comm.o
 .debug_line    0x0000104d      0x1ed ./src/radio/radio_hal.o
 .debug_line    0x0000123a      0x502 ./src/radio/si446x_api_lib.o
 .debug_line    0x0000173c      0x4b7 ./src/radio/skynet_radio.o
 .debug_line    0x00001bf3      0x1ee ./src/periph/charger.o
 .debug_line    0x00001de1      0x121 ./src/periph/dcdc.o
 .debug_line    0x00001f02      0x2df ./src/periph/input.o
 .debug_line    0x000021e1      0x177 ./src/periph/led.o
 .debug_line    0x00002358      0x182 ./src/misc/event_queue.o
 .debug_line    0x000024da      0x289 ./src/mac/mac.o
 .debug_line    0x00002763      0x1ef ./src/mac/mac_frame_data.o
 .debug_line    0x00002952      0x230 ./src/gpio/gpio_irq.o
 .debug_line    0x00002b82      0x309 ./src/cpu/cpu.o
 .debug_line    0x00002e8b      0x1c6 ./src/cpu/rtc.o
 .debug_line    0x00003051      0x298 ./src/cpu/systick.o
 .debug_line    0x000032e9       0x8b ./src/cr_startup_lpc175x_6x.o
 .debug_line    0x00003374      0x3c9 ./src/main.o
 .debug_line    0x0000373d      0x227 ./src/sysinit.o
 .debug_line    0x00003964      0x189 /home/michi/projects/LPCXpresso/lpc_chip_175x_6x/Release/liblpc_chip_175x_6x.a(chip_17xx_40xx.o)
 .debug_line    0x00003aed      0x34f /home/michi/projects/LPCXpresso/lpc_chip_175x_6x/Release/liblpc_chip_175x_6x.a(clock_17xx_40xx.o)
 .debug_line    0x00003e3c      0x135 /home/michi/projects/LPCXpresso/lpc_chip_175x_6x/Release/liblpc_chip_175x_6x.a(iocon_17xx_40xx.o)
 .debug_line    0x00003f71      0x16b /home/michi/projects/LPCXpresso/lpc_chip_175x_6x/Release/liblpc_chip_175x_6x.a(pmu_17xx_40xx.o)
 .debug_line    0x000040dc      0x230 /home/michi/projects/LPCXpresso/lpc_chip_175x_6x/Release/liblpc_chip_175x_6x.a(ring_buffer.o)
 .debug_line    0x0000430c      0x25a /home/michi/projects/LPCXpresso/lpc_chip_175x_6x/Release/liblpc_chip_175x_6x.a(rtc_17xx_40xx.o)
 .debug_line    0x00004566      0x289 /home/michi/projects/LPCXpresso/lpc_chip_175x_6x/Release/liblpc_chip_175x_6x.a(spi_17xx_40xx.o)
 .debug_line    0x000047ef      0x1e5 /home/michi/projects/LPCXpresso/lpc_chip_175x_6x/Release/liblpc_chip_175x_6x.a(stopwatch_17xx_40xx.o)
 .debug_line    0x000049d4      0x168 /home/michi/projects/LPCXpresso/lpc_chip_175x_6x/Release/liblpc_chip_175x_6x.a(timer_17xx_40xx.o)
 .debug_line    0x00004b3c      0x198 /home/michi/projects/LPCXpresso/lpc_chip_175x_6x/libs/libusbd_175x_6x_lib.a(mw_usbd_rom_api.o)
 .debug_line    0x00004cd4      0x54e /home/michi/projects/LPCXpresso/lpc_chip_175x_6x/libs/libusbd_175x_6x_lib.a(hw_usbd_ip3503.o)
 .debug_line    0x00005222      0x308 /home/michi/projects/LPCXpresso/lpc_chip_175x_6x/libs/libusbd_175x_6x_lib.a(mw_usbd_cdcuser.o)
 .debug_line    0x0000552a      0x4ca /home/michi/projects/LPCXpresso/lpc_chip_175x_6x/libs/libusbd_175x_6x_lib.a(mw_usbd_core.o)

.debug_str      0x00000000     0x6572
 .debug_str     0x00000000      0x1a8 ./src/usb/cdc_desc.o
                                0x1cf (size before relaxing)
 .debug_str     0x000001a8     0x15e6 ./src/usb/cdc_vcom.o
                               0x19d2 (size before relaxing)
 .debug_str     0x0000178e      0x7eb ./src/usb/skynet_cdc.o
                               0x20c8 (size before relaxing)
 .debug_str     0x00001f79      0x2c4 ./src/spi/spi.o
                                0x672 (size before relaxing)
 .debug_str     0x0000223d      0x9ca ./src/radio/radio.o
                                0xe11 (size before relaxing)
 .debug_str     0x00002c07      0x184 ./src/radio/radio_comm.o
                                0x511 (size before relaxing)
 .debug_str     0x00002d8b       0x9a ./src/radio/radio_hal.o
                                0x3a7 (size before relaxing)
 .debug_str     0x00002e25      0x366 ./src/radio/si446x_api_lib.o
                                0xfb8 (size before relaxing)
 .debug_str     0x0000318b      0x5d4 ./src/radio/skynet_radio.o
                               0x16ce (size before relaxing)
 .debug_str     0x0000375f      0x1b1 ./src/periph/charger.o
                                0x751 (size before relaxing)
 .debug_str     0x00003910       0x32 ./src/periph/dcdc.o
                                0x25a (size before relaxing)
 .debug_str     0x00003942      0x126 ./src/periph/input.o
                                0xa81 (size before relaxing)
 .debug_str     0x00003a68       0x56 ./src/periph/led.o
                                0x2b6 (size before relaxing)
 .debug_str     0x00003abe       0xcb ./src/misc/event_queue.o
                                0x563 (size before relaxing)
 .debug_str     0x00003b89      0x136 ./src/mac/mac.o
                                0xbd5 (size before relaxing)
 .debug_str     0x00003cbf      0x110 ./src/mac/mac_frame_data.o
                                0x38e (size before relaxing)
 .debug_str     0x00003dcf       0x79 ./src/gpio/gpio_irq.o
                                0x626 (size before relaxing)
 .debug_str     0x00003e48      0x1f3 ./src/cpu/cpu.o
                                0xa39 (size before relaxing)
 .debug_str     0x0000403b      0x13c ./src/cpu/rtc.o
                                0x7c3 (size before relaxing)
 .debug_str     0x00004177      0x16b ./src/cpu/systick.o
                                0x87e (size before relaxing)
 .debug_str     0x000042e2      0x167 ./src/cr_startup_lpc175x_6x.o
                                0x291 (size before relaxing)
 .debug_str     0x00004449       0xe9 ./src/main.o
                                0xdbf (size before relaxing)
 .debug_str     0x00004532      0x2d9 ./src/sysinit.o
                                0x896 (size before relaxing)
 .debug_str     0x0000480b      0x178 /home/michi/projects/LPCXpresso/lpc_chip_175x_6x/Release/liblpc_chip_175x_6x.a(chip_17xx_40xx.o)
                                0x83b (size before relaxing)
 .debug_str     0x00004983      0x63f /home/michi/projects/LPCXpresso/lpc_chip_175x_6x/Release/liblpc_chip_175x_6x.a(clock_17xx_40xx.o)
                                0xe1f (size before relaxing)
 .debug_str     0x00004fc2       0x35 /home/michi/projects/LPCXpresso/lpc_chip_175x_6x/Release/liblpc_chip_175x_6x.a(iocon_17xx_40xx.o)
                                0x29c (size before relaxing)
 .debug_str     0x00004ff7       0xf6 /home/michi/projects/LPCXpresso/lpc_chip_175x_6x/Release/liblpc_chip_175x_6x.a(pmu_17xx_40xx.o)
                                0x326 (size before relaxing)
 .debug_str     0x000050ed       0x9d /home/michi/projects/LPCXpresso/lpc_chip_175x_6x/Release/liblpc_chip_175x_6x.a(ring_buffer.o)
                                0x287 (size before relaxing)
 .debug_str     0x0000518a       0xfe /home/michi/projects/LPCXpresso/lpc_chip_175x_6x/Release/liblpc_chip_175x_6x.a(rtc_17xx_40xx.o)
                                0x72f (size before relaxing)
 .debug_str     0x00005288      0x210 /home/michi/projects/LPCXpresso/lpc_chip_175x_6x/Release/liblpc_chip_175x_6x.a(spi_17xx_40xx.o)
                                0xaf2 (size before relaxing)
 .debug_str     0x00005498      0x100 /home/michi/projects/LPCXpresso/lpc_chip_175x_6x/Release/liblpc_chip_175x_6x.a(stopwatch_17xx_40xx.o)
                                0x4be (size before relaxing)
 .debug_str     0x00005598      0x125 /home/michi/projects/LPCXpresso/lpc_chip_175x_6x/Release/liblpc_chip_175x_6x.a(timer_17xx_40xx.o)
                                0x608 (size before relaxing)
 .debug_str     0x000056bd      0x6ee /home/michi/projects/LPCXpresso/lpc_chip_175x_6x/libs/libusbd_175x_6x_lib.a(mw_usbd_rom_api.o)
                               0x18af (size before relaxing)
 .debug_str     0x00005dab      0x4fb /home/michi/projects/LPCXpresso/lpc_chip_175x_6x/libs/libusbd_175x_6x_lib.a(hw_usbd_ip3503.o)
                               0x1ab2 (size before relaxing)
 .debug_str     0x000062a6      0x153 /home/michi/projects/LPCXpresso/lpc_chip_175x_6x/libs/libusbd_175x_6x_lib.a(mw_usbd_cdcuser.o)
                               0x1910 (size before relaxing)
 .debug_str     0x000063f9      0x179 /home/michi/projects/LPCXpresso/lpc_chip_175x_6x/libs/libusbd_175x_6x_lib.a(mw_usbd_core.o)
                               0x19a7 (size before relaxing)

.comment        0x00000000      0x14e
 .comment       0x00000000       0x6e ./src/usb/cdc_desc.o
                                 0x6f (size before relaxing)
 .comment       0x0000006e       0x6f ./src/usb/cdc_vcom.o
 .comment       0x0000006e       0x6f ./src/usb/skynet_cdc.o
 .comment       0x0000006e       0x6f ./src/spi/spi.o
 .comment       0x0000006e       0x6f ./src/radio/radio.o
 .comment       0x0000006e       0x6f ./src/radio/radio_comm.o
 .comment       0x0000006e       0x6f ./src/radio/radio_hal.o
 .comment       0x0000006e       0x6f ./src/radio/si446x_api_lib.o
 .comment       0x0000006e       0x6f ./src/radio/skynet_radio.o
 .comment       0x0000006e       0x6f ./src/periph/charger.o
 .comment       0x0000006e       0x6f ./src/periph/dcdc.o
 .comment       0x0000006e       0x6f ./src/periph/input.o
 .comment       0x0000006e       0x6f ./src/periph/led.o
 .comment       0x0000006e       0x6f ./src/misc/event_queue.o
 .comment       0x0000006e       0x6f ./src/mac/mac.o
 .comment       0x0000006e       0x6f ./src/mac/mac_frame_data.o
 .comment       0x0000006e       0x6f ./src/gpio/gpio_irq.o
 .comment       0x0000006e       0x6f ./src/cpu/cpu.o
 .comment       0x0000006e       0x6f ./src/cpu/rtc.o
 .comment       0x0000006e       0x6f ./src/cpu/systick.o
 .comment       0x0000006e       0x6f ./src/cr_startup_lpc175x_6x.o
 .comment       0x0000006e       0x6f ./src/main.o
 .comment       0x0000006e       0x6f ./src/sysinit.o
 .comment       0x0000006e       0x70 /home/michi/projects/LPCXpresso/lpc_chip_175x_6x/Release/liblpc_chip_175x_6x.a(chip_17xx_40xx.o)
                                 0x71 (size before relaxing)
 .comment       0x000000de       0x71 /home/michi/projects/LPCXpresso/lpc_chip_175x_6x/Release/liblpc_chip_175x_6x.a(clock_17xx_40xx.o)
 .comment       0x000000de       0x71 /home/michi/projects/LPCXpresso/lpc_chip_175x_6x/Release/liblpc_chip_175x_6x.a(iocon_17xx_40xx.o)
 .comment       0x000000de       0x71 /home/michi/projects/LPCXpresso/lpc_chip_175x_6x/Release/liblpc_chip_175x_6x.a(pmu_17xx_40xx.o)
 .comment       0x000000de       0x71 /home/michi/projects/LPCXpresso/lpc_chip_175x_6x/Release/liblpc_chip_175x_6x.a(ring_buffer.o)
 .comment       0x000000de       0x71 /home/michi/projects/LPCXpresso/lpc_chip_175x_6x/Release/liblpc_chip_175x_6x.a(rtc_17xx_40xx.o)
 .comment       0x000000de       0x71 /home/michi/projects/LPCXpresso/lpc_chip_175x_6x/Release/liblpc_chip_175x_6x.a(spi_17xx_40xx.o)
 .comment       0x000000de       0x71 /home/michi/projects/LPCXpresso/lpc_chip_175x_6x/Release/liblpc_chip_175x_6x.a(stopwatch_17xx_40xx.o)
 .comment       0x000000de       0x71 /home/michi/projects/LPCXpresso/lpc_chip_175x_6x/Release/liblpc_chip_175x_6x.a(timer_17xx_40xx.o)
 .comment       0x000000de       0x70 /home/michi/projects/LPCXpresso/lpc_chip_175x_6x/libs/libusbd_175x_6x_lib.a(mw_usbd_rom_api.o)
                                 0x71 (size before relaxing)
 .comment       0x0000014e       0x71 /home/michi/projects/LPCXpresso/lpc_chip_175x_6x/libs/libusbd_175x_6x_lib.a(hw_usbd_ip3503.o)
 .comment       0x0000014e       0x71 /home/michi/projects/LPCXpresso/lpc_chip_175x_6x/libs/libusbd_175x_6x_lib.a(mw_usbd_cdcuser.o)
 .comment       0x0000014e       0x71 /home/michi/projects/LPCXpresso/lpc_chip_175x_6x/libs/libusbd_175x_6x_lib.a(mw_usbd_core.o)
 .comment       0x0000014e       0x6f /usr/local/lpcxpresso_8.1.4_606/lpcxpresso/tools/bin/../lib/gcc/arm-none-eabi/5.2.1/../../../../arm-none-eabi/lib/armv7-m/libcr_nohost.a(_cr__main.o)
 .comment       0x0000014e       0x6f /usr/local/lpcxpresso_8.1.4_606/lpcxpresso/tools/bin/../lib/gcc/arm-none-eabi/5.2.1/../../../../arm-none-eabi/lib/armv7-m/libcr_c.a(memcpy.o)
 .comment       0x0000014e       0x6f /usr/local/lpcxpresso_8.1.4_606/lpcxpresso/tools/bin/../lib/gcc/arm-none-eabi/5.2.1/../../../../arm-none-eabi/lib/armv7-m/libcr_c.a(memset.o)
 .comment       0x0000014e       0x6f /usr/local/lpcxpresso_8.1.4_606/lpcxpresso/tools/bin/../lib/gcc/arm-none-eabi/5.2.1/../../../../arm-none-eabi/lib/armv7-m/libcr_c.a(alloc.o)