Archive member included because of file (symbol)

/home/michi/projects/LPCXpresso/lpc_chip_175x_6x/Release/liblpc_chip_175x_6x.a(adc_17xx_40xx.o)
                              ./src/periph/adc.o (Chip_ADC_Init)
/home/michi/projects/LPCXpresso/lpc_chip_175x_6x/Release/liblpc_chip_175x_6x.a(chip_17xx_40xx.o)
                              ./src/cpu/cpu.o (SystemCoreClockUpdate)
/home/michi/projects/LPCXpresso/lpc_chip_175x_6x/Release/liblpc_chip_175x_6x.a(clock_17xx_40xx.o)
                              ./src/sysinit.o (Chip_Clock_EnablePLL)
/home/michi/projects/LPCXpresso/lpc_chip_175x_6x/Release/liblpc_chip_175x_6x.a(iocon_17xx_40xx.o)
                              ./src/usb/skynet_cdc.o (Chip_IOCON_PinMux)
/home/michi/projects/LPCXpresso/lpc_chip_175x_6x/Release/liblpc_chip_175x_6x.a(pmu_17xx_40xx.o)
                              ./src/cpu/cpu.o (Chip_PMU_SleepState)
/home/michi/projects/LPCXpresso/lpc_chip_175x_6x/Release/liblpc_chip_175x_6x.a(ring_buffer.o)
                              ./src/misc/event_queue.o (RingBuffer_Init)
/home/michi/projects/LPCXpresso/lpc_chip_175x_6x/Release/liblpc_chip_175x_6x.a(rtc_17xx_40xx.o)
                              ./src/cpu/rtc.o (Chip_RTC_Init)
/home/michi/projects/LPCXpresso/lpc_chip_175x_6x/Release/liblpc_chip_175x_6x.a(spi_17xx_40xx.o)
                              ./src/spi/spi.o (Chip_SPI_SetBitRate)
/home/michi/projects/LPCXpresso/lpc_chip_175x_6x/Release/liblpc_chip_175x_6x.a(stopwatch_17xx_40xx.o)
                              ./src/main.o (StopWatch_Init)
/home/michi/projects/LPCXpresso/lpc_chip_175x_6x/Release/liblpc_chip_175x_6x.a(timer_17xx_40xx.o)
                              /home/michi/projects/LPCXpresso/lpc_chip_175x_6x/Release/liblpc_chip_175x_6x.a(stopwatch_17xx_40xx.o) (Chip_TIMER_Init)
/home/michi/projects/LPCXpresso/lpc_chip_175x_6x/libs/libusbd_175x_6x_lib.a(mw_usbd_rom_api.o)
                              ./src/usb/skynet_cdc.o (cdc_api)
/home/michi/projects/LPCXpresso/lpc_chip_175x_6x/libs/libusbd_175x_6x_lib.a(hw_usbd_ip3503.o)
                              /home/michi/projects/LPCXpresso/lpc_chip_175x_6x/libs/libusbd_175x_6x_lib.a(mw_usbd_rom_api.o) (hwUSB_GetMemSize)
/home/michi/projects/LPCXpresso/lpc_chip_175x_6x/libs/libusbd_175x_6x_lib.a(mw_usbd_cdcuser.o)
                              /home/michi/projects/LPCXpresso/lpc_chip_175x_6x/libs/libusbd_175x_6x_lib.a(mw_usbd_rom_api.o) (mwCDC_SendNotification)
/home/michi/projects/LPCXpresso/lpc_chip_175x_6x/libs/libusbd_175x_6x_lib.a(mw_usbd_core.o)
                              /home/michi/projects/LPCXpresso/lpc_chip_175x_6x/libs/libusbd_175x_6x_lib.a(mw_usbd_rom_api.o) (mwUSB_SetupStage)
/home/michi/projects/LPCXpresso/lpc_chip_175x_6x/libs/libusbd_175x_6x_lib.a(mw_usbd_dfuuser.o)
                              /home/michi/projects/LPCXpresso/lpc_chip_175x_6x/libs/libusbd_175x_6x_lib.a(mw_usbd_rom_api.o) (mwDFU_GetMemSize)
/home/michi/projects/LPCXpresso/lpc_chip_175x_6x/libs/libusbd_175x_6x_lib.a(mw_usbd_hiduser.o)
                              /home/michi/projects/LPCXpresso/lpc_chip_175x_6x/libs/libusbd_175x_6x_lib.a(mw_usbd_rom_api.o) (mwHID_GetMemSize)
/home/michi/projects/LPCXpresso/lpc_chip_175x_6x/libs/libusbd_175x_6x_lib.a(mw_usbd_mscuser.o)
                              /home/michi/projects/LPCXpresso/lpc_chip_175x_6x/libs/libusbd_175x_6x_lib.a(mw_usbd_rom_api.o) (mwMSC_GetMemSize)
/usr/local/lpcxpresso_7.5.0_254/lpcxpresso/tools/bin/../lib/gcc/arm-none-eabi/4.8.4/../../../../arm-none-eabi/lib/armv7-m/libcr_nohost.a(_cr__main.o)
                              ./src/cr_startup_lpc175x_6x.o (__main)
/usr/local/lpcxpresso_7.5.0_254/lpcxpresso/tools/bin/../lib/gcc/arm-none-eabi/4.8.4/../../../../arm-none-eabi/lib/armv7-m/libcr_c.a(memcpy.o)
                              ./src/usb/cdc_vcom.o (memcpy)
/usr/local/lpcxpresso_7.5.0_254/lpcxpresso/tools/bin/../lib/gcc/arm-none-eabi/4.8.4/../../../../arm-none-eabi/lib/armv7-m/libcr_c.a(memset.o)
                              ./src/usb/cdc_vcom.o (memset)
/usr/local/lpcxpresso_7.5.0_254/lpcxpresso/tools/bin/../lib/gcc/arm-none-eabi/4.8.4/../../../../arm-none-eabi/lib/armv7-m/libcr_c.a(alloc.o)
                              ./src/usb/skynet_cdc.o (malloc)
/usr/local/lpcxpresso_7.5.0_254/lpcxpresso/tools/bin/../lib/gcc/arm-none-eabi/4.8.4/../../../../arm-none-eabi/lib/armv7-m/libcr_c.a(fpprintf.o)
                              ./src/usb/skynet_cdc.o (vsnprintf)
/usr/local/lpcxpresso_7.5.0_254/lpcxpresso/tools/bin/../lib/gcc/arm-none-eabi/4.8.4/../../../../arm-none-eabi/lib/armv7-m/libcr_c.a(initio.o)
                              /usr/local/lpcxpresso_7.5.0_254/lpcxpresso/tools/bin/../lib/gcc/arm-none-eabi/4.8.4/../../../../arm-none-eabi/lib/armv7-m/libcr_nohost.a(_cr__main.o) (_initio)
/usr/local/lpcxpresso_7.5.0_254/lpcxpresso/tools/bin/../lib/gcc/arm-none-eabi/4.8.4/../../../../arm-none-eabi/lib/armv7-m/libcr_c.a(printf.o)
[...]
Memory Configuration

Name             Origin             Length             Attributes
MFlash512        0x00010000         0x00070000         xr
RamLoc32         0x10000100         0x00007ef0         xrw
RamBootShared    0x10007ff0         0x00000010         xrw
RamAHB32         0x2007c000         0x00008000         xrw
*default*        0x00000000         0xffffffff

Linker script and memory map

LOAD ./src/usb/cdc_desc.o
LOAD ./src/usb/cdc_vcom.o
LOAD ./src/usb/skynet_cdc.o
LOAD ./src/spi/spi.o
LOAD ./src/radio/radio.o
LOAD ./src/radio/radio_comm.o
LOAD ./src/radio/radio_hal.o
LOAD ./src/radio/si446x_api_lib.o
LOAD ./src/radio/skynet_radio.o
LOAD ./src/periph/adc.o
LOAD ./src/periph/charger.o
LOAD ./src/periph/dcdc.o
LOAD ./src/periph/input.o
LOAD ./src/periph/led.o
LOAD ./src/misc/event_queue.o
LOAD ./src/mac/mac.o
LOAD ./src/mac/mac_frame_data.o
LOAD ./src/gpio/gpio_irq.o
LOAD ./src/cpu/cpu.o
LOAD ./src/cpu/rtc.o
LOAD ./src/cpu/systick.o
LOAD ./src/basestation/wind/windvane/windvane.o
LOAD ./src/basestation/wind/windspeed/windspeed.o
LOAD ./src/basestation/gps/gps.o
LOAD ./src/basestation/compass/compass.o
LOAD ./src/basestation/skynet_basestation.o
LOAD ./src/cr_startup_lpc175x_6x.o
LOAD ./src/crp.o
LOAD ./src/main.o
LOAD ./src/sysinit.o
LOAD /home/michi/projects/LPCXpresso/lpc_chip_175x_6x/Release/liblpc_chip_175x_6x.a
LOAD /home/michi/projects/LPCXpresso/lpc_chip_175x_6x/libs/libusbd_175x_6x_lib.a
START GROUP
LOAD /usr/local/lpcxpresso_7.5.0_254/lpcxpresso/tools/bin/../lib/gcc/arm-none-eabi/4.8.4/../../../../arm-none-eabi/lib/armv7-m/libcr_nohost.a
LOAD /usr/local/lpcxpresso_7.5.0_254/lpcxpresso/tools/bin/../lib/gcc/arm-none-eabi/4.8.4/../../../../arm-none-eabi/lib/armv7-m/libcr_c.a
LOAD /usr/local/lpcxpresso_7.5.0_254/lpcxpresso/tools/bin/../lib/gcc/arm-none-eabi/4.8.4/armv7-m/libcr_eabihelpers.a
END GROUP
                0x00080000                __top_MFlash512 = 0x80000
                0x10007ff0                __top_RamLoc32 = 0x10007ff0
                0x10008000                __top_RamBootShared = 0x10008000
                0x20084000                __top_RamAHB32 = 0x20084000

.text           0x00010000     0x6220
 FILL mask 0xff
                0x00010000                __vectors_start__ = ABSOLUTE (.)
 *(.isr_vector)
 .isr_vector    0x00010000       0xcc ./src/cr_startup_lpc175x_6x.o
                0x00010000                g_pfnVectors
                0x000100cc                . = ALIGN (0x4)
                0x000100cc                __section_table_start = .
                0x000100cc                __data_section_table = .
                0x000100cc        0x4 LONG 0x16220 LOADADDR (.data)
                0x000100d0        0x4 LONG 0x10000100 ADDR (.data)
                0x000100d4        0x4 LONG 0x2a4 SIZEOF (.data)
                0x000100d8        0x4 LONG 0x16220 LOADADDR (.data_RAM2)
                0x000100dc        0x4 LONG 0x10007ff0 ADDR (.data_RAM2)
                0x000100e0        0x4 LONG 0x0 SIZEOF (.data_RAM2)
                0x000100e4        0x4 LONG 0x16220 LOADADDR (.data_RAM3)
                0x000100e8        0x4 LONG 0x2007c000 ADDR (.data_RAM3)
                0x000100ec        0x4 LONG 0x0 SIZEOF (.data_RAM3)
                0x000100f0                __data_section_table_end = .
                0x000100f0                __bss_section_table = .
                0x000100f0        0x4 LONG 0x100003a4 ADDR (.bss)
                0x000100f4        0x4 LONG 0x47c SIZEOF (.bss)
                0x000100f8        0x4 LONG 0x10007ff0 ADDR (.bss_RAM2)
                0x000100fc        0x4 LONG 0x0 SIZEOF (.bss_RAM2)
                0x00010100        0x4 LONG 0x2007c000 ADDR (.bss_RAM3)
                0x00010104        0x4 LONG 0x0 SIZEOF (.bss_RAM3)
                0x00010108                __bss_section_table_end = .
                0x00010108                __section_table_end = .
 *(.after_vectors*)
 .after_vectors
                0x00010108       0x78 ./src/cr_startup_lpc175x_6x.o
                0x00010108                NMI_Handler
                0x0001010a                HardFault_Handler
                0x0001010c                MemManage_Handler
                0x0001010e                BusFault_Handler
                0x00010110                UsageFault_Handler
                0x00010112                SVC_Handler
                0x00010114                DebugMon_Handler
                0x00010116                PendSV_Handler
                0x0001011a                TIMER2_IRQHandler
                0x0001011a                RIT_IRQHandler
                0x0001011a                I2C0_IRQHandler
                0x0001011a                USBActivity_IRQHandler
                0x0001011a                PWM1_IRQHandler
                0x0001011a                I2C1_IRQHandler
                0x0001011a                UART1_IRQHandler
                0x0001011a                CANActivity_IRQHandler
                0x0001011a                TIMER3_IRQHandler
                0x0001011a                UART0_IRQHandler
                0x0001011a                IntDefaultHandler
                0x0001011a                PLL0_IRQHandler
                0x0001011a                CAN_IRQHandler
                0x0001011a                PLL1_IRQHandler
                0x0001011a                SSP0_IRQHandler
                0x0001011a                I2S_IRQHandler
                0x0001011a                I2C2_IRQHandler
                0x0001011a                TIMER0_IRQHandler
                0x0001011a                SPI_IRQHandler
                0x0001011a                TIMER1_IRQHandler
                0x0001011a                UART2_IRQHandler
                0x0001011a                ADC_IRQHandler
                0x0001011a                SSP1_IRQHandler
                0x0001011a                BOD_IRQHandler
                0x0001011a                WDT_IRQHandler
                0x0001011a                QEI_IRQHandler
                0x0001011a                EINT0_IRQHandler
                0x0001011a                ETH_IRQHandler
                0x0001011a                DMA_IRQHandler
                0x0001011a                UART3_IRQHandler
                0x0001011a                MCPWM_IRQHandler
                0x0001011c                data_init
                0x0001012e                bss_init
                0x0001013e                ResetISR
 *(.text*)
 .text.VCOM_bulk_in_hdlr
                0x00010180       0x14 ./src/usb/cdc_vcom.o
 .text.VCOM_SetLineCode
                0x00010194       0x10 ./src/usb/cdc_vcom.o
 .text.VCOM_bulk_out_hdlr
                0x000101a4       0x88 ./src/usb/cdc_vcom.o
 .text.vcom_init
                0x0001022c       0xa0 ./src/usb/cdc_vcom.o
                0x0001022c                vcom_init
 .text.vcom_bread
                0x000102cc       0x58 ./src/usb/cdc_vcom.o
                0x000102cc                vcom_bread
 .text.vcom_write
                0x00010324       0x54 ./src/usb/cdc_vcom.o
                0x00010324                vcom_write
 .text.skynet_cdc_connect
                0x00010378       0x1c ./src/usb/skynet_cdc.o
                0x00010378                skynet_cdc_connect
 .text.skynet_cdc_init
                0x00010394       0xd8 ./src/usb/skynet_cdc.o
                0x00010394                skynet_cdc_init
 .text.USB_IRQHandler
                0x0001046c       0x1c ./src/usb/skynet_cdc.o
                0x0001046c                USB_IRQHandler
 .text.find_IntfDesc
                0x00010488       0x18 ./src/usb/skynet_cdc.o
                0x00010488                find_IntfDesc
 .text.skynet_cdc_flush
                0x000104a0       0x1c ./src/usb/skynet_cdc.o
                0x000104a0                skynet_cdc_flush
 .text.skynet_cdc_write_buffered
                0x000104bc       0x58 ./src/usb/skynet_cdc.o
                0x000104bc                skynet_cdc_write_buffered
 .text.skynet_cdc_write_message
                0x00010514       0x34 ./src/usb/skynet_cdc.o
                0x00010514                skynet_cdc_write_message
 .text.skynet_cdc_write_debug
                0x00010548       0x36 ./src/usb/skynet_cdc.o
                0x00010548                skynet_cdc_write_debug
 *fill*         0x0001057e        0x2 
 .text.skynet_cdc_receive_data
                0x00010580      0x12c ./src/usb/skynet_cdc.o
                0x00010580                skynet_cdc_receive_data
 .text.SPI_Trans
                0x000106ac       0x18 ./src/spi/spi.o
                0x000106ac                SPI_Trans
 .text.SPI_TransBatchWrite
                0x000106c4       0x18 ./src/spi/spi.o
                0x000106c4                SPI_TransBatchWrite
 .text.SPI_TransBatchRead
                0x000106dc       0x1a ./src/spi/spi.o
                0x000106dc                SPI_TransBatchRead
 *fill*         0x000106f6        0x2 
 .text.SPI_AssertSSEL
                0x000106f8       0x18 ./src/spi/spi.o
                0x000106f8                SPI_AssertSSEL
 .text.SPI_DeassertSSEL
                0x00010710       0x18 ./src/spi/spi.o
                0x00010710                SPI_DeassertSSEL
 .text.SPI_Init
                0x00010728       0x54 ./src/spi/spi.o
                0x00010728                SPI_Init
 .text.SPI_Deinit
                0x0001077c       0x14 ./src/spi/spi.o
                0x0001077c                SPI_Deinit
 .text.vRadio_PowerUp
                0x00010790       0x10 ./src/radio/radio.o
                0x00010790                vRadio_PowerUp
 .text.vRadio_Init
                0x000107a0       0x40 ./src/radio/radio.o
                0x000107a0                vRadio_Init
 .text.vRadio_StartRX
                0x000107e0       0x2e ./src/radio/radio.o
                0x000107e0                vRadio_StartRX
 .text.vRadio_StartRXlong
                0x0001080e       0x2c ./src/radio/radio.o
                0x0001080e                vRadio_StartRXlong
 *fill*         0x0001083a        0x2 
 .text.radio_comm_GetResp
                0x0001083c       0x48 ./src/radio/radio_comm.o
                0x0001083c                radio_comm_GetResp
 .text.radio_comm_PollCTS
                0x00010884        0x8 ./src/radio/radio_comm.o
                0x00010884                radio_comm_PollCTS
 .text.radio_comm_SendCmd
                0x0001088c       0x34 ./src/radio/radio_comm.o
                0x0001088c                radio_comm_SendCmd
 .text.radio_comm_ReadData
                0x000108c0       0x38 ./src/radio/radio_comm.o
                0x000108c0                radio_comm_ReadData
 .text.radio_comm_WriteData
                0x000108f8       0x38 ./src/radio/radio_comm.o
                0x000108f8                radio_comm_WriteData
 .text.radio_comm_ClearCTS
                0x00010930        0xc ./src/radio/radio_comm.o
                0x00010930                radio_comm_ClearCTS
 .text.radio_comm_SendCmdGetResp
                0x0001093c       0x16 ./src/radio/radio_comm.o
                0x0001093c                radio_comm_SendCmdGetResp
 *fill*         0x00010952        0x2 
 .text.radio_hal_AssertShutdown
                0x00010954       0x14 ./src/radio/radio_hal.o
                0x00010954                radio_hal_AssertShutdown
 .text.radio_hal_DeassertShutdown
                0x00010968       0x14 ./src/radio/radio_hal.o
                0x00010968                radio_hal_DeassertShutdown
 .text.radio_hal_ClearNsel
                0x0001097c        0x4 ./src/radio/radio_hal.o
                0x0001097c                radio_hal_ClearNsel
 .text.radio_hal_SetNsel
                0x00010980        0x4 ./src/radio/radio_hal.o
                0x00010980                radio_hal_SetNsel
 .text.radio_hal_NirqLevel
                0x00010984       0x10 ./src/radio/radio_hal.o
                0x00010984                radio_hal_NirqLevel
 .text.radio_hal_SpiWriteByte
                0x00010994        0x4 ./src/radio/radio_hal.o
                0x00010994                radio_hal_SpiWriteByte
 .text.radio_hal_SpiReadByte
                0x00010998        0x6 ./src/radio/radio_hal.o
                0x00010998                radio_hal_SpiReadByte
 .text.radio_hal_SpiWriteData
                0x0001099e        0xa ./src/radio/radio_hal.o
                0x0001099e                radio_hal_SpiWriteData
 .text.radio_hal_SpiReadData
                0x000109a8        0xa ./src/radio/radio_hal.o
                0x000109a8                radio_hal_SpiReadData
 .text.si446x_reset
                0x000109b2       0x1e ./src/radio/si446x_api_lib.o
                0x000109b2                si446x_reset
 .text.si446x_part_info
                0x000109d0       0x40 ./src/radio/si446x_api_lib.o
                0x000109d0                si446x_part_info
 .text.si446x_start_tx
                0x00010a10       0x28 ./src/radio/si446x_api_lib.o
                0x00010a10                si446x_start_tx
 .text.si446x_start_rx
                0x00010a38       0x30 ./src/radio/si446x_api_lib.o
                0x00010a38                si446x_start_rx
 .text.si446x_get_int_status
                0x00010a68       0x48 ./src/radio/si446x_api_lib.o
                0x00010a68                si446x_get_int_status
 .text.si446x_configuration_init
                0x00010ab0       0x64 ./src/radio/si446x_api_lib.o
                0x00010ab0                si446x_configuration_init
 .text.si446x_change_state
                0x00010b14       0x14 ./src/radio/si446x_api_lib.o
                0x00010b14                si446x_change_state
 .text.si446x_fifo_info
                0x00010b28       0x2c ./src/radio/si446x_api_lib.o
                0x00010b28                si446x_fifo_info
 .text.si446x_write_tx_fifo
                0x00010b54        0xc ./src/radio/si446x_api_lib.o
                0x00010b54                si446x_write_tx_fifo
 .text.si446x_read_rx_fifo
                0x00010b60        0xc ./src/radio/si446x_api_lib.o
                0x00010b60                si446x_read_rx_fifo
 .text.si446x_func_info
                0x00010b6c       0x38 ./src/radio/si446x_api_lib.o
                0x00010b6c                si446x_func_info
 .text.si446x_get_packet_info
                0x00010ba4       0x38 ./src/radio/si446x_api_lib.o
                0x00010ba4                si446x_get_packet_info
 .text.si446x_get_modem_status
                0x00010bdc       0x44 ./src/radio/si446x_api_lib.o
                0x00010bdc                si446x_get_modem_status
 .text.radio_pin_init
                0x00010c20       0x18 ./src/radio/skynet_radio.o
                0x00010c20                radio_pin_init
 .text.radio_set_irq
                0x00010c38       0x20 ./src/radio/skynet_radio.o
                0x00010c38                radio_set_irq
 .text.radio_init
                0x00010c58       0x48 ./src/radio/skynet_radio.o
                0x00010c58                radio_init
 .text.radio_unset_irq
                0x00010ca0       0x14 ./src/radio/skynet_radio.o
                0x00010ca0                radio_unset_irq
 .text.radio_shutdown
                0x00010cb4       0x20 ./src/radio/skynet_radio.o
                0x00010cb4                radio_shutdown
 .text.radio_disable_irq
                0x00010cd4        0x8 ./src/radio/skynet_radio.o
                0x00010cd4                radio_disable_irq
 .text.radio_enable_irq
                0x00010cdc        0x8 ./src/radio/skynet_radio.o
                0x00010cdc                radio_enable_irq
 .text.radio_packet_handler
                0x00010ce4       0xf4 ./src/radio/skynet_radio.o
                0x00010ce4                radio_packet_handler
 .text.si446x_set_property_lpc
                0x00010dd8       0x58 ./src/radio/skynet_radio.o
                0x00010dd8                si446x_set_property_lpc
 .text.radio_reset_packet_size
                0x00010e30       0x18 ./src/radio/skynet_radio.o
                0x00010e30                radio_reset_packet_size
 .text.radio_send_variable_packet
                0x00010e48      0x124 ./src/radio/skynet_radio.o
                0x00010e48                radio_send_variable_packet
 .text.adc_start_buffered_measure
                0x00010f6c       0x10 ./src/periph/adc.o
                0x00010f6c                adc_start_buffered_measure
 .text.adc_activate
                0x00010f7c       0x34 ./src/periph/adc.o
                0x00010f7c                adc_activate
 .text.adc_measure
                0x00010fb0       0x30 ./src/periph/adc.o
                0x00010fb0                adc_measure
 .text.adc_read_buffered_measure
                0x00010fe0       0x40 ./src/periph/adc.o
                0x00010fe0                adc_read_buffered_measure
 .text.adc_deactivate
                0x00011020       0x20 ./src/periph/adc.o
                0x00011020                adc_deactivate
 .text.adc_init
                0x00011040       0x28 ./src/periph/adc.o
                0x00011040                adc_init
 .text.charger_set_mode.part.1
                0x00011068       0x18 ./src/periph/charger.o
 .text.charger_init
                0x00011080       0x70 ./src/periph/charger.o
                0x00011080                charger_init
 .text.charger_set_mode
                0x000110f0       0x34 ./src/periph/charger.o
                0x000110f0                charger_set_mode
 .text.charger_check_port
                0x00011124        0x6 ./src/periph/charger.o
                0x00011124                charger_check_port
 *fill*         0x0001112a        0x2 
 .text.EINT2_IRQHandler
                0x0001112c       0x20 ./src/periph/charger.o
                0x0001112c                EINT2_IRQHandler
 .text.dcdc_set_powersave
                0x0001114c       0x18 ./src/periph/dcdc.o
                0x0001114c                dcdc_set_powersave
 .text.dcdc_init
                0x00011164       0x14 ./src/periph/dcdc.o
                0x00011164                dcdc_init
 .text.input_init
                0x00011178       0x40 ./src/periph/input.o
                0x00011178                input_init
 .text.input_state
                0x000111b8       0x14 ./src/periph/input.o
                0x000111b8                input_state
 .text.input_pressed
                0x000111cc       0x1c ./src/periph/input.o
                0x000111cc                input_pressed
 .text.recheck_switch_state
                0x000111e8      0x148 ./src/periph/input.o
                0x000111e8                recheck_switch_state
 .text.EINT1_IRQHandler
                0x00011330       0x44 ./src/periph/input.o
                0x00011330                EINT1_IRQHandler
 .text.skynet_led
                0x00011374       0x1c ./src/periph/led.o
                0x00011374                skynet_led
 .text.skynet_led_init
                0x00011390       0x14 ./src/periph/led.o
                0x00011390                skynet_led_init
 .text.skynet_led_off
                0x000113a4        0x6 ./src/periph/led.o
 *fill*         0x000113aa        0x2 
 .text.skynet_led_blink_passive
                0x000113ac       0x1c ./src/periph/led.o
                0x000113ac                skynet_led_blink_passive
 .text.skynet_led_blink_active
                0x000113c8       0x1a ./src/periph/led.o
                0x000113c8                skynet_led_blink_active
 *fill*         0x000113e2        0x2 
 .text.events_init
                0x000113e4       0x20 ./src/misc/event_queue.o
                0x000113e4                events_init
 .text.events_enqueue
                0x00011404       0x20 ./src/misc/event_queue.o
                0x00011404                events_enqueue
 .text.events_dequeue
                0x00011424       0x20 ./src/misc/event_queue.o
                0x00011424                events_dequeue
 .text.channel_idle
                0x00011444       0x1c ./src/mac/mac.o
                0x00011444                channel_idle
 .text.mac_transmit_data
                0x00011460       0x70 ./src/mac/mac.o
                0x00011460                mac_transmit_data
 .text.mac_transmit_packet
                0x000114d0       0x72 ./src/mac/mac.o
                0x000114d0                mac_transmit_packet
 .text.mac_frame_data_estimate_size
                0x00011542        0x8 ./src/mac/mac_frame_data.o
                0x00011542                mac_frame_data_estimate_size
 .text.mac_frame_data_init
                0x0001154a       0x26 ./src/mac/mac_frame_data.o
                0x0001154a                mac_frame_data_init
 .text.mac_frame_data_pack
                0x00011570       0xa4 ./src/mac/mac_frame_data.o
                0x00011570                mac_frame_data_pack
 .text.EINT3_IRQHandler
                0x00011614       0x38 ./src/gpio/gpio_irq.o
                0x00011614                EINT3_IRQHandler
 .text.enable_gpio_irq
                0x0001164c       0x40 ./src/gpio/gpio_irq.o
                0x0001164c                enable_gpio_irq
 .text.disable_gpio_irq
                0x0001168c       0x44 ./src/gpio/gpio_irq.o
                0x0001168c                disable_gpio_irq
 .text.NVIC_SystemReset
                0x000116d0       0x20 ./src/cpu/cpu.o
 .text.cpu_set_speed
                0x000116f0       0x2a ./src/cpu/cpu.o
                0x000116f0                cpu_set_speed
 *fill*         0x0001171a        0x2 
 .text.cpu_sleep
                0x0001171c        0xc ./src/cpu/cpu.o
                0x0001171c                cpu_sleep
 .text.cpu_reset
                0x00011728       0x10 ./src/cpu/cpu.o
                0x00011728                cpu_reset
 .text.cpu_enter_iap_mode
                0x00011738       0x10 ./src/cpu/cpu.o
                0x00011738                cpu_enter_iap_mode
 .text.rtc_init
                0x00011748       0x54 ./src/cpu/rtc.o
                0x00011748                rtc_init
 .text.RTC_IRQHandler
                0x0001179c       0x2c ./src/cpu/rtc.o
                0x0001179c                RTC_IRQHandler
 .text.msDelayCallback
                0x000117c8        0xc ./src/cpu/systick.o
                0x000117c8                msDelayCallback
 .text.SysTick_Handler
                0x000117d4       0x3c ./src/cpu/systick.o
                0x000117d4                SysTick_Handler
 .text.msDelayActive
                0x00011810       0x1a ./src/cpu/systick.o
                0x00011810                msDelayActive
 *fill*         0x0001182a        0x2 
 .text.enable_systick
                0x0001182c       0x3c ./src/cpu/systick.o
                0x0001182c                enable_systick
 .text.register_delayed_event
                0x00011868       0x30 ./src/cpu/systick.o
                0x00011868                register_delayed_event
 .text.msDelay  0x00011898       0x28 ./src/cpu/systick.o
                0x00011898                msDelay
 .text.debug_send_rf
                0x000118c0       0x1c ./src/main.o
                0x000118c0                debug_send_rf
 .text.skynet_received_packet
                0x000118dc       0x40 ./src/main.o
                0x000118dc                skynet_received_packet
 .text.skynet_cdc_received_message
                0x0001191c       0x3c ./src/main.o
                0x0001191c                skynet_cdc_received_message
 .text.startup.main
                0x00011958      0x170 ./src/main.o
                0x00011958                main
 .text.Board_SetupMuxing
                0x00011ac8      0x260 ./src/sysinit.o
                0x00011ac8                Board_SetupMuxing
 .text.SystemSetupClocking
                0x00011d28       0x80 ./src/sysinit.o
                0x00011d28                SystemSetupClocking
 .text.SystemInit
                0x00011da8       0x58 ./src/sysinit.o
                0x00011da8                SystemInit
 .text.setStartMode
                0x00011e00        0xe /home/michi/projects/LPCXpresso/lpc_chip_175x_6x/Release/liblpc_chip_175x_6x.a(adc_17xx_40xx.o)
                0x00011e00                setStartMode
 *fill*         0x00011e0e        0x2 
 .text.Chip_ADC_Init
                0x00011e10       0x4c /home/michi/projects/LPCXpresso/lpc_chip_175x_6x/Release/liblpc_chip_175x_6x.a(adc_17xx_40xx.o)
                0x00011e10                Chip_ADC_Init
 .text.Chip_ADC_ReadValue
                0x00011e5c       0x16 /home/michi/projects/LPCXpresso/lpc_chip_175x_6x/Release/liblpc_chip_175x_6x.a(adc_17xx_40xx.o)
                0x00011e5c                Chip_ADC_ReadValue
 .text.Chip_ADC_ReadStatus
                0x00011e72       0x2c /home/michi/projects/LPCXpresso/lpc_chip_175x_6x/Release/liblpc_chip_175x_6x.a(adc_17xx_40xx.o)
                0x00011e72                Chip_ADC_ReadStatus
 .text.Chip_ADC_SetStartMode
                0x00011e9e       0x18 /home/michi/projects/LPCXpresso/lpc_chip_175x_6x/Release/liblpc_chip_175x_6x.a(adc_17xx_40xx.o)
                0x00011e9e                Chip_ADC_SetStartMode
 .text.Chip_ADC_EnableChannel
                0x00011eb6       0x24 /home/michi/projects/LPCXpresso/lpc_chip_175x_6x/Release/liblpc_chip_175x_6x.a(adc_17xx_40xx.o)
                0x00011eb6                Chip_ADC_EnableChannel
 *fill*         0x00011eda        0x2 
 .text.SystemCoreClockUpdate
                0x00011edc       0x10 /home/michi/projects/LPCXpresso/lpc_chip_175x_6x/Release/liblpc_chip_175x_6x.a(chip_17xx_40xx.o)
                0x00011edc                SystemCoreClockUpdate
 .text.Chip_USB_Init
                0x00011eec       0x40 /home/michi/projects/LPCXpresso/lpc_chip_175x_6x/Release/liblpc_chip_175x_6x.a(chip_17xx_40xx.o)
                0x00011eec                Chip_USB_Init
 .text.Chip_Clock_EnablePLL
                0x00011f2c       0x24 /home/michi/projects/LPCXpresso/lpc_chip_175x_6x/Release/liblpc_chip_175x_6x.a(clock_17xx_40xx.o)
                0x00011f2c                Chip_Clock_EnablePLL
 .text.Chip_Clock_DisablePLL
                0x00011f50       0x28 /home/michi/projects/LPCXpresso/lpc_chip_175x_6x/Release/liblpc_chip_175x_6x.a(clock_17xx_40xx.o)
                0x00011f50                Chip_Clock_DisablePLL
 .text.Chip_Clock_SetupPLL
                0x00011f78       0x30 /home/michi/projects/LPCXpresso/lpc_chip_175x_6x/Release/liblpc_chip_175x_6x.a(clock_17xx_40xx.o)
                0x00011f78                Chip_Clock_SetupPLL
 .text.Chip_Clock_EnablePeriphClock
                0x00011fa8       0x18 /home/michi/projects/LPCXpresso/lpc_chip_175x_6x/Release/liblpc_chip_175x_6x.a(clock_17xx_40xx.o)
                0x00011fa8                Chip_Clock_EnablePeriphClock
 .text.Chip_Clock_DisablePeriphClock
                0x00011fc0       0x1c /home/michi/projects/LPCXpresso/lpc_chip_175x_6x/Release/liblpc_chip_175x_6x.a(clock_17xx_40xx.o)
                0x00011fc0                Chip_Clock_DisablePeriphClock
 .text.Chip_Clock_SetCPUClockSource
                0x00011fdc       0x14 /home/michi/projects/LPCXpresso/lpc_chip_175x_6x/Release/liblpc_chip_175x_6x.a(clock_17xx_40xx.o)
                0x00011fdc                Chip_Clock_SetCPUClockSource
 .text.Chip_Clock_GetCPUClockSource
                0x00011ff0       0x10 /home/michi/projects/LPCXpresso/lpc_chip_175x_6x/Release/liblpc_chip_175x_6x.a(clock_17xx_40xx.o)
                0x00011ff0                Chip_Clock_GetCPUClockSource
 .text.Chip_Clock_SetCPUClockDiv
                0x00012000        0xc /home/michi/projects/LPCXpresso/lpc_chip_175x_6x/Release/liblpc_chip_175x_6x.a(clock_17xx_40xx.o)
                0x00012000                Chip_Clock_SetCPUClockDiv
 .text.Chip_Clock_GetCPUClockDiv
                0x0001200c       0x10 /home/michi/projects/LPCXpresso/lpc_chip_175x_6x/Release/liblpc_chip_175x_6x.a(clock_17xx_40xx.o)
                0x0001200c                Chip_Clock_GetCPUClockDiv
 .text.Chip_Clock_SetUSBClockDiv
                0x0001201c       0x18 /home/michi/projects/LPCXpresso/lpc_chip_175x_6x/Release/liblpc_chip_175x_6x.a(clock_17xx_40xx.o)
                0x0001201c                Chip_Clock_SetUSBClockDiv
 .text.Chip_Clock_GetPCLKDiv
                0x00012034       0x38 /home/michi/projects/LPCXpresso/lpc_chip_175x_6x/Release/liblpc_chip_175x_6x.a(clock_17xx_40xx.o)
                0x00012034                Chip_Clock_GetPCLKDiv
 .text.Chip_Clock_GetSYSCLKRate
                0x0001206c       0x38 /home/michi/projects/LPCXpresso/lpc_chip_175x_6x/Release/liblpc_chip_175x_6x.a(clock_17xx_40xx.o)
                0x0001206c                Chip_Clock_GetSYSCLKRate
 .text.Chip_Clock_GetMainPLLOutClockRate
                0x000120a4       0x34 /home/michi/projects/LPCXpresso/lpc_chip_175x_6x/Release/liblpc_chip_175x_6x.a(clock_17xx_40xx.o)
                0x000120a4                Chip_Clock_GetMainPLLOutClockRate
 .text.Chip_Clock_GetMainClockRate
                0x000120d8       0x20 /home/michi/projects/LPCXpresso/lpc_chip_175x_6x/Release/liblpc_chip_175x_6x.a(clock_17xx_40xx.o)
                0x000120d8                Chip_Clock_GetMainClockRate
 .text.Chip_Clock_GetSystemClockRate
                0x000120f8       0x12 /home/michi/projects/LPCXpresso/lpc_chip_175x_6x/Release/liblpc_chip_175x_6x.a(clock_17xx_40xx.o)
                0x000120f8                Chip_Clock_GetSystemClockRate
 .text.Chip_Clock_GetPeripheralClockRate
                0x0001210a       0x16 /home/michi/projects/LPCXpresso/lpc_chip_175x_6x/Release/liblpc_chip_175x_6x.a(clock_17xx_40xx.o)
                0x0001210a                Chip_Clock_GetPeripheralClockRate
 .text.Chip_IOCON_PinMux
                0x00012120       0x38 /home/michi/projects/LPCXpresso/lpc_chip_175x_6x/Release/liblpc_chip_175x_6x.a(iocon_17xx_40xx.o)
                0x00012120                Chip_IOCON_PinMux
 .text.Chip_IOCON_PinMuxSet
                0x00012158       0x12 /home/michi/projects/LPCXpresso/lpc_chip_175x_6x/Release/liblpc_chip_175x_6x.a(iocon_17xx_40xx.o)
                0x00012158                Chip_IOCON_PinMuxSet
 .text.Chip_IOCON_SetPinMuxing
                0x0001216a       0x2e /home/michi/projects/LPCXpresso/lpc_chip_175x_6x/Release/liblpc_chip_175x_6x.a(iocon_17xx_40xx.o)
                0x0001216a                Chip_IOCON_SetPinMuxing
 .text.Chip_PMU_SleepState
                0x00012198       0x1c /home/michi/projects/LPCXpresso/lpc_chip_175x_6x/Release/liblpc_chip_175x_6x.a(pmu_17xx_40xx.o)
                0x00012198                Chip_PMU_SleepState
 .text.RingBuffer_Init
                0x000121b4       0x10 /home/michi/projects/LPCXpresso/lpc_chip_175x_6x/Release/liblpc_chip_175x_6x.a(ring_buffer.o)
                0x000121b4                RingBuffer_Init
 .text.RingBuffer_Insert
                0x000121c4       0x32 /home/michi/projects/LPCXpresso/lpc_chip_175x_6x/Release/liblpc_chip_175x_6x.a(ring_buffer.o)
                0x000121c4                RingBuffer_Insert
 .text.RingBuffer_Pop
                0x000121f6       0x30 /home/michi/projects/LPCXpresso/lpc_chip_175x_6x/Release/liblpc_chip_175x_6x.a(ring_buffer.o)
                0x000121f6                RingBuffer_Pop
 .text.Chip_RTC_ResetClockTickCounter
                0x00012226       0x1e /home/michi/projects/LPCXpresso/lpc_chip_175x_6x/Release/liblpc_chip_175x_6x.a(rtc_17xx_40xx.o)
                0x00012226                Chip_RTC_ResetClockTickCounter
 .text.Chip_RTC_Init
                0x00012244       0x34 /home/michi/projects/LPCXpresso/lpc_chip_175x_6x/Release/liblpc_chip_175x_6x.a(rtc_17xx_40xx.o)
                0x00012244                Chip_RTC_Init
 .text.Chip_RTC_Enable
                0x00012278       0x1e /home/michi/projects/LPCXpresso/lpc_chip_175x_6x/Release/liblpc_chip_175x_6x.a(rtc_17xx_40xx.o)
                0x00012278                Chip_RTC_Enable
 .text.Chip_RTC_CntIncrIntConfig
                0x00012296       0x1c /home/michi/projects/LPCXpresso/lpc_chip_175x_6x/Release/liblpc_chip_175x_6x.a(rtc_17xx_40xx.o)
                0x00012296                Chip_RTC_CntIncrIntConfig
 .text.Chip_RTC_SetFullTime
                0x000122b2       0x26 /home/michi/projects/LPCXpresso/lpc_chip_175x_6x/Release/liblpc_chip_175x_6x.a(rtc_17xx_40xx.o)
                0x000122b2                Chip_RTC_SetFullTime
 .text.Chip_RTC_GetFullTime
                0x000122d8       0x28 /home/michi/projects/LPCXpresso/lpc_chip_175x_6x/Release/liblpc_chip_175x_6x.a(rtc_17xx_40xx.o)
                0x000122d8                Chip_RTC_GetFullTime
 .text.Chip_SPI_SetBitRate
                0x00012300       0x26 /home/michi/projects/LPCXpresso/lpc_chip_175x_6x/Release/liblpc_chip_175x_6x.a(spi_17xx_40xx.o)
                0x00012300                Chip_SPI_SetBitRate
 *fill*         0x00012326        0x2 
 .text.Chip_SPI_Init
                0x00012328       0x38 /home/michi/projects/LPCXpresso/lpc_chip_175x_6x/Release/liblpc_chip_175x_6x.a(spi_17xx_40xx.o)
                0x00012328                Chip_SPI_Init
 .text.Chip_SPI_DeInit
                0x00012360        0x6 /home/michi/projects/LPCXpresso/lpc_chip_175x_6x/Release/liblpc_chip_175x_6x.a(spi_17xx_40xx.o)
                0x00012360                Chip_SPI_DeInit
 *fill*         0x00012366        0x2 
 .text.StopWatch_Init
                0x00012368       0x4c /home/michi/projects/LPCXpresso/lpc_chip_175x_6x/Release/liblpc_chip_175x_6x.a(stopwatch_17xx_40xx.o)
                0x00012368                StopWatch_Init
 .text.StopWatch_Start
                0x000123b4        0xc /home/michi/projects/LPCXpresso/lpc_chip_175x_6x/Release/liblpc_chip_175x_6x.a(stopwatch_17xx_40xx.o)
                0x000123b4                StopWatch_Start
 .text.StopWatch_MsToTicks
                0x000123c0        0xc /home/michi/projects/LPCXpresso/lpc_chip_175x_6x/Release/liblpc_chip_175x_6x.a(stopwatch_17xx_40xx.o)
                0x000123c0                StopWatch_MsToTicks
 .text.Chip_TIMER_Init
                0x000123cc       0x2c /home/michi/projects/LPCXpresso/lpc_chip_175x_6x/Release/liblpc_chip_175x_6x.a(timer_17xx_40xx.o)
                0x000123cc                Chip_TIMER_Init
 .text.EPAdr    0x000123f8       0x10 /home/michi/projects/LPCXpresso/lpc_chip_175x_6x/libs/libusbd_175x_6x_lib.a(hw_usbd_ip3503.o)
                0x000123f8                EPAdr
 .text.hwWrCmd  0x00012408       0x10 /home/michi/projects/LPCXpresso/lpc_chip_175x_6x/libs/libusbd_175x_6x_lib.a(hw_usbd_ip3503.o)
                0x00012408                hwWrCmd
 .text.hwWrCmdDat
                0x00012418       0x16 /home/michi/projects/LPCXpresso/lpc_chip_175x_6x/libs/libusbd_175x_6x_lib.a(hw_usbd_ip3503.o)
                0x00012418                hwWrCmdDat
 .text.hwWrCmdEP
                0x0001242e       0x24 /home/michi/projects/LPCXpresso/lpc_chip_175x_6x/libs/libusbd_175x_6x_lib.a(hw_usbd_ip3503.o)
                0x0001242e                hwWrCmdEP
 .text.hwRdCmdDat
                0x00012452       0x12 /home/michi/projects/LPCXpresso/lpc_chip_175x_6x/libs/libusbd_175x_6x_lib.a(hw_usbd_ip3503.o)
                0x00012452                hwRdCmdDat
 .text.hwUSB_GetMemSize
                0x00012464        0x6 /home/michi/projects/LPCXpresso/lpc_chip_175x_6x/libs/libusbd_175x_6x_lib.a(hw_usbd_ip3503.o)
                0x00012464                hwUSB_GetMemSize
 *fill*         0x0001246a        0x2 
 .text.hwUSB_Connect
                0x0001246c       0x1c /home/michi/projects/LPCXpresso/lpc_chip_175x_6x/libs/libusbd_175x_6x_lib.a(hw_usbd_ip3503.o)
                0x0001246c                hwUSB_Connect
 .text.hwUSB_Reset
                0x00012488       0x30 /home/michi/projects/LPCXpresso/lpc_chip_175x_6x/libs/libusbd_175x_6x_lib.a(hw_usbd_ip3503.o)
                0x00012488                hwUSB_Reset
 .text.hwUSB_WakeUp
                0x000124b8       0x20 /home/michi/projects/LPCXpresso/lpc_chip_175x_6x/libs/libusbd_175x_6x_lib.a(hw_usbd_ip3503.o)
                0x000124b8                hwUSB_WakeUp
 .text.hwUSB_WakeUpCfg
                0x000124d8        0x2 /home/michi/projects/LPCXpresso/lpc_chip_175x_6x/libs/libusbd_175x_6x_lib.a(hw_usbd_ip3503.o)
                0x000124d8                hwUSB_WakeUpCfg
 *fill*         0x000124da        0x2 
 .text.hwUSB_SetAddress
                0x000124dc       0x30 /home/michi/projects/LPCXpresso/lpc_chip_175x_6x/libs/libusbd_175x_6x_lib.a(hw_usbd_ip3503.o)
                0x000124dc                hwUSB_SetAddress
 .text.hwUSB_Init
                0x0001250c       0x84 /home/michi/projects/LPCXpresso/lpc_chip_175x_6x/libs/libusbd_175x_6x_lib.a(hw_usbd_ip3503.o)
                0x0001250c                hwUSB_Init
 .text.hwUSB_Configure
                0x00012590       0x34 /home/michi/projects/LPCXpresso/lpc_chip_175x_6x/libs/libusbd_175x_6x_lib.a(hw_usbd_ip3503.o)
                0x00012590                hwUSB_Configure
 .text.hwUSB_ConfigEP
                0x000125c4       0x32 /home/michi/projects/LPCXpresso/lpc_chip_175x_6x/libs/libusbd_175x_6x_lib.a(hw_usbd_ip3503.o)
                0x000125c4                hwUSB_ConfigEP
 .text.hwUSB_DirCtrlEP
                0x000125f6        0x2 /home/michi/projects/LPCXpresso/lpc_chip_175x_6x/libs/libusbd_175x_6x_lib.a(hw_usbd_ip3503.o)
                0x000125f6                hwUSB_DirCtrlEP
 .text.hwUSB_EnableEP
                0x000125f8       0x24 /home/michi/projects/LPCXpresso/lpc_chip_175x_6x/libs/libusbd_175x_6x_lib.a(hw_usbd_ip3503.o)
                0x000125f8                hwUSB_EnableEP
 .text.hwUSB_DisableEP
                0x0001261c       0x28 /home/michi/projects/LPCXpresso/lpc_chip_175x_6x/libs/libusbd_175x_6x_lib.a(hw_usbd_ip3503.o)
                0x0001261c                hwUSB_DisableEP
 .text.hwUSB_ResetEP
                0x00012644       0x24 /home/michi/projects/LPCXpresso/lpc_chip_175x_6x/libs/libusbd_175x_6x_lib.a(hw_usbd_ip3503.o)
                0x00012644                hwUSB_ResetEP
 .text.hwUSB_SetStallEP
                0x00012668       0x28 /home/michi/projects/LPCXpresso/lpc_chip_175x_6x/libs/libusbd_175x_6x_lib.a(hw_usbd_ip3503.o)
                0x00012668                hwUSB_SetStallEP
 .text.hwUSB_ClrStallEP
                0x00012690       0x24 /home/michi/projects/LPCXpresso/lpc_chip_175x_6x/libs/libusbd_175x_6x_lib.a(hw_usbd_ip3503.o)
                0x00012690                hwUSB_ClrStallEP
 .text.hwUSB_EnableEvent
                0x000126b4       0xd8 /home/michi/projects/LPCXpresso/lpc_chip_175x_6x/libs/libusbd_175x_6x_lib.a(hw_usbd_ip3503.o)
                0x000126b4                hwUSB_EnableEvent
 .text.hwUSB_ReadEP
                0x0001278c       0x80 /home/michi/projects/LPCXpresso/lpc_chip_175x_6x/libs/libusbd_175x_6x_lib.a(hw_usbd_ip3503.o)
                0x0001278c                hwUSB_ReadEP
 .text.hwUSB_ForceFullSpeed
                0x0001280c        0x2 /home/michi/projects/LPCXpresso/lpc_chip_175x_6x/libs/libusbd_175x_6x_lib.a(hw_usbd_ip3503.o)
                0x0001280c                hwUSB_ForceFullSpeed
 .text.hwUSB_SetTestMode
                0x0001280e        0x4 /home/michi/projects/LPCXpresso/lpc_chip_175x_6x/libs/libusbd_175x_6x_lib.a(hw_usbd_ip3503.o)
                0x0001280e                hwUSB_SetTestMode
 .text.hwUSB_ReadReqEP
                0x00012812        0x4 /home/michi/projects/LPCXpresso/lpc_chip_175x_6x/libs/libusbd_175x_6x_lib.a(hw_usbd_ip3503.o)
                0x00012812                hwUSB_ReadReqEP
 .text.hwUSB_ReadSetupPkt
                0x00012816        0x4 /home/michi/projects/LPCXpresso/lpc_chip_175x_6x/libs/libusbd_175x_6x_lib.a(hw_usbd_ip3503.o)
                0x00012816                hwUSB_ReadSetupPkt
 *fill*         0x0001281a        0x2 
 .text.hwUSB_WriteEP
                0x0001281c       0x44 /home/michi/projects/LPCXpresso/lpc_chip_175x_6x/libs/libusbd_175x_6x_lib.a(hw_usbd_ip3503.o)
                0x0001281c                hwUSB_WriteEP
 .text.hwUSB_ISR
                0x00012860      0x1a0 /home/michi/projects/LPCXpresso/lpc_chip_175x_6x/libs/libusbd_175x_6x_lib.a(hw_usbd_ip3503.o)
                0x00012860                hwUSB_ISR
 .text.mwCDC_SetRequest
                0x00012a00       0x7c /home/michi/projects/LPCXpresso/lpc_chip_175x_6x/libs/libusbd_175x_6x_lib.a(mw_usbd_cdcuser.o)
                0x00012a00                mwCDC_SetRequest
 .text.mwCDC_ep0_hdlr
                0x00012a7c       0xb0 /home/michi/projects/LPCXpresso/lpc_chip_175x_6x/libs/libusbd_175x_6x_lib.a(mw_usbd_cdcuser.o)
                0x00012a7c                mwCDC_ep0_hdlr
 .text.mwCDC_GetRequest
                0x00012b2c       0x50 /home/michi/projects/LPCXpresso/lpc_chip_175x_6x/libs/libusbd_175x_6x_lib.a(mw_usbd_cdcuser.o)
                0x00012b2c                mwCDC_GetRequest
 .text.mwCDC_SendNotification
                0x00012b7c       0x50 /home/michi/projects/LPCXpresso/lpc_chip_175x_6x/libs/libusbd_175x_6x_lib.a(mw_usbd_cdcuser.o)
                0x00012b7c                mwCDC_SendNotification
 .text.mwCDC_GetMemSize
                0x00012bcc        0x4 /home/michi/projects/LPCXpresso/lpc_chip_175x_6x/libs/libusbd_175x_6x_lib.a(mw_usbd_cdcuser.o)
                0x00012bcc                mwCDC_GetMemSize
 .text.mwCDC_init
                0x00012bd0      0x140 /home/michi/projects/LPCXpresso/lpc_chip_175x_6x/libs/libusbd_175x_6x_lib.a(mw_usbd_cdcuser.o)
                0x00012bd0                mwCDC_init
 .text.USB_ReqGetConfiguration
                0x00012d10       0x20 /home/michi/projects/LPCXpresso/lpc_chip_175x_6x/libs/libusbd_175x_6x_lib.a(mw_usbd_core.o)
                0x00012d10                USB_ReqGetConfiguration
 .text.USBD_virt_to_phys
                0x00012d30        0x2 /home/michi/projects/LPCXpresso/lpc_chip_175x_6x/libs/libusbd_175x_6x_lib.a(mw_usbd_core.o)
                0x00012d30                USBD_virt_to_phys
 .text.USBD_cache_flush
                0x00012d32        0x2 /home/michi/projects/LPCXpresso/lpc_chip_175x_6x/libs/libusbd_175x_6x_lib.a(mw_usbd_core.o)
                0x00012d32                USBD_cache_flush
 .text.USB_ReqGetStatus
                0x00012d34       0x8c /home/michi/projects/LPCXpresso/lpc_chip_175x_6x/libs/libusbd_175x_6x_lib.a(mw_usbd_core.o)
                0x00012d34                USB_ReqGetStatus
 .text.USB_ReqGetDescriptor
                0x00012dc0       0x84 /home/michi/projects/LPCXpresso/lpc_chip_175x_6x/libs/libusbd_175x_6x_lib.a(mw_usbd_core.o)
                0x00012dc0                USB_ReqGetDescriptor
 .text.USB_ReqGetInterface
                0x00012e44       0x34 /home/michi/projects/LPCXpresso/lpc_chip_175x_6x/libs/libusbd_175x_6x_lib.a(mw_usbd_core.o)
                0x00012e44                USB_ReqGetInterface
 .text.USB_ReqSetClrFeature
                0x00012e78       0xb4 /home/michi/projects/LPCXpresso/lpc_chip_175x_6x/libs/libusbd_175x_6x_lib.a(mw_usbd_core.o)
                0x00012e78                USB_ReqSetClrFeature
 .text.USB_ReqSetConfiguration
                0x00012f2c      0x194 /home/michi/projects/LPCXpresso/lpc_chip_175x_6x/libs/libusbd_175x_6x_lib.a(mw_usbd_core.o)
                0x00012f2c                USB_ReqSetConfiguration
 .text.USB_ReqSetInterface
                0x000130c0      0x144 /home/michi/projects/LPCXpresso/lpc_chip_175x_6x/libs/libusbd_175x_6x_lib.a(mw_usbd_core.o)
                0x000130c0                USB_ReqSetInterface
 .text.mwUSB_SetupStage
                0x00013204        0xa /home/michi/projects/LPCXpresso/lpc_chip_175x_6x/libs/libusbd_175x_6x_lib.a(mw_usbd_core.o)
                0x00013204                mwUSB_SetupStage
 .text.mwUSB_DataInStage
                0x0001320e       0x2e /home/michi/projects/LPCXpresso/lpc_chip_175x_6x/libs/libusbd_175x_6x_lib.a(mw_usbd_core.o)
                0x0001320e                mwUSB_DataInStage
 .text.mwUSB_DataOutStage
                0x0001323c       0x24 /home/michi/projects/LPCXpresso/lpc_chip_175x_6x/libs/libusbd_175x_6x_lib.a(mw_usbd_core.o)
                0x0001323c                mwUSB_DataOutStage
 .text.mwUSB_StatusInStage
                0x00013260        0xa /home/michi/projects/LPCXpresso/lpc_chip_175x_6x/libs/libusbd_175x_6x_lib.a(mw_usbd_core.o)
                0x00013260                mwUSB_StatusInStage
 .text.mwUSB_StatusOutStage
                0x0001326a        0xa /home/michi/projects/LPCXpresso/lpc_chip_175x_6x/libs/libusbd_175x_6x_lib.a(mw_usbd_core.o)
                0x0001326a                mwUSB_StatusOutStage
 .text.mwUSB_StallEp0
                0x00013274       0x12 /home/michi/projects/LPCXpresso/lpc_chip_175x_6x/libs/libusbd_175x_6x_lib.a(mw_usbd_core.o)
                0x00013274                mwUSB_StallEp0
 *fill*         0x00013286        0x2 
 .text.USB_ReqSetAddress
                0x00013288       0x24 /home/michi/projects/LPCXpresso/lpc_chip_175x_6x/libs/libusbd_175x_6x_lib.a(mw_usbd_core.o)
                0x00013288                USB_ReqSetAddress
 .text.USB_InvokeEp0Hdlrs
                0x000132ac       0x44 /home/michi/projects/LPCXpresso/lpc_chip_175x_6x/libs/libusbd_175x_6x_lib.a(mw_usbd_core.o)
                0x000132ac                USB_InvokeEp0Hdlrs
 .text.mwUSB_ResetCore
                0x000132f0       0x26 /home/michi/projects/LPCXpresso/lpc_chip_175x_6x/libs/libusbd_175x_6x_lib.a(mw_usbd_core.o)
                0x000132f0                mwUSB_ResetCore
 *fill*         0x00013316        0x2 
 .text.USB_EvtSetupHandler
                0x00013318      0x108 /home/michi/projects/LPCXpresso/lpc_chip_175x_6x/libs/libusbd_175x_6x_lib.a(mw_usbd_core.o)
                0x00013318                USB_EvtSetupHandler
 .text.USB_EvtOutHandler
                0x00013420       0x68 /home/michi/projects/LPCXpresso/lpc_chip_175x_6x/libs/libusbd_175x_6x_lib.a(mw_usbd_core.o)
                0x00013420                USB_EvtOutHandler
 .text.USB_EndPoint0
                0x00013488       0x94 /home/michi/projects/LPCXpresso/lpc_chip_175x_6x/libs/libusbd_175x_6x_lib.a(mw_usbd_core.o)
                0x00013488                USB_EndPoint0
 .text.mwUSB_InitCore
                0x0001351c       0xdc /home/michi/projects/LPCXpresso/lpc_chip_175x_6x/libs/libusbd_175x_6x_lib.a(mw_usbd_core.o)
                0x0001351c                mwUSB_InitCore
 .text.mwUSB_RegisterClassHandler
                0x000135f8       0x28 /home/michi/projects/LPCXpresso/lpc_chip_175x_6x/libs/libusbd_175x_6x_lib.a(mw_usbd_core.o)
                0x000135f8                mwUSB_RegisterClassHandler
 .text.mwUSB_RegisterEpHandler
                0x00013620       0x24 /home/michi/projects/LPCXpresso/lpc_chip_175x_6x/libs/libusbd_175x_6x_lib.a(mw_usbd_core.o)
                0x00013620                mwUSB_RegisterEpHandler
 .text.__main   0x00013644       0x14 /usr/local/lpcxpresso_7.5.0_254/lpcxpresso/tools/bin/../lib/gcc/arm-none-eabi/4.8.4/../../../../arm-none-eabi/lib/armv7-m/libcr_nohost.a(_cr__main.o)
                0x00013644                __main
 .text.memcpy   0x00013658        0x4 /usr/local/lpcxpresso_7.5.0_254/lpcxpresso/tools/bin/../lib/gcc/arm-none-eabi/4.8.4/../../../../arm-none-eabi/lib/armv7-m/libcr_c.a(memcpy.o)
                0x00013658                memcpy
 .text.memset   0x0001365c        0x4 /usr/local/lpcxpresso_7.5.0_254/lpcxpresso/tools/bin/../lib/gcc/arm-none-eabi/4.8.4/../../../../arm-none-eabi/lib/armv7-m/libcr_c.a(memset.o)
                0x0001365c                memset
 .text.malloc   0x00013660       0xc8 /usr/local/lpcxpresso_7.5.0_254/lpcxpresso/tools/bin/../lib/gcc/arm-none-eabi/4.8.4/../../../../arm-none-eabi/lib/armv7-m/libcr_c.a(alloc.o)
                0x00013660                malloc
 .text.free     0x00013728        0xc /usr/local/lpcxpresso_7.5.0_254/lpcxpresso/tools/bin/../lib/gcc/arm-none-eabi/4.8.4/../../../../arm-none-eabi/lib/armv7-m/libcr_c.a(alloc.o)
                0x00013728                free
 .text._Csys_alloc
                0x00013734       0x20 /usr/local/lpcxpresso_7.5.0_254/lpcxpresso/tools/bin/../lib/gcc/arm-none-eabi/4.8.4/../../../../arm-none-eabi/lib/armv7-m/libcr_c.a(alloc.o)
                0x00013734                _Csys_alloc
 .text.fp_round
                0x00013754       0x4e /usr/local/lpcxpresso_7.5.0_254/lpcxpresso/tools/bin/../lib/gcc/arm-none-eabi/4.8.4/../../../../arm-none-eabi/lib/armv7-m/libcr_c.a(fpprintf.o)
 .text.pr_dec.constprop.1
                0x000137a2       0x26 /usr/local/lpcxpresso_7.5.0_254/lpcxpresso/tools/bin/../lib/gcc/arm-none-eabi/4.8.4/../../../../arm-none-eabi/lib/armv7-m/libcr_c.a(fpprintf.o)
 .text.sprintf  0x000137c8       0x6c /usr/local/lpcxpresso_7.5.0_254/lpcxpresso/tools/bin/../lib/gcc/arm-none-eabi/4.8.4/../../../../arm-none-eabi/lib/armv7-m/libcr_c.a(fpprintf.o)
                0x000137c8                sprintf
 *fill*         0x00013834        0x4 
 .text.fp_display
                0x00013838      0x998 /usr/local/lpcxpresso_7.5.0_254/lpcxpresso/tools/bin/../lib/gcc/arm-none-eabi/4.8.4/../../../../arm-none-eabi/lib/armv7-m/libcr_c.a(fpprintf.o)
 .text.vsnprintf
                0x000141d0       0x5c /usr/local/lpcxpresso_7.5.0_254/lpcxpresso/tools/bin/../lib/gcc/arm-none-eabi/4.8.4/../../../../arm-none-eabi/lib/armv7-m/libcr_c.a(fpprintf.o)
                0x000141d0                vsnprintf
 .text._initio  0x0001422c       0xa4 /usr/local/lpcxpresso_7.5.0_254/lpcxpresso/tools/bin/../lib/gcc/arm-none-eabi/4.8.4/../../../../arm-none-eabi/lib/armv7-m/libcr_c.a(initio.o)
                0x0001422c                _initio
 .text.__vfprintf
                0x000142d0      0xca0 /usr/local/lpcxpresso_7.5.0_254/lpcxpresso/tools/bin/../lib/gcc/arm-none-eabi/4.8.4/../../../../arm-none-eabi/lib/armv7-m/libcr_c.a(printf.o)
                0x000142d0                __vfprintf
 .text.setvbuf  0x00014f70       0x40 /usr/local/lpcxpresso_7.5.0_254/lpcxpresso/tools/bin/../lib/gcc/arm-none-eabi/4.8.4/../../../../arm-none-eabi/lib/armv7-m/libcr_c.a(setvbuf.o)
                0x00014f70                setvbuf
 .text.rand     0x00014fb0       0x3c /usr/local/lpcxpresso_7.5.0_254/lpcxpresso/tools/bin/../lib/gcc/arm-none-eabi/4.8.4/../../../../arm-none-eabi/lib/armv7-m/libcr_c.a(stdlib.o)
                0x00014fb0                rand
 .text.srand    0x00014fec       0x3c /usr/local/lpcxpresso_7.5.0_254/lpcxpresso/tools/bin/../lib/gcc/arm-none-eabi/4.8.4/../../../../arm-none-eabi/lib/armv7-m/libcr_c.a(stdlib.o)
                0x00014fec                srand
 .text.strlen   0x00015028       0x4a /usr/local/lpcxpresso_7.5.0_254/lpcxpresso/tools/bin/../lib/gcc/arm-none-eabi/4.8.4/../../../../arm-none-eabi/lib/armv7-m/libcr_c.a(strlen.o)
                0x00015028                strlen
 *fill*         0x00015072        0x2 
 .text._sbrk    0x00015074       0x40 /usr/local/lpcxpresso_7.5.0_254/lpcxpresso/tools/bin/../lib/gcc/arm-none-eabi/4.8.4/../../../../arm-none-eabi/lib/armv7-m/libcr_c.a(_cr_sbrk.o)
                0x00015074                _sbrk
 .text._deferredlazyseek
                0x000150b4       0x44 /usr/local/lpcxpresso_7.5.0_254/lpcxpresso/tools/bin/../lib/gcc/arm-none-eabi/4.8.4/../../../../arm-none-eabi/lib/armv7-m/libcr_c.a(_deferredlazyseek.o)
                0x000150b4                _deferredlazyseek
 .text.__flsbuf
                0x000150f8      0x142 /usr/local/lpcxpresso_7.5.0_254/lpcxpresso/tools/bin/../lib/gcc/arm-none-eabi/4.8.4/../../../../arm-none-eabi/lib/armv7-m/libcr_c.a(_deferredlazyseek.o)
                0x000150f8                __flsbuf
 .text._fdopen  0x0001523a       0x6a /usr/local/lpcxpresso_7.5.0_254/lpcxpresso/tools/bin/../lib/gcc/arm-none-eabi/4.8.4/../../../../arm-none-eabi/lib/armv7-m/libcr_c.a(_fdopen.o)
                0x0001523a                _fdopen
 .text._fflush  0x000152a4       0x58 /usr/local/lpcxpresso_7.5.0_254/lpcxpresso/tools/bin/../lib/gcc/arm-none-eabi/4.8.4/../../../../arm-none-eabi/lib/armv7-m/libcr_c.a(_fflush.o)
                0x000152a4                _fflush
 .text._frexpl  0x000152fc       0x5c /usr/local/lpcxpresso_7.5.0_254/lpcxpresso/tools/bin/../lib/gcc/arm-none-eabi/4.8.4/../../../../arm-none-eabi/lib/armv7-m/libcr_c.a(_frexpl.o)
                0x000152fc                _frexpl
 .text._ldexpl  0x00015358       0x4c /usr/local/lpcxpresso_7.5.0_254/lpcxpresso/tools/bin/../lib/gcc/arm-none-eabi/4.8.4/../../../../arm-none-eabi/lib/armv7-m/libcr_c.a(_ldexpl.o)
                0x00015358                _ldexpl
 .text._Cwritebuf
                0x000153a4       0x70 /usr/local/lpcxpresso_7.5.0_254/lpcxpresso/tools/bin/../lib/gcc/arm-none-eabi/4.8.4/../../../../arm-none-eabi/lib/armv7-m/libcr_c.a(_writebuf.o)
                0x000153a4                _Cwritebuf
 .text.fclose   0x00015414       0x6c /usr/local/lpcxpresso_7.5.0_254/lpcxpresso/tools/bin/../lib/gcc/arm-none-eabi/4.8.4/../../../../arm-none-eabi/lib/armv7-m/libcr_c.a(fclose.o)
                0x00015414                fclose
 .text.fflush   0x00015480       0x30 /usr/local/lpcxpresso_7.5.0_254/lpcxpresso/tools/bin/../lib/gcc/arm-none-eabi/4.8.4/../../../../arm-none-eabi/lib/armv7-m/libcr_c.a(fflush.o)
                0x00015480                fflush
 .text.fseek    0x000154b0      0x10c /usr/local/lpcxpresso_7.5.0_254/lpcxpresso/tools/bin/../lib/gcc/arm-none-eabi/4.8.4/../../../../arm-none-eabi/lib/armv7-m/libcr_c.a(fseek.o)
                0x000154b0                fseek
 .text.ftell    0x000155bc       0x4c /usr/local/lpcxpresso_7.5.0_254/lpcxpresso/tools/bin/../lib/gcc/arm-none-eabi/4.8.4/../../../../arm-none-eabi/lib/armv7-m/libcr_c.a(ftell.o)
                0x000155bc                ftell
 .text.remove   0x00015608       0x14 /usr/local/lpcxpresso_7.5.0_254/lpcxpresso/tools/bin/../lib/gcc/arm-none-eabi/4.8.4/../../../../arm-none-eabi/lib/armv7-m/libcr_c.a(remove.o)
                0x00015608                remove
 .text.__check_heap_overflow
                0x0001561c       0x18 /usr/local/lpcxpresso_7.5.0_254/lpcxpresso/tools/bin/../lib/gcc/arm-none-eabi/4.8.4/../../../../arm-none-eabi/lib/armv7-m/libcr_c.a(_cr_check_heap.o)
                0x0001561c                __check_heap_overflow
 .text._do_fflush
                0x00015634       0x44 /usr/local/lpcxpresso_7.5.0_254/lpcxpresso/tools/bin/../lib/gcc/arm-none-eabi/4.8.4/../../../../arm-none-eabi/lib/armv7-m/libcr_c.a(_do_fflush.o)
                0x00015634                _do_fflush
 .text.__aeabi_dmul
                0x00015678      0x12c /usr/local/lpcxpresso_7.5.0_254/lpcxpresso/tools/bin/../lib/gcc/arm-none-eabi/4.8.4/armv7-m/libcr_eabihelpers.a(double.o)
                0x00015678                __aeabi_dmul
 .text.__aeabi_ddiv
                0x000157a4      0x16c /usr/local/lpcxpresso_7.5.0_254/lpcxpresso/tools/bin/../lib/gcc/arm-none-eabi/4.8.4/armv7-m/libcr_eabihelpers.a(double.o)
                0x000157a4                __aeabi_ddiv
 .text.__aeabi_dsub
                0x00015910      0x228 /usr/local/lpcxpresso_7.5.0_254/lpcxpresso/tools/bin/../lib/gcc/arm-none-eabi/4.8.4/armv7-m/libcr_eabihelpers.a(double.o)
                0x00015910                __aeabi_dsub
 .text.__aeabi_dadd
                0x00015b38      0x178 /usr/local/lpcxpresso_7.5.0_254/lpcxpresso/tools/bin/../lib/gcc/arm-none-eabi/4.8.4/armv7-m/libcr_eabihelpers.a(double.o)
                0x00015b38                __aeabi_dadd
 .text.__aeabi_d2iz
                0x00015cb0       0x4c /usr/local/lpcxpresso_7.5.0_254/lpcxpresso/tools/bin/../lib/gcc/arm-none-eabi/4.8.4/armv7-m/libcr_eabihelpers.a(double.o)
                0x00015cb0                __aeabi_d2iz
 .text.__bhs_ui2d
                0x00015cfc       0x48 /usr/local/lpcxpresso_7.5.0_254/lpcxpresso/tools/bin/../lib/gcc/arm-none-eabi/4.8.4/armv7-m/libcr_eabihelpers.a(double.o)
                0x00015cfc                __bhs_ui2d
 .text.__aeabi_i2d
                0x00015d44       0x10 /usr/local/lpcxpresso_7.5.0_254/lpcxpresso/tools/bin/../lib/gcc/arm-none-eabi/4.8.4/armv7-m/libcr_eabihelpers.a(double.o)
                0x00015d44                __aeabi_i2d
 .text.__aeabi_dcmpeq
                0x00015d54       0x40 /usr/local/lpcxpresso_7.5.0_254/lpcxpresso/tools/bin/../lib/gcc/arm-none-eabi/4.8.4/armv7-m/libcr_eabihelpers.a(double.o)
                0x00015d54                __aeabi_dcmpeq
 .text.__aeabi_dcmplt
                0x00015d94       0x70 /usr/local/lpcxpresso_7.5.0_254/lpcxpresso/tools/bin/../lib/gcc/arm-none-eabi/4.8.4/armv7-m/libcr_eabihelpers.a(double.o)
                0x00015d94                __aeabi_dcmplt
 .text.__aeabi_dcmple
                0x00015e04       0x68 /usr/local/lpcxpresso_7.5.0_254/lpcxpresso/tools/bin/../lib/gcc/arm-none-eabi/4.8.4/armv7-m/libcr_eabihelpers.a(double.o)
                0x00015e04                __aeabi_dcmple
 .text.__aeabi_dcmpge
                0x00015e6c       0x64 /usr/local/lpcxpresso_7.5.0_254/lpcxpresso/tools/bin/../lib/gcc/arm-none-eabi/4.8.4/armv7-m/libcr_eabihelpers.a(double.o)
                0x00015e6c                __aeabi_dcmpge
 .text.__aeabi_memcpy
                0x00015ed0       0x3a /usr/local/lpcxpresso_7.5.0_254/lpcxpresso/tools/bin/../lib/gcc/arm-none-eabi/4.8.4/armv7-m/libcr_eabihelpers.a(memcpy.o)
                0x00015ed0                __aeabi_memcpy
                0x00015edc                __aeabi_memcpy4
                0x00015edc                __aeabi_memcpy8
 .text.__aeabi_memset_lowlevel
                0x00015f0a       0x38 /usr/local/lpcxpresso_7.5.0_254/lpcxpresso/tools/bin/../lib/gcc/arm-none-eabi/4.8.4/armv7-m/libcr_eabihelpers.a(memcpy.o)
                0x00015f0a                __aeabi_lowlevel_memset
 .text.__sys_appexit
                0x00015f42        0x2 /usr/local/lpcxpresso_7.5.0_254/lpcxpresso/tools/bin/../lib/gcc/arm-none-eabi/4.8.4/../../../../arm-none-eabi/lib/armv7-m/libcr_nohost.a(__sys_appexit.o)
                0x00015f42                __exit
                0x00015f42                __sys_appexit
 .text.__sys_close
                0x00015f44        0x6 /usr/local/lpcxpresso_7.5.0_254/lpcxpresso/tools/bin/../lib/gcc/arm-none-eabi/4.8.4/../../../../arm-none-eabi/lib/armv7-m/libcr_nohost.a(__sys_close.o)
                0x00015f44                __sys_close
 .text.__sys_flen
                0x00015f4a        0x6 /usr/local/lpcxpresso_7.5.0_254/lpcxpresso/tools/bin/../lib/gcc/arm-none-eabi/4.8.4/../../../../arm-none-eabi/lib/armv7-m/libcr_nohost.a(__sys_flen.o)
                0x00015f4a                __sys_flen
 .text.__sys_istty
                0x00015f50        0x6 /usr/local/lpcxpresso_7.5.0_254/lpcxpresso/tools/bin/../lib/gcc/arm-none-eabi/4.8.4/../../../../arm-none-eabi/lib/armv7-m/libcr_nohost.a(__sys_istty.o)
                0x00015f50                __sys_istty
 .text.__sys_remove
                0x00015f56        0x6 /usr/local/lpcxpresso_7.5.0_254/lpcxpresso/tools/bin/../lib/gcc/arm-none-eabi/4.8.4/../../../../arm-none-eabi/lib/armv7-m/libcr_nohost.a(__sys_remove.o)
                0x00015f56                __sys_remove
 .text.__sys_seek
                0x00015f5c        0x6 /usr/local/lpcxpresso_7.5.0_254/lpcxpresso/tools/bin/../lib/gcc/arm-none-eabi/4.8.4/../../../../arm-none-eabi/lib/armv7-m/libcr_nohost.a(__sys_seek.o)
                0x00015f5c                __sys_seek
 .text.__sys_tmpnam
                0x00015f62        0x6 /usr/local/lpcxpresso_7.5.0_254/lpcxpresso/tools/bin/../lib/gcc/arm-none-eabi/4.8.4/../../../../arm-none-eabi/lib/armv7-m/libcr_nohost.a(__sys_tmpnam.o)
                0x00015f62                __sys_tmpnam
 .text.__sys_write
                0x00015f68        0x4 /usr/local/lpcxpresso_7.5.0_254/lpcxpresso/tools/bin/../lib/gcc/arm-none-eabi/4.8.4/../../../../arm-none-eabi/lib/armv7-m/libcr_nohost.a(__sys_write.o)
                0x00015f68                __write
                0x00015f68                __sys_write
 *(.rodata .rodata.* .constdata .constdata.*)
 .rodata.USB_StringDescriptor
                0x00015f6c       0x38 ./src/usb/cdc_desc.o
                0x00015f6c                USB_StringDescriptor
 .rodata.USB_DeviceDescriptor
                0x00015fa4       0x14 ./src/usb/cdc_desc.o
                0x00015fa4                USB_DeviceDescriptor
 .rodata.g_usbApi
                0x00015fb8       0x20 ./src/usb/skynet_cdc.o
 .rodata.RTCOscRateIn
                0x00015fd8        0x4 ./src/main.o
                0x00015fd8                RTCOscRateIn
 .rodata.OscRateIn
                0x00015fdc        0x4 ./src/main.o
                0x00015fdc                OscRateIn
 .rodata.str1.1
                0x00015fe0       0x29 ./src/main.o
 *fill*         0x00016009        0x3 
 .rodata.pinmuxing
                0x0001600c      0x100 ./src/sysinit.o
 .rodata.hw_api
                0x0001610c       0x5c /home/michi/projects/LPCXpresso/lpc_chip_175x_6x/libs/libusbd_175x_6x_lib.a(mw_usbd_rom_api.o)
                0x0001610c                hw_api
 .rodata.core_api
                0x00016168       0x20 /home/michi/projects/LPCXpresso/lpc_chip_175x_6x/libs/libusbd_175x_6x_lib.a(mw_usbd_rom_api.o)
                0x00016168                core_api
 .rodata.cdc_api
                0x00016188        0xc /home/michi/projects/LPCXpresso/lpc_chip_175x_6x/libs/libusbd_175x_6x_lib.a(mw_usbd_rom_api.o)
                0x00016188                cdc_api
 .rodata.str1.1
                0x00016194       0x18 /usr/local/lpcxpresso_7.5.0_254/lpcxpresso/tools/bin/../lib/gcc/arm-none-eabi/4.8.4/../../../../arm-none-eabi/lib/armv7-m/libcr_c.a(alloc.o)
 .rodata.str1.1
                0x000161ac       0x34 /usr/local/lpcxpresso_7.5.0_254/lpcxpresso/tools/bin/../lib/gcc/arm-none-eabi/4.8.4/../../../../arm-none-eabi/lib/armv7-m/libcr_c.a(fpprintf.o)
                                 0x35 (size before relaxing)
 .rodata.str1.1
                0x000161e0        0x4 /usr/local/lpcxpresso_7.5.0_254/lpcxpresso/tools/bin/../lib/gcc/arm-none-eabi/4.8.4/../../../../arm-none-eabi/lib/armv7-m/libcr_c.a(initio.o)
 .rodata.str1.1
                0x000161e4       0x31 /usr/local/lpcxpresso_7.5.0_254/lpcxpresso/tools/bin/../lib/gcc/arm-none-eabi/4.8.4/../../../../arm-none-eabi/lib/armv7-m/libcr_c.a(printf.o)
                                 0x38 (size before relaxing)
 *fill*         0x00016215        0x3 
 .rodata.__huge_vall
                0x00016218        0x8 /usr/local/lpcxpresso_7.5.0_254/lpcxpresso/tools/bin/../lib/gcc/arm-none-eabi/4.8.4/../../../../arm-none-eabi/lib/armv7-m/libcr_c.a(_hugeval.o)
                0x00016218                __huge_vall
                0x00016220                . = ALIGN (0x4)

.glue_7         0x00016220        0x0
 .glue_7        0x00000000        0x0 linker stubs

.glue_7t        0x00016220        0x0
 .glue_7t       0x00000000        0x0 linker stubs

.vfp11_veneer   0x00016220        0x0
 .vfp11_veneer  0x00000000        0x0 linker stubs

.v4_bx          0x00016220        0x0
 .v4_bx         0x00000000        0x0 linker stubs

.iplt           0x00016220        0x0
 .iplt          0x00000000        0x0 ./src/usb/cdc_vcom.o

.rel.dyn        0x00016220        0x0
 .rel.iplt      0x00000000        0x0 ./src/usb/cdc_vcom.o

.ARM.extab
 *(.ARM.extab* .gnu.linkonce.armextab.*)
                0x00016220                __exidx_start = .

.ARM.exidx
 *(.ARM.exidx* .gnu.linkonce.armexidx.*)
                0x00016220                __exidx_end = .
                0x00016220                _etext = .

.data_RAM2      0x10007ff0        0x0 load address 0x00016220
 FILL mask 0xff
 *(.ramfunc.$RAM2)
 *(.ramfunc.$RamBootShared)
 *(.data.$RAM2*)
 *(.data.$RamBootShared*)
                0x10007ff0                . = ALIGN (0x4)

.data_RAM3      0x2007c000        0x0 load address 0x00016220
 FILL mask 0xff
 *(.ramfunc.$RAM3)
 *(.ramfunc.$RamAHB32)
 *(.data.$RAM3*)
 *(.data.$RamAHB32*)
                0x2007c000                . = ALIGN (0x4)

.uninit_RESERVED
                0x10000100        0x0
 *(.bss.$RESERVED*)
                0x10000100                . = ALIGN (0x4)
                0x10000100                _end_uninit_RESERVED = .

.data           0x10000100      0x2a4 load address 0x00016220
 FILL mask 0xff
                0x10000100                _data = .
 *(vtable)
 *(.ramfunc*)
 *(.data*)
 .data.USB_FsConfigDescriptor
                0x10000100       0x4c ./src/usb/cdc_desc.o
                0x10000100                USB_FsConfigDescriptor
 .data.g_pUsbApi
                0x1000014c        0x4 ./src/usb/skynet_cdc.o
                0x1000014c                g_pUsbApi
 .data.Radio_Configuration_Data_Array
                0x10000150      0x157 ./src/radio/radio.o
                0x10000150                Radio_Configuration_Data_Array
 *fill*         0x100002a7        0x1 
 .data.RadioConfiguration
                0x100002a8       0x10 ./src/radio/radio.o
                0x100002a8                RadioConfiguration
 .data.pRadioConfiguration
                0x100002b8        0x4 ./src/radio/radio.o
                0x100002b8                pRadioConfiguration
 .data.adc_buffered_value
                0x100002bc        0x2 ./src/periph/adc.o
 *fill*         0x100002be        0x2 
 .data._random_number_seed
                0x100002c0       0xdc /usr/local/lpcxpresso_7.5.0_254/lpcxpresso/tools/bin/../lib/gcc/arm-none-eabi/4.8.4/../../../../arm-none-eabi/lib/armv7-m/libcr_c.a(stdlib.o)
 .data._random_j
                0x1000039c        0x4 /usr/local/lpcxpresso_7.5.0_254/lpcxpresso/tools/bin/../lib/gcc/arm-none-eabi/4.8.4/../../../../arm-none-eabi/lib/armv7-m/libcr_c.a(stdlib.o)
 .data._random_k
                0x100003a0        0x4 /usr/local/lpcxpresso_7.5.0_254/lpcxpresso/tools/bin/../lib/gcc/arm-none-eabi/4.8.4/../../../../arm-none-eabi/lib/armv7-m/libcr_c.a(stdlib.o)
                0x100003a4                . = ALIGN (0x4)
                0x100003a4                _edata = .

.igot.plt       0x100003a4        0x0 load address 0x000164c4
 .igot.plt      0x00000000        0x0 ./src/usb/cdc_vcom.o

.bss_RAM2       0x10007ff0        0x0
 *(.bss.$RAM2*)
 *(.bss.$RamBootShared*)
                0x10007ff0                . = ALIGN (0x4)

.bss_RAM3       0x2007c000        0x0
 *(.bss.$RAM3*)
 *(.bss.$RamAHB32*)
                0x2007c000                . = ALIGN (0x4)

.bss            0x100003a4      0x47c
                0x100003a4                _bss = .
 *(.bss*)
 .bss.current_seqno
                0x100003a4        0x1 ./src/usb/skynet_cdc.o
                0x100003a4                current_seqno
 .bss.usb_reverse
                0x100003a5        0x1 ./src/usb/skynet_cdc.o
                0x100003a5                usb_reverse
 *fill*         0x100003a6        0x2 
 .bss.usb_cdc_write_pos
                0x100003a8        0x4 ./src/usb/skynet_cdc.o
                0x100003a8                usb_cdc_write_pos
 .bss.usb_rx_state
                0x100003ac        0x1 ./src/usb/skynet_cdc.o
                0x100003ac                usb_rx_state
 *fill*         0x100003ad        0x3 
 .bss.g_hUsb    0x100003b0        0x4 ./src/usb/skynet_cdc.o
 .bss.usb_read_pos
                0x100003b4        0x4 ./src/usb/skynet_cdc.o
                0x100003b4                usb_read_pos
 .bss.spi_format
                0x100003b8        0x4 ./src/spi/spi.o
 .bss.ctsWentHigh
                0x100003bc        0x1 ./src/radio/radio_comm.o
                0x100003bc                ctsWentHigh
 *fill*         0x100003bd        0x3 
 .bss.ADCSetup  0x100003c0        0x8 ./src/periph/adc.o
 .bss.switch_checked_times
                0x100003c8        0x4 ./src/periph/input.o
                0x100003c8                switch_checked_times
 .bss.switch_state
                0x100003cc        0x1 ./src/periph/input.o
                0x100003cc                switch_state
 .bss.cpu_powered_down
                0x100003cd        0x1 ./src/cpu/cpu.o
                0x100003cd                cpu_powered_down
 .bss.tick_occured
                0x100003ce        0x1 ./src/cpu/systick.o
                0x100003ce                tick_occured
 *fill*         0x100003cf        0x1 
 .bss.ticksPerSecond
                0x100003d0        0x4 /home/michi/projects/LPCXpresso/lpc_chip_175x_6x/Release/liblpc_chip_175x_6x.a(stopwatch_17xx_40xx.o)
 .bss.ticksPerMs
                0x100003d4        0x4 /home/michi/projects/LPCXpresso/lpc_chip_175x_6x/Release/liblpc_chip_175x_6x.a(stopwatch_17xx_40xx.o)
 .bss.ticksPerUs
                0x100003d8        0x4 /home/michi/projects/LPCXpresso/lpc_chip_175x_6x/Release/liblpc_chip_175x_6x.a(stopwatch_17xx_40xx.o)
 .bss.errno     0x100003dc        0x4 /usr/local/lpcxpresso_7.5.0_254/lpcxpresso/tools/bin/../lib/gcc/arm-none-eabi/4.8.4/../../../../arm-none-eabi/lib/armv7-m/libcr_c.a(errno.o)
                0x100003dc                errno
 *(COMMON)
 COMMON         0x100003e0       0x14 ./src/usb/cdc_vcom.o
                0x100003e0                g_vCOM
 COMMON         0x100003f4       0x84 ./src/usb/skynet_cdc.o
                0x100003f4                usb_payload_buf
                0x1000042c                usb_received_message
                0x10000438                usb_cdc_write_buf
 COMMON         0x10000478       0x20 ./src/radio/si446x_api_lib.o
                0x10000478                Pro2Cmd
                0x10000488                Si446xCmd
 COMMON         0x10000498      0x114 ./src/misc/event_queue.o
                0x10000498                events_ringbuf
                0x100004ac                events_buf
 COMMON         0x100005ac        0x2 ./src/mac/mac.o
                0x100005ac                be
                0x100005ad                nb
 *fill*         0x100005ae        0x2 
 COMMON         0x100005b0       0x20 ./src/cpu/cpu.o
                0x100005b0                FullTime
 COMMON         0x100005d0      0x100 ./src/cpu/systick.o
                0x100005d0                tick_events_f
                0x10000650                tick_events_t
 COMMON         0x100006d0        0x4 /home/michi/projects/LPCXpresso/lpc_chip_175x_6x/Release/liblpc_chip_175x_6x.a(chip_17xx_40xx.o)
                0x100006d0                SystemCoreClock
 COMMON         0x100006d4        0x4 /usr/local/lpcxpresso_7.5.0_254/lpcxpresso/tools/bin/../lib/gcc/arm-none-eabi/4.8.4/../../../../arm-none-eabi/lib/armv7-m/libcr_c.a(initio.o)
                0x100006d4                _extra
 COMMON         0x100006d8      0x140 /usr/local/lpcxpresso_7.5.0_254/lpcxpresso/tools/bin/../lib/gcc/arm-none-eabi/4.8.4/../../../../arm-none-eabi/lib/armv7-m/libcr_c.a(stdio.o)
                0x100006d8                __Ciob
 COMMON         0x10000818        0x8 /usr/local/lpcxpresso_7.5.0_254/lpcxpresso/tools/bin/../lib/gcc/arm-none-eabi/4.8.4/../../../../arm-none-eabi/lib/armv7-m/libcr_c.a(__init_alloc.o)
                0x10000818                __heaps
                0x1000081c                __end_of_heap
                0x10000820                . = ALIGN (0x4)
                0x10000820                _ebss = .
                0x10000820                PROVIDE (end, .)

.noinit_RAM2    0x10007ff0        0x4
 *(.noinit.$RAM2*)
 .noinit.$RAM2  0x10007ff0        0x1 ./src/main.o
                0x10007ff0                goto_bootloader
 *(.noinit.$RamBootShared*)
                0x10007ff4                . = ALIGN (0x4)
 *fill*         0x10007ff1        0x3 

.noinit_RAM3    0x2007c000        0x0
 *(.noinit.$RAM3*)
 *(.noinit.$RamAHB32*)
                0x2007c000                . = ALIGN (0x4)

.noinit         0x10000820        0x0
                0x10000820                _noinit = .
 *(.noinit*)
                0x10000820                . = ALIGN (0x4)
                0x10000820                _end_noinit = .
                0x10000820                PROVIDE (_pvHeapStart, DEFINED (__user_heap_base)?__user_heap_base:.)
                0x10007ff0                PROVIDE (_vStackTop, DEFINED (__user_stack_top)?__user_stack_top:(__top_RamLoc32 - 0x0))
OUTPUT(SkyNet-Dongle-firmware.axf elf32-littlearm)

.comment        0x00000000      0x150
 .comment       0x00000000       0x70 ./src/usb/cdc_desc.o
                                 0x71 (size before relaxing)
 .comment       0x00000000       0x71 ./src/usb/cdc_vcom.o
 .comment       0x00000000       0x71 ./src/usb/skynet_cdc.o
 .comment       0x00000000       0x71 ./src/spi/spi.o
 .comment       0x00000000       0x71 ./src/radio/radio.o
 .comment       0x00000000       0x71 ./src/radio/radio_comm.o
 .comment       0x00000000       0x71 ./src/radio/radio_hal.o
 .comment       0x00000000       0x71 ./src/radio/si446x_api_lib.o
 .comment       0x00000000       0x71 ./src/radio/skynet_radio.o
 .comment       0x00000000       0x71 ./src/periph/adc.o
 .comment       0x00000000       0x71 ./src/periph/charger.o
 .comment       0x00000000       0x71 ./src/periph/dcdc.o
 .comment       0x00000000       0x71 ./src/periph/input.o
 .comment       0x00000000       0x71 ./src/periph/led.o
 .comment       0x00000000       0x71 ./src/misc/event_queue.o
 .comment       0x00000000       0x71 ./src/mac/mac.o
 .comment       0x00000000       0x71 ./src/mac/mac_frame_data.o
 .comment       0x00000000       0x71 ./src/gpio/gpio_irq.o
 .comment       0x00000000       0x71 ./src/cpu/cpu.o
 .comment       0x00000000       0x71 ./src/cpu/rtc.o
 .comment       0x00000000       0x71 ./src/cpu/systick.o
 .comment       0x00000000       0x71 ./src/cr_startup_lpc175x_6x.o
 .comment       0x00000000       0x71 ./src/main.o
 .comment       0x00000000       0x71 ./src/sysinit.o
 .comment       0x00000000       0x71 /home/michi/projects/LPCXpresso/lpc_chip_175x_6x/Release/liblpc_chip_175x_6x.a(adc_17xx_40xx.o)
 .comment       0x00000000       0x71 /home/michi/projects/LPCXpresso/lpc_chip_175x_6x/Release/liblpc_chip_175x_6x.a(chip_17xx_40xx.o)
 .comment       0x00000000       0x71 /home/michi/projects/LPCXpresso/lpc_chip_175x_6x/Release/liblpc_chip_175x_6x.a(clock_17xx_40xx.o)
 .comment       0x00000000       0x71 /home/michi/projects/LPCXpresso/lpc_chip_175x_6x/Release/liblpc_chip_175x_6x.a(iocon_17xx_40xx.o)
 .comment       0x00000000       0x71 /home/michi/projects/LPCXpresso/lpc_chip_175x_6x/Release/liblpc_chip_175x_6x.a(pmu_17xx_40xx.o)
 .comment       0x00000000       0x71 /home/michi/projects/LPCXpresso/lpc_chip_175x_6x/Release/liblpc_chip_175x_6x.a(ring_buffer.o)
 .comment       0x00000000       0x71 /home/michi/projects/LPCXpresso/lpc_chip_175x_6x/Release/liblpc_chip_175x_6x.a(rtc_17xx_40xx.o)
 .comment       0x00000000       0x71 /home/michi/projects/LPCXpresso/lpc_chip_175x_6x/Release/liblpc_chip_175x_6x.a(spi_17xx_40xx.o)
 .comment       0x00000000       0x71 /home/michi/projects/LPCXpresso/lpc_chip_175x_6x/Release/liblpc_chip_175x_6x.a(stopwatch_17xx_40xx.o)
 .comment       0x00000000       0x71 /home/michi/projects/LPCXpresso/lpc_chip_175x_6x/Release/liblpc_chip_175x_6x.a(timer_17xx_40xx.o)
 .comment       0x00000070       0x70 /home/michi/projects/LPCXpresso/lpc_chip_175x_6x/libs/libusbd_175x_6x_lib.a(mw_usbd_rom_api.o)
                                 0x71 (size before relaxing)
 .comment       0x00000000       0x71 /home/michi/projects/LPCXpresso/lpc_chip_175x_6x/libs/libusbd_175x_6x_lib.a(hw_usbd_ip3503.o)
 .comment       0x00000000       0x71 /home/michi/projects/LPCXpresso/lpc_chip_175x_6x/libs/libusbd_175x_6x_lib.a(mw_usbd_cdcuser.o)
 .comment       0x00000000       0x71 /home/michi/projects/LPCXpresso/lpc_chip_175x_6x/libs/libusbd_175x_6x_lib.a(mw_usbd_core.o)
 .comment       0x000000e0       0x70 /usr/local/lpcxpresso_7.5.0_254/lpcxpresso/tools/bin/../lib/gcc/arm-none-eabi/4.8.4/../../../../arm-none-eabi/lib/armv7-m/libcr_nohost.a(_cr__main.o)
                                 0x71 (size before relaxing)
 .comment       0x00000000       0x71 /usr/local/lpcxpresso_7.5.0_254/lpcxpresso/tools/bin/../lib/gcc/arm-none-eabi/4.8.4/../../../../arm-none-eabi/lib/armv7-m/libcr_c.a(memcpy.o)
 .comment       0x00000000       0x71 /usr/local/lpcxpresso_7.5.0_254/lpcxpresso/tools/bin/../lib/gcc/arm-none-eabi/4.8.4/../../../../arm-none-eabi/lib/armv7-m/libcr_c.a(memset.o)
 .comment       0x00000000       0x71 /usr/local/lpcxpresso_7.5.0_254/lpcxpresso/tools/bin/../lib/gcc/arm-none-eabi/4.8.4/../../../../arm-none-eabi/lib/armv7-m/libcr_c.a(alloc.o)
 .comment       0x00000000       0x71 /usr/local/lpcxpresso_7.5.0_254/lpcxpresso/tools/bin/../lib/gcc/arm-none-eabi/4.8.4/../../../../arm-none-eabi/lib/armv7-m/libcr_c.a(fpprintf.o)
 .comment       0x00000000       0x71 /usr/local/lpcxpresso_7.5.0_254/lpcxpresso/tools/bin/../lib/gcc/arm-none-eabi/4.8.4/../../../../arm-none-eabi/lib/armv7-m/libcr_c.a(initio.o)
 .comment       0x00000000       0x71 /usr/local/lpcxpresso_7.5.0_254/lpcxpresso/tools/bin/../lib/gcc/arm-none-eabi/4.8.4/../../../../arm-none-eabi/lib/armv7-m/libcr_c.a(printf.o)
 .comment       0x00000000       0x71 /usr/local/lpcxpresso_7.5.0_254/lpcxpresso/tools/bin/../lib/gcc/arm-none-eabi/4.8.4/../../../../arm-none-eabi/lib/armv7-m/libcr_c.a(setvbuf.o)
 .comment       0x00000000       0x71 /usr/local/lpcxpresso_7.5.0_254/lpcxpresso/tools/bin/../lib/gcc/arm-none-eabi/4.8.4/../../../../arm-none-eabi/lib/armv7-m/libcr_c.a(stdio.o)
 .comment       0x00000000       0x71 /usr/local/lpcxpresso_7.5.0_254/lpcxpresso/tools/bin/../lib/gcc/arm-none-eabi/4.8.4/../../../../arm-none-eabi/lib/armv7-m/libcr_c.a(stdlib.o)
 .comment       0x00000000       0x71 /usr/local/lpcxpresso_7.5.0_254/lpcxpresso/tools/bin/../lib/gcc/arm-none-eabi/4.8.4/../../../../arm-none-eabi/lib/armv7-m/libcr_c.a(strlen.o)
 .comment       0x00000000       0x71 /usr/local/lpcxpresso_7.5.0_254/lpcxpresso/tools/bin/../lib/gcc/arm-none-eabi/4.8.4/../../../../arm-none-eabi/lib/armv7-m/libcr_c.a(__init_alloc.o)
 .comment       0x00000000       0x71 /usr/local/lpcxpresso_7.5.0_254/lpcxpresso/tools/bin/../lib/gcc/arm-none-eabi/4.8.4/../../../../arm-none-eabi/lib/armv7-m/libcr_c.a(_cr_sbrk.o)
 .comment       0x00000000       0x71 /usr/local/lpcxpresso_7.5.0_254/lpcxpresso/tools/bin/../lib/gcc/arm-none-eabi/4.8.4/../../../../arm-none-eabi/lib/armv7-m/libcr_c.a(_deferredlazyseek.o)
 .comment       0x00000000       0x71 /usr/local/lpcxpresso_7.5.0_254/lpcxpresso/tools/bin/../lib/gcc/arm-none-eabi/4.8.4/../../../../arm-none-eabi/lib/armv7-m/libcr_c.a(_fdopen.o)
 .comment       0x00000000       0x71 /usr/local/lpcxpresso_7.5.0_254/lpcxpresso/tools/bin/../lib/gcc/arm-none-eabi/4.8.4/../../../../arm-none-eabi/lib/armv7-m/libcr_c.a(_fflush.o)
 .comment       0x00000000       0x71 /usr/local/lpcxpresso_7.5.0_254/lpcxpresso/tools/bin/../lib/gcc/arm-none-eabi/4.8.4/../../../../arm-none-eabi/lib/armv7-m/libcr_c.a(_frexpl.o)
 .comment       0x00000000       0x71 /usr/local/lpcxpresso_7.5.0_254/lpcxpresso/tools/bin/../lib/gcc/arm-none-eabi/4.8.4/../../../../arm-none-eabi/lib/armv7-m/libcr_c.a(_ldexpl.o)
 .comment       0x00000000       0x71 /usr/local/lpcxpresso_7.5.0_254/lpcxpresso/tools/bin/../lib/gcc/arm-none-eabi/4.8.4/../../../../arm-none-eabi/lib/armv7-m/libcr_c.a(_writebuf.o)
 .comment       0x00000000       0x71 /usr/local/lpcxpresso_7.5.0_254/lpcxpresso/tools/bin/../lib/gcc/arm-none-eabi/4.8.4/../../../../arm-none-eabi/lib/armv7-m/libcr_c.a(errno.o)
 .comment       0x00000000       0x71 /usr/local/lpcxpresso_7.5.0_254/lpcxpresso/tools/bin/../lib/gcc/arm-none-eabi/4.8.4/../../../../arm-none-eabi/lib/armv7-m/libcr_c.a(fclose.o)
 .comment       0x00000000       0x71 /usr/local/lpcxpresso_7.5.0_254/lpcxpresso/tools/bin/../lib/gcc/arm-none-eabi/4.8.4/../../../../arm-none-eabi/lib/armv7-m/libcr_c.a(fflush.o)
 .comment       0x00000000       0x71 /usr/local/lpcxpresso_7.5.0_254/lpcxpresso/tools/bin/../lib/gcc/arm-none-eabi/4.8.4/../../../../arm-none-eabi/lib/armv7-m/libcr_c.a(fseek.o)
 .comment       0x00000000       0x71 /usr/local/lpcxpresso_7.5.0_254/lpcxpresso/tools/bin/../lib/gcc/arm-none-eabi/4.8.4/../../../../arm-none-eabi/lib/armv7-m/libcr_c.a(ftell.o)
 .comment       0x00000000       0x71 /usr/local/lpcxpresso_7.5.0_254/lpcxpresso/tools/bin/../lib/gcc/arm-none-eabi/4.8.4/../../../../arm-none-eabi/lib/armv7-m/libcr_c.a(remove.o)
 .comment       0x00000000       0x71 /usr/local/lpcxpresso_7.5.0_254/lpcxpresso/tools/bin/../lib/gcc/arm-none-eabi/4.8.4/../../../../arm-none-eabi/lib/armv7-m/libcr_c.a(_cr_check_heap.o)
 .comment       0x00000000       0x71 /usr/local/lpcxpresso_7.5.0_254/lpcxpresso/tools/bin/../lib/gcc/arm-none-eabi/4.8.4/../../../../arm-none-eabi/lib/armv7-m/libcr_c.a(_do_fflush.o)
 .comment       0x00000000       0x71 /usr/local/lpcxpresso_7.5.0_254/lpcxpresso/tools/bin/../lib/gcc/arm-none-eabi/4.8.4/../../../../arm-none-eabi/lib/armv7-m/libcr_c.a(_hugeval.o)
 .comment       0x00000000       0x71 /usr/local/lpcxpresso_7.5.0_254/lpcxpresso/tools/bin/../lib/gcc/arm-none-eabi/4.8.4/armv7-m/libcr_eabihelpers.a(double.o)
 .comment       0x00000000       0x71 /usr/local/lpcxpresso_7.5.0_254/lpcxpresso/tools/bin/../lib/gcc/arm-none-eabi/4.8.4/../../../../arm-none-eabi/lib/armv7-m/libcr_nohost.a(__sys_appexit.o)
 .comment       0x00000000       0x71 /usr/local/lpcxpresso_7.5.0_254/lpcxpresso/tools/bin/../lib/gcc/arm-none-eabi/4.8.4/../../../../arm-none-eabi/lib/armv7-m/libcr_nohost.a(__sys_close.o)
 .comment       0x00000000       0x71 /usr/local/lpcxpresso_7.5.0_254/lpcxpresso/tools/bin/../lib/gcc/arm-none-eabi/4.8.4/../../../../arm-none-eabi/lib/armv7-m/libcr_nohost.a(__sys_flen.o)
 .comment       0x00000000       0x71 /usr/local/lpcxpresso_7.5.0_254/lpcxpresso/tools/bin/../lib/gcc/arm-none-eabi/4.8.4/../../../../arm-none-eabi/lib/armv7-m/libcr_nohost.a(__sys_istty.o)
 .comment       0x00000000       0x71 /usr/local/lpcxpresso_7.5.0_254/lpcxpresso/tools/bin/../lib/gcc/arm-none-eabi/4.8.4/../../../../arm-none-eabi/lib/armv7-m/libcr_nohost.a(__sys_remove.o)
 .comment       0x00000000       0x71 /usr/local/lpcxpresso_7.5.0_254/lpcxpresso/tools/bin/../lib/gcc/arm-none-eabi/4.8.4/../../../../arm-none-eabi/lib/armv7-m/libcr_nohost.a(__sys_seek.o)
 .comment       0x00000000       0x71 /usr/local/lpcxpresso_7.5.0_254/lpcxpresso/tools/bin/../lib/gcc/arm-none-eabi/4.8.4/../../../../arm-none-eabi/lib/armv7-m/libcr_nohost.a(__sys_tmpnam.o)
 .comment       0x00000000       0x71 /usr/local/lpcxpresso_7.5.0_254/lpcxpresso/tools/bin/../lib/gcc/arm-none-eabi/4.8.4/../../../../arm-none-eabi/lib/armv7-m/libcr_nohost.a(__sys_write.o)

.ARM.attributes
                0x00000000       0x31
 .ARM.attributes
                0x00000000       0x33 ./src/usb/cdc_desc.o
 .ARM.attributes
                0x00000033       0x33 ./src/usb/cdc_vcom.o
 .ARM.attributes
                0x00000066       0x33 ./src/usb/skynet_cdc.o
 .ARM.attributes
                0x00000099       0x33 ./src/spi/spi.o
 .ARM.attributes
                0x000000cc       0x33 ./src/radio/radio.o
 .ARM.attributes
                0x000000ff       0x33 ./src/radio/radio_comm.o
 .ARM.attributes
                0x00000132       0x33 ./src/radio/radio_hal.o
 .ARM.attributes
                0x00000165       0x33 ./src/radio/si446x_api_lib.o
 .ARM.attributes
                0x00000198       0x33 ./src/radio/skynet_radio.o
 .ARM.attributes
                0x000001cb       0x33 ./src/periph/adc.o
 .ARM.attributes
                0x000001fe       0x33 ./src/periph/charger.o
 .ARM.attributes
                0x00000231       0x33 ./src/periph/dcdc.o
 .ARM.attributes
                0x00000264       0x33 ./src/periph/input.o
 .ARM.attributes
                0x00000297       0x33 ./src/periph/led.o
 .ARM.attributes
                0x000002ca       0x33 ./src/misc/event_queue.o
 .ARM.attributes
                0x000002fd       0x33 ./src/mac/mac.o
 .ARM.attributes
                0x00000330       0x33 ./src/mac/mac_frame_data.o
 .ARM.attributes
                0x00000363       0x33 ./src/gpio/gpio_irq.o
 .ARM.attributes
                0x00000396       0x33 ./src/cpu/cpu.o
 .ARM.attributes
                0x000003c9       0x33 ./src/cpu/rtc.o
 .ARM.attributes
                0x000003fc       0x33 ./src/cpu/systick.o
 .ARM.attributes
                0x0000042f       0x33 ./src/cr_startup_lpc175x_6x.o
 .ARM.attributes
                0x00000462       0x33 ./src/main.o
 .ARM.attributes
                0x00000495       0x33 ./src/sysinit.o
 .ARM.attributes
                0x000004c8       0x33 /home/michi/projects/LPCXpresso/lpc_chip_175x_6x/Release/liblpc_chip_175x_6x.a(adc_17xx_40xx.o)
 .ARM.attributes
                0x000004fb       0x33 /home/michi/projects/LPCXpresso/lpc_chip_175x_6x/Release/liblpc_chip_175x_6x.a(chip_17xx_40xx.o)
 .ARM.attributes
                0x0000052e       0x33 /home/michi/projects/LPCXpresso/lpc_chip_175x_6x/Release/liblpc_chip_175x_6x.a(clock_17xx_40xx.o)
 .ARM.attributes
                0x00000561       0x33 /home/michi/projects/LPCXpresso/lpc_chip_175x_6x/Release/liblpc_chip_175x_6x.a(iocon_17xx_40xx.o)
 .ARM.attributes
                0x00000594       0x33 /home/michi/projects/LPCXpresso/lpc_chip_175x_6x/Release/liblpc_chip_175x_6x.a(pmu_17xx_40xx.o)
 .ARM.attributes
                0x000005c7       0x33 /home/michi/projects/LPCXpresso/lpc_chip_175x_6x/Release/liblpc_chip_175x_6x.a(ring_buffer.o)
 .ARM.attributes
                0x000005fa       0x33 /home/michi/projects/LPCXpresso/lpc_chip_175x_6x/Release/liblpc_chip_175x_6x.a(rtc_17xx_40xx.o)
 .ARM.attributes
                0x0000062d       0x33 /home/michi/projects/LPCXpresso/lpc_chip_175x_6x/Release/liblpc_chip_175x_6x.a(spi_17xx_40xx.o)
 .ARM.attributes
                0x00000660       0x33 /home/michi/projects/LPCXpresso/lpc_chip_175x_6x/Release/liblpc_chip_175x_6x.a(stopwatch_17xx_40xx.o)
 .ARM.attributes
                0x00000693       0x33 /home/michi/projects/LPCXpresso/lpc_chip_175x_6x/Release/liblpc_chip_175x_6x.a(timer_17xx_40xx.o)
 .ARM.attributes
                0x000006c6       0x33 /home/michi/projects/LPCXpresso/lpc_chip_175x_6x/libs/libusbd_175x_6x_lib.a(mw_usbd_rom_api.o)
 .ARM.attributes
                0x000006f9       0x33 /home/michi/projects/LPCXpresso/lpc_chip_175x_6x/libs/libusbd_175x_6x_lib.a(hw_usbd_ip3503.o)
 .ARM.attributes
                0x0000072c       0x33 /home/michi/projects/LPCXpresso/lpc_chip_175x_6x/libs/libusbd_175x_6x_lib.a(mw_usbd_cdcuser.o)
 .ARM.attributes
                0x0000075f       0x33 /home/michi/projects/LPCXpresso/lpc_chip_175x_6x/libs/libusbd_175x_6x_lib.a(mw_usbd_core.o)
 .ARM.attributes
                0x00000792       0x33 /usr/local/lpcxpresso_7.5.0_254/lpcxpresso/tools/bin/../lib/gcc/arm-none-eabi/4.8.4/../../../../arm-none-eabi/lib/armv7-m/libcr_nohost.a(_cr__main.o)
 .ARM.attributes
                0x000007c5       0x33 /usr/local/lpcxpresso_7.5.0_254/lpcxpresso/tools/bin/../lib/gcc/arm-none-eabi/4.8.4/../../../../arm-none-eabi/lib/armv7-m/libcr_c.a(memcpy.o)
 .ARM.attributes
                0x000007f8       0x33 /usr/local/lpcxpresso_7.5.0_254/lpcxpresso/tools/bin/../lib/gcc/arm-none-eabi/4.8.4/../../../../arm-none-eabi/lib/armv7-m/libcr_c.a(memset.o)
 .ARM.attributes
                0x0000082b       0x33 /usr/local/lpcxpresso_7.5.0_254/lpcxpresso/tools/bin/../lib/gcc/arm-none-eabi/4.8.4/../../../../arm-none-eabi/lib/armv7-m/libcr_c.a(alloc.o)
 .ARM.attributes
                0x0000085e       0x33 /usr/local/lpcxpresso_7.5.0_254/lpcxpresso/tools/bin/../lib/gcc/arm-none-eabi/4.8.4/../../../../arm-none-eabi/lib/armv7-m/libcr_c.a(fpprintf.o)
 .ARM.attributes
                0x00000891       0x33 /usr/local/lpcxpresso_7.5.0_254/lpcxpresso/tools/bin/../lib/gcc/arm-none-eabi/4.8.4/../../../../arm-none-eabi/lib/armv7-m/libcr_c.a(initio.o)
 .ARM.attributes
                0x000008c4       0x33 /usr/local/lpcxpresso_7.5.0_254/lpcxpresso/tools/bin/../lib/gcc/arm-none-eabi/4.8.4/../../../../arm-none-eabi/lib/armv7-m/libcr_c.a(printf.o)
 .ARM.attributes
                0x000008f7       0x33 /usr/local/lpcxpresso_7.5.0_254/lpcxpresso/tools/bin/../lib/gcc/arm-none-eabi/4.8.4/../../../../arm-none-eabi/lib/armv7-m/libcr_c.a(setvbuf.o)
 .ARM.attributes
                0x0000092a       0x33 /usr/local/lpcxpresso_7.5.0_254/lpcxpresso/tools/bin/../lib/gcc/arm-none-eabi/4.8.4/../../../../arm-none-eabi/lib/armv7-m/libcr_c.a(stdio.o)
 .ARM.attributes
                0x0000095d       0x33 /usr/local/lpcxpresso_7.5.0_254/lpcxpresso/tools/bin/../lib/gcc/arm-none-eabi/4.8.4/../../../../arm-none-eabi/lib/armv7-m/libcr_c.a(stdlib.o)
 .ARM.attributes
                0x00000990       0x33 /usr/local/lpcxpresso_7.5.0_254/lpcxpresso/tools/bin/../lib/gcc/arm-none-eabi/4.8.4/../../../../arm-none-eabi/lib/armv7-m/libcr_c.a(strlen.o)
 .ARM.attributes
                0x000009c3       0x33 /usr/local/lpcxpresso_7.5.0_254/lpcxpresso/tools/bin/../lib/gcc/arm-none-eabi/4.8.4/../../../../arm-none-eabi/lib/armv7-m/libcr_c.a(__init_alloc.o)
 .ARM.attributes
                0x000009f6       0x33 /usr/local/lpcxpresso_7.5.0_254/lpcxpresso/tools/bin/../lib/gcc/arm-none-eabi/4.8.4/../../../../arm-none-eabi/lib/armv7-m/libcr_c.a(_cr_sbrk.o)
 .ARM.attributes
                0x00000a29       0x33 /usr/local/lpcxpresso_7.5.0_254/lpcxpresso/tools/bin/../lib/gcc/arm-none-eabi/4.8.4/../../../../arm-none-eabi/lib/armv7-m/libcr_c.a(_deferredlazyseek.o)
 .ARM.attributes
                0x00000a5c       0x33 /usr/local/lpcxpresso_7.5.0_254/lpcxpresso/tools/bin/../lib/gcc/arm-none-eabi/4.8.4/../../../../arm-none-eabi/lib/armv7-m/libcr_c.a(_fdopen.o)
 .ARM.attributes
                0x00000a8f       0x33 /usr/local/lpcxpresso_7.5.0_254/lpcxpresso/tools/bin/../lib/gcc/arm-none-eabi/4.8.4/../../../../arm-none-eabi/lib/armv7-m/libcr_c.a(_fflush.o)
 .ARM.attributes
                0x00000ac2       0x33 /usr/local/lpcxpresso_7.5.0_254/lpcxpresso/tools/bin/../lib/gcc/arm-none-eabi/4.8.4/../../../../arm-none-eabi/lib/armv7-m/libcr_c.a(_frexpl.o)
 .ARM.attributes
                0x00000af5       0x33 /usr/local/lpcxpresso_7.5.0_254/lpcxpresso/tools/bin/../lib/gcc/arm-none-eabi/4.8.4/../../../../arm-none-eabi/lib/armv7-m/libcr_c.a(_ldexpl.o)
 .ARM.attributes
                0x00000b28       0x33 /usr/local/lpcxpresso_7.5.0_254/lpcxpresso/tools/bin/../lib/gcc/arm-none-eabi/4.8.4/../../../../arm-none-eabi/lib/armv7-m/libcr_c.a(_writebuf.o)
 .ARM.attributes
                0x00000b5b       0x33 /usr/local/lpcxpresso_7.5.0_254/lpcxpresso/tools/bin/../lib/gcc/arm-none-eabi/4.8.4/../../../../arm-none-eabi/lib/armv7-m/libcr_c.a(errno.o)
 .ARM.attributes
                0x00000b8e       0x33 /usr/local/lpcxpresso_7.5.0_254/lpcxpresso/tools/bin/../lib/gcc/arm-none-eabi/4.8.4/../../../../arm-none-eabi/lib/armv7-m/libcr_c.a(fclose.o)
 .ARM.attributes
                0x00000bc1       0x33 /usr/local/lpcxpresso_7.5.0_254/lpcxpresso/tools/bin/../lib/gcc/arm-none-eabi/4.8.4/../../../../arm-none-eabi/lib/armv7-m/libcr_c.a(fflush.o)
 .ARM.attributes
                0x00000bf4       0x33 /usr/local/lpcxpresso_7.5.0_254/lpcxpresso/tools/bin/../lib/gcc/arm-none-eabi/4.8.4/../../../../arm-none-eabi/lib/armv7-m/libcr_c.a(fseek.o)
 .ARM.attributes
                0x00000c27       0x33 /usr/local/lpcxpresso_7.5.0_254/lpcxpresso/tools/bin/../lib/gcc/arm-none-eabi/4.8.4/../../../../arm-none-eabi/lib/armv7-m/libcr_c.a(ftell.o)
 .ARM.attributes
                0x00000c5a       0x33 /usr/local/lpcxpresso_7.5.0_254/lpcxpresso/tools/bin/../lib/gcc/arm-none-eabi/4.8.4/../../../../arm-none-eabi/lib/armv7-m/libcr_c.a(remove.o)
 .ARM.attributes
                0x00000c8d       0x33 /usr/local/lpcxpresso_7.5.0_254/lpcxpresso/tools/bin/../lib/gcc/arm-none-eabi/4.8.4/../../../../arm-none-eabi/lib/armv7-m/libcr_c.a(_cr_check_heap.o)
 .ARM.attributes
                0x00000cc0       0x33 /usr/local/lpcxpresso_7.5.0_254/lpcxpresso/tools/bin/../lib/gcc/arm-none-eabi/4.8.4/../../../../arm-none-eabi/lib/armv7-m/libcr_c.a(_do_fflush.o)
 .ARM.attributes
                0x00000cf3       0x33 /usr/local/lpcxpresso_7.5.0_254/lpcxpresso/tools/bin/../lib/gcc/arm-none-eabi/4.8.4/../../../../arm-none-eabi/lib/armv7-m/libcr_c.a(_hugeval.o)
 .ARM.attributes
                0x00000d26       0x33 /usr/local/lpcxpresso_7.5.0_254/lpcxpresso/tools/bin/../lib/gcc/arm-none-eabi/4.8.4/armv7-m/libcr_eabihelpers.a(double.o)
 .ARM.attributes
                0x00000d59       0x21 /usr/local/lpcxpresso_7.5.0_254/lpcxpresso/tools/bin/../lib/gcc/arm-none-eabi/4.8.4/armv7-m/libcr_eabihelpers.a(memcpy.o)
 .ARM.attributes
                0x00000d7a       0x33 /usr/local/lpcxpresso_7.5.0_254/lpcxpresso/tools/bin/../lib/gcc/arm-none-eabi/4.8.4/../../../../arm-none-eabi/lib/armv7-m/libcr_nohost.a(__sys_appexit.o)
 .ARM.attributes
                0x00000dad       0x33 /usr/local/lpcxpresso_7.5.0_254/lpcxpresso/tools/bin/../lib/gcc/arm-none-eabi/4.8.4/../../../../arm-none-eabi/lib/armv7-m/libcr_nohost.a(__sys_close.o)
 .ARM.attributes
                0x00000de0       0x33 /usr/local/lpcxpresso_7.5.0_254/lpcxpresso/tools/bin/../lib/gcc/arm-none-eabi/4.8.4/../../../../arm-none-eabi/lib/armv7-m/libcr_nohost.a(__sys_flen.o)
 .ARM.attributes
                0x00000e13       0x33 /usr/local/lpcxpresso_7.5.0_254/lpcxpresso/tools/bin/../lib/gcc/arm-none-eabi/4.8.4/../../../../arm-none-eabi/lib/armv7-m/libcr_nohost.a(__sys_istty.o)
 .ARM.attributes
                0x00000e46       0x33 /usr/local/lpcxpresso_7.5.0_254/lpcxpresso/tools/bin/../lib/gcc/arm-none-eabi/4.8.4/../../../../arm-none-eabi/lib/armv7-m/libcr_nohost.a(__sys_remove.o)
 .ARM.attributes
                0x00000e79       0x33 /usr/local/lpcxpresso_7.5.0_254/lpcxpresso/tools/bin/../lib/gcc/arm-none-eabi/4.8.4/../../../../arm-none-eabi/lib/armv7-m/libcr_nohost.a(__sys_seek.o)
 .ARM.attributes
                0x00000eac       0x33 /usr/local/lpcxpresso_7.5.0_254/lpcxpresso/tools/bin/../lib/gcc/arm-none-eabi/4.8.4/../../../../arm-none-eabi/lib/armv7-m/libcr_nohost.a(__sys_tmpnam.o)
 .ARM.attributes
                0x00000edf       0x33 /usr/local/lpcxpresso_7.5.0_254/lpcxpresso/tools/bin/../lib/gcc/arm-none-eabi/4.8.4/../../../../arm-none-eabi/lib/armv7-m/libcr_nohost.a(__sys_write.o)

.debug_info     0x00000000     0xac4a
 .debug_info    0x00000000      0xa46 /home/michi/projects/LPCXpresso/lpc_chip_175x_6x/Release/liblpc_chip_175x_6x.a(adc_17xx_40xx.o)
 .debug_info    0x00000a46      0x5e3 /home/michi/projects/LPCXpresso/lpc_chip_175x_6x/Release/liblpc_chip_175x_6x.a(chip_17xx_40xx.o)
 .debug_info    0x00001029      0xc79 /home/michi/projects/LPCXpresso/lpc_chip_175x_6x/Release/liblpc_chip_175x_6x.a(clock_17xx_40xx.o)
 .debug_info    0x00001ca2      0x313 /home/michi/projects/LPCXpresso/lpc_chip_175x_6x/Release/liblpc_chip_175x_6x.a(iocon_17xx_40xx.o)
 .debug_info    0x00001fb5      0x3ed /home/michi/projects/LPCXpresso/lpc_chip_175x_6x/Release/liblpc_chip_175x_6x.a(pmu_17xx_40xx.o)
 .debug_info    0x000023a2      0x49d /home/michi/projects/LPCXpresso/lpc_chip_175x_6x/Release/liblpc_chip_175x_6x.a(ring_buffer.o)
 .debug_info    0x0000283f      0x65d /home/michi/projects/LPCXpresso/lpc_chip_175x_6x/Release/liblpc_chip_175x_6x.a(rtc_17xx_40xx.o)
 .debug_info    0x00002e9c      0xc22 /home/michi/projects/LPCXpresso/lpc_chip_175x_6x/Release/liblpc_chip_175x_6x.a(spi_17xx_40xx.o)
 .debug_info    0x00003abe      0x44c /home/michi/projects/LPCXpresso/lpc_chip_175x_6x/Release/liblpc_chip_175x_6x.a(stopwatch_17xx_40xx.o)
 .debug_info    0x00003f0a      0x46d /home/michi/projects/LPCXpresso/lpc_chip_175x_6x/Release/liblpc_chip_175x_6x.a(timer_17xx_40xx.o)