Archive member included because of file (symbol)

/home/michi/projects/LPCXpresso/lpc_chip_175x_6x/Debug/liblpc_chip_175x_6x.a(adc_17xx_40xx.o)
                              ./src/periph/adc.o (Chip_ADC_Init)
/home/michi/projects/LPCXpresso/lpc_chip_175x_6x/Debug/liblpc_chip_175x_6x.a(chip_17xx_40xx.o)
                              ./src/cpu/systick.o (SystemCoreClock)
/home/michi/projects/LPCXpresso/lpc_chip_175x_6x/Debug/liblpc_chip_175x_6x.a(clock_17xx_40xx.o)
                              ./src/sysinit.o (Chip_Clock_EnablePLL)
/home/michi/projects/LPCXpresso/lpc_chip_175x_6x/Debug/liblpc_chip_175x_6x.a(iocon_17xx_40xx.o)
                              ./src/usb/skynet_cdc.o (Chip_IOCON_PinMuxSet)
/home/michi/projects/LPCXpresso/lpc_chip_175x_6x/Debug/liblpc_chip_175x_6x.a(pmu_17xx_40xx.o)
                              ./src/cpu/cpu.o (Chip_PMU_SleepState)
/home/michi/projects/LPCXpresso/lpc_chip_175x_6x/Debug/liblpc_chip_175x_6x.a(ring_buffer.o)
                              ./src/misc/event_queue.o (RingBuffer_Init)
/home/michi/projects/LPCXpresso/lpc_chip_175x_6x/Debug/liblpc_chip_175x_6x.a(rtc_17xx_40xx.o)
                              ./src/cpu/rtc.o (Chip_RTC_Init)
/home/michi/projects/LPCXpresso/lpc_chip_175x_6x/Debug/liblpc_chip_175x_6x.a(spi_17xx_40xx.o)
                              ./src/spi/spi.o (Chip_SPI_SetBitRate)
/home/michi/projects/LPCXpresso/lpc_chip_175x_6x/Debug/liblpc_chip_175x_6x.a(stopwatch_17xx_40xx.o)
                              ./src/main.o (StopWatch_Init)
/home/michi/projects/LPCXpresso/lpc_chip_175x_6x/Debug/liblpc_chip_175x_6x.a(timer_17xx_40xx.o)
                              /home/michi/projects/LPCXpresso/lpc_chip_175x_6x/Debug/liblpc_chip_175x_6x.a(stopwatch_17xx_40xx.o) (Chip_TIMER_Init)
/home/michi/projects/LPCXpresso/lpc_chip_175x_6x/libs/libusbd_175x_6x_lib.a(mw_usbd_rom_api.o)
                              ./src/usb/skynet_cdc.o (cdc_api)
/home/michi/projects/LPCXpresso/lpc_chip_175x_6x/libs/libusbd_175x_6x_lib.a(hw_usbd_ip3503.o)
                              /home/michi/projects/LPCXpresso/lpc_chip_175x_6x/libs/libusbd_175x_6x_lib.a(mw_usbd_rom_api.o) (hwUSB_GetMemSize)
/home/michi/projects/LPCXpresso/lpc_chip_175x_6x/libs/libusbd_175x_6x_lib.a(mw_usbd_cdcuser.o)
                              /home/michi/projects/LPCXpresso/lpc_chip_175x_6x/libs/libusbd_175x_6x_lib.a(mw_usbd_rom_api.o) (mwCDC_SendNotification)
/home/michi/projects/LPCXpresso/lpc_chip_175x_6x/libs/libusbd_175x_6x_lib.a(mw_usbd_core.o)
                              /home/michi/projects/LPCXpresso/lpc_chip_175x_6x/libs/libusbd_175x_6x_lib.a(mw_usbd_rom_api.o) (mwUSB_SetupStage)
/home/michi/projects/LPCXpresso/lpc_chip_175x_6x/libs/libusbd_175x_6x_lib.a(mw_usbd_dfuuser.o)
                              /home/michi/projects/LPCXpresso/lpc_chip_175x_6x/libs/libusbd_175x_6x_lib.a(mw_usbd_rom_api.o) (mwDFU_GetMemSize)
/home/michi/projects/LPCXpresso/lpc_chip_175x_6x/libs/libusbd_175x_6x_lib.a(mw_usbd_hiduser.o)
                              /home/michi/projects/LPCXpresso/lpc_chip_175x_6x/libs/libusbd_175x_6x_lib.a(mw_usbd_rom_api.o) (mwHID_GetMemSize)
/home/michi/projects/LPCXpresso/lpc_chip_175x_6x/libs/libusbd_175x_6x_lib.a(mw_usbd_mscuser.o)
                              /home/michi/projects/LPCXpresso/lpc_chip_175x_6x/libs/libusbd_175x_6x_lib.a(mw_usbd_rom_api.o) (mwMSC_GetMemSize)
/usr/local/lpcxpresso_7.5.0_254/lpcxpresso/tools/bin/../lib/gcc/arm-none-eabi/4.8.4/../../../../arm-none-eabi/lib/armv7-m/libcr_semihost.a(_cr__main.o)
                              ./src/cr_startup_lpc175x_6x.o (__main)
/usr/local/lpcxpresso_7.5.0_254/lpcxpresso/tools/bin/../lib/gcc/arm-none-eabi/4.8.4/../../../../arm-none-eabi/lib/armv7-m/libcr_c.a(memcpy.o)
                              ./src/usb/cdc_vcom.o (memcpy)
/usr/local/lpcxpresso_7.5.0_254/lpcxpresso/tools/bin/../lib/gcc/arm-none-eabi/4.8.4/../../../../arm-none-eabi/lib/armv7-m/libcr_c.a(memset.o)
                              ./src/usb/cdc_vcom.o (memset)
/usr/local/lpcxpresso_7.5.0_254/lpcxpresso/tools/bin/../lib/gcc/arm-none-eabi/4.8.4/../../../../arm-none-eabi/lib/armv7-m/libcr_c.a(alloc.o)
                              ./src/usb/skynet_cdc.o (malloc)
/usr/local/lpcxpresso_7.5.0_254/lpcxpresso/tools/bin/../lib/gcc/arm-none-eabi/4.8.4/../../../../arm-none-eabi/lib/armv7-m/libcr_c.a(fpprintf.o)
                              ./src/usb/skynet_cdc.o (vsnprintf)
/usr/local/lpcxpresso_7.5.0_254/lpcxpresso/tools/bin/../lib/gcc/arm-none-eabi/4.8.4/../../../../arm-none-eabi/lib/armv7-m/libcr_c.a(initio.o)
                              /usr/local/lpcxpresso_7.5.0_254/lpcxpresso/tools/bin/../lib/gcc/arm-none-eabi/4.8.4/../../../../arm-none-eabi/lib/armv7-m/libcr_semihost.a(_cr__main.o) (_initio)
/usr/local/lpcxpresso_7.5.0_254/lpcxpresso/tools/bin/../lib/gcc/arm-none-eabi/4.8.4/../../../../arm-none-eabi/lib/armv7-m/libcr_c.a(printf.o)
[...]
Memory Configuration

Name             Origin             Length             Attributes
MFlash512        0x00000000         0x00080000         xr
RamLoc32         0x10000000         0x00008000         xrw
RamAHB32         0x2007c000         0x00008000         xrw
*default*        0x00000000         0xffffffff

Linker script and memory map

LOAD ./src/usb/cdc_desc.o
LOAD ./src/usb/cdc_vcom.o
LOAD ./src/usb/skynet_cdc.o
LOAD ./src/spi/spi.o
LOAD ./src/radio/radio.o
LOAD ./src/radio/radio_comm.o
LOAD ./src/radio/radio_hal.o
LOAD ./src/radio/si446x_api_lib.o
LOAD ./src/radio/skynet_radio.o
LOAD ./src/periph/adc.o
LOAD ./src/periph/charger.o
LOAD ./src/periph/dcdc.o
LOAD ./src/periph/input.o
LOAD ./src/periph/led.o
LOAD ./src/misc/event_queue.o
LOAD ./src/mac/mac.o
LOAD ./src/mac/mac_frame_data.o
LOAD ./src/gpio/gpio_irq.o
LOAD ./src/cpu/cpu.o
LOAD ./src/cpu/rtc.o
LOAD ./src/cpu/systick.o
LOAD ./src/basestation/wind/windvane/windvane.o
LOAD ./src/basestation/wind/windspeed/windspeed.o
LOAD ./src/basestation/gps/gps.o
LOAD ./src/basestation/compass/compass.o
LOAD ./src/basestation/skynet_basestation.o
LOAD ./src/cr_startup_lpc175x_6x.o
LOAD ./src/crp.o
LOAD ./src/main.o
LOAD ./src/sysinit.o
LOAD /home/michi/projects/LPCXpresso/lpc_chip_175x_6x/Debug/liblpc_chip_175x_6x.a
LOAD /home/michi/projects/LPCXpresso/lpc_chip_175x_6x/libs/libusbd_175x_6x_lib.a
START GROUP
LOAD /usr/local/lpcxpresso_7.5.0_254/lpcxpresso/tools/bin/../lib/gcc/arm-none-eabi/4.8.4/../../../../arm-none-eabi/lib/armv7-m/libcr_semihost.a
LOAD /usr/local/lpcxpresso_7.5.0_254/lpcxpresso/tools/bin/../lib/gcc/arm-none-eabi/4.8.4/../../../../arm-none-eabi/lib/armv7-m/libcr_c.a
LOAD /usr/local/lpcxpresso_7.5.0_254/lpcxpresso/tools/bin/../lib/gcc/arm-none-eabi/4.8.4/armv7-m/libcr_eabihelpers.a
END GROUP
                0x00080000                __top_MFlash512 = 0x80000
                0x10008000                __top_RamLoc32 = 0x10008000
                0x20084000                __top_RamAHB32 = 0x20084000

.text           0x00000000     0x7630
 FILL mask 0xff
                0x00000000                __vectors_start__ = ABSOLUTE (.)
 *(.isr_vector)
 .isr_vector    0x00000000       0xcc ./src/cr_startup_lpc175x_6x.o
                0x00000000                g_pfnVectors
                0x000000cc                . = ALIGN (0x4)
                0x000000cc                __section_table_start = .
                0x000000cc                __data_section_table = .
                0x000000cc        0x4 LONG 0x7630 LOADADDR (.data)
                0x000000d0        0x4 LONG 0x10000000 ADDR (.data)
                0x000000d4        0x4 LONG 0x2a4 SIZEOF (.data)
                0x000000d8        0x4 LONG 0x7630 LOADADDR (.data_RAM2)
                0x000000dc        0x4 LONG 0x2007c000 ADDR (.data_RAM2)
                0x000000e0        0x4 LONG 0x0 SIZEOF (.data_RAM2)
                0x000000e4                __data_section_table_end = .
                0x000000e4                __bss_section_table = .
                0x000000e4        0x4 LONG 0x100002a4 ADDR (.bss)
                0x000000e8        0x4 LONG 0x480 SIZEOF (.bss)
                0x000000ec        0x4 LONG 0x2007c000 ADDR (.bss_RAM2)
                0x000000f0        0x4 LONG 0x0 SIZEOF (.bss_RAM2)
                0x000000f4                __bss_section_table_end = .
                0x000000f4                __section_table_end = .
 *(.after_vectors*)
 .after_vectors
                0x000000f4       0xa4 ./src/cr_startup_lpc175x_6x.o
                0x000000f4                NMI_Handler
                0x000000f8                HardFault_Handler
                0x000000fc                MemManage_Handler
                0x00000100                BusFault_Handler
                0x00000104                UsageFault_Handler
                0x00000108                SVC_Handler
                0x0000010c                DebugMon_Handler
                0x00000110                PendSV_Handler
                0x00000118                TIMER2_IRQHandler
                0x00000118                RIT_IRQHandler
                0x00000118                I2C0_IRQHandler
                0x00000118                USBActivity_IRQHandler
                0x00000118                PWM1_IRQHandler
                0x00000118                I2C1_IRQHandler
                0x00000118                UART1_IRQHandler
                0x00000118                CANActivity_IRQHandler
                0x00000118                TIMER3_IRQHandler
                0x00000118                UART0_IRQHandler
                0x00000118                IntDefaultHandler
                0x00000118                PLL0_IRQHandler
                0x00000118                CAN_IRQHandler
                0x00000118                PLL1_IRQHandler
                0x00000118                SSP0_IRQHandler
                0x00000118                I2S_IRQHandler
                0x00000118                I2C2_IRQHandler
                0x00000118                TIMER0_IRQHandler
                0x00000118                SPI_IRQHandler
                0x00000118                TIMER1_IRQHandler
                0x00000118                UART2_IRQHandler
                0x00000118                ADC_IRQHandler
                0x00000118                SSP1_IRQHandler
                0x00000118                BOD_IRQHandler
                0x00000118                WDT_IRQHandler
                0x00000118                QEI_IRQHandler
                0x00000118                EINT0_IRQHandler
                0x00000118                ETH_IRQHandler
                0x00000118                DMA_IRQHandler
                0x00000118                UART3_IRQHandler
                0x00000118                MCPWM_IRQHandler
                0x0000011c                data_init
                0x00000138                bss_init
                0x0000014c                ResetISR
 *(.text*)
 .text.VCOM_bulk_in_hdlr
                0x00000198       0x14 ./src/usb/cdc_vcom.o
 .text.VCOM_bulk_out_hdlr
                0x000001ac       0x94 ./src/usb/cdc_vcom.o
 .text.VCOM_SetLineCode
                0x00000240       0x10 ./src/usb/cdc_vcom.o
 .text.vcom_init
                0x00000250       0xac ./src/usb/cdc_vcom.o
                0x00000250                vcom_init
 .text.vcom_bread
                0x000002fc       0x60 ./src/usb/cdc_vcom.o
                0x000002fc                vcom_bread
 .text.vcom_write
                0x0000035c       0x58 ./src/usb/cdc_vcom.o
                0x0000035c                vcom_write
 .text.skynet_cdc_connect
                0x000003b4       0x1c ./src/usb/skynet_cdc.o
                0x000003b4                skynet_cdc_connect
 .text.skynet_cdc_init
                0x000003d0       0xdc ./src/usb/skynet_cdc.o
                0x000003d0                skynet_cdc_init
 .text.USB_IRQHandler
                0x000004ac       0x1c ./src/usb/skynet_cdc.o
                0x000004ac                USB_IRQHandler
 .text.find_IntfDesc
                0x000004c8       0x1c ./src/usb/skynet_cdc.o
                0x000004c8                find_IntfDesc
 .text.skynet_cdc_write_message
                0x000004e4       0xe0 ./src/usb/skynet_cdc.o
                0x000004e4                skynet_cdc_write_message
 .text.skynet_cdc_write_debug
                0x000005c4       0x38 ./src/usb/skynet_cdc.o
                0x000005c4                skynet_cdc_write_debug
 .text.skynet_cdc_receive_data
                0x000005fc      0x174 ./src/usb/skynet_cdc.o
                0x000005fc                skynet_cdc_receive_data
 .text.SPI_Init
                0x00000770       0x70 ./src/spi/spi.o
                0x00000770                SPI_Init
 .text.SPI_Deinit
                0x000007e0       0x28 ./src/spi/spi.o
                0x000007e0                SPI_Deinit
 .text.SPI_Trans
                0x00000808       0x1c ./src/spi/spi.o
                0x00000808                SPI_Trans
 .text.SPI_TransBatchWrite
                0x00000824       0x18 ./src/spi/spi.o
                0x00000824                SPI_TransBatchWrite
 .text.SPI_TransBatchRead
                0x0000083c       0x1c ./src/spi/spi.o
                0x0000083c                SPI_TransBatchRead
 .text.SPI_AssertSSEL
                0x00000858       0x1c ./src/spi/spi.o
                0x00000858                SPI_AssertSSEL
 .text.SPI_DeassertSSEL
                0x00000874       0x1c ./src/spi/spi.o
                0x00000874                SPI_DeassertSSEL
 .text.vRadio_PowerUp
                0x00000890       0x10 ./src/radio/radio.o
                0x00000890                vRadio_PowerUp
 .text.vRadio_Init
                0x000008a0       0x70 ./src/radio/radio.o
                0x000008a0                vRadio_Init
 .text.vRadio_StartRX
                0x00000910       0x30 ./src/radio/radio.o
                0x00000910                vRadio_StartRX
 .text.vRadio_StartRXlong
                0x00000940       0x30 ./src/radio/radio.o
                0x00000940                vRadio_StartRXlong
 .text.radio_comm_GetResp
                0x00000970       0x64 ./src/radio/radio_comm.o
                0x00000970                radio_comm_GetResp
 .text.radio_comm_PollCTS
                0x000009d4        0xc ./src/radio/radio_comm.o
                0x000009d4                radio_comm_PollCTS
 .text.radio_comm_SendCmd
                0x000009e0       0x3c ./src/radio/radio_comm.o
                0x000009e0                radio_comm_SendCmd
 .text.radio_comm_ReadData
                0x00000a1c       0x40 ./src/radio/radio_comm.o
                0x00000a1c                radio_comm_ReadData
 .text.radio_comm_WriteData
                0x00000a5c       0x40 ./src/radio/radio_comm.o
                0x00000a5c                radio_comm_WriteData
 .text.radio_comm_ClearCTS
                0x00000a9c        0xc ./src/radio/radio_comm.o
                0x00000a9c                radio_comm_ClearCTS
 .text.radio_comm_SendCmdGetResp
                0x00000aa8       0x14 ./src/radio/radio_comm.o
                0x00000aa8                radio_comm_SendCmdGetResp
 .text.radio_hal_AssertShutdown
                0x00000abc       0x18 ./src/radio/radio_hal.o
                0x00000abc                radio_hal_AssertShutdown
 .text.radio_hal_DeassertShutdown
                0x00000ad4       0x18 ./src/radio/radio_hal.o
                0x00000ad4                radio_hal_DeassertShutdown
 .text.radio_hal_ClearNsel
                0x00000aec        0x8 ./src/radio/radio_hal.o
                0x00000aec                radio_hal_ClearNsel
 .text.radio_hal_SetNsel
                0x00000af4        0x8 ./src/radio/radio_hal.o
                0x00000af4                radio_hal_SetNsel
 .text.radio_hal_NirqLevel
                0x00000afc       0x10 ./src/radio/radio_hal.o
                0x00000afc                radio_hal_NirqLevel
 .text.radio_hal_SpiWriteByte
                0x00000b0c        0x8 ./src/radio/radio_hal.o
                0x00000b0c                radio_hal_SpiWriteByte
 .text.radio_hal_SpiReadByte
                0x00000b14        0xc ./src/radio/radio_hal.o
                0x00000b14                radio_hal_SpiReadByte
 .text.radio_hal_SpiWriteData
                0x00000b20       0x10 ./src/radio/radio_hal.o
                0x00000b20                radio_hal_SpiWriteData
 .text.radio_hal_SpiReadData
                0x00000b30       0x10 ./src/radio/radio_hal.o
                0x00000b30                radio_hal_SpiReadData
 .text.si446x_reset
                0x00000b40       0x1c ./src/radio/si446x_api_lib.o
                0x00000b40                si446x_reset
 .text.si446x_part_info
                0x00000b5c       0x40 ./src/radio/si446x_api_lib.o
                0x00000b5c                si446x_part_info
 .text.si446x_start_tx
                0x00000b9c       0x24 ./src/radio/si446x_api_lib.o
                0x00000b9c                si446x_start_tx
 .text.si446x_start_rx
                0x00000bc0       0x30 ./src/radio/si446x_api_lib.o
                0x00000bc0                si446x_start_rx
 .text.si446x_get_int_status
                0x00000bf0       0x48 ./src/radio/si446x_api_lib.o
                0x00000bf0                si446x_get_int_status
 .text.si446x_configuration_init
                0x00000c38       0x64 ./src/radio/si446x_api_lib.o
                0x00000c38                si446x_configuration_init
 .text.si446x_change_state
                0x00000c9c       0x18 ./src/radio/si446x_api_lib.o
                0x00000c9c                si446x_change_state
 .text.si446x_fifo_info
                0x00000cb4       0x2c ./src/radio/si446x_api_lib.o
                0x00000cb4                si446x_fifo_info
 .text.si446x_write_tx_fifo
                0x00000ce0       0x10 ./src/radio/si446x_api_lib.o
                0x00000ce0                si446x_write_tx_fifo
 .text.si446x_read_rx_fifo
                0x00000cf0       0x10 ./src/radio/si446x_api_lib.o
                0x00000cf0                si446x_read_rx_fifo
 .text.si446x_func_info
                0x00000d00       0x38 ./src/radio/si446x_api_lib.o
                0x00000d00                si446x_func_info
 .text.si446x_get_packet_info
                0x00000d38       0x38 ./src/radio/si446x_api_lib.o
                0x00000d38                si446x_get_packet_info
 .text.si446x_get_modem_status
                0x00000d70       0x44 ./src/radio/si446x_api_lib.o
                0x00000d70                si446x_get_modem_status
 .text.radio_pin_init
                0x00000db4       0x18 ./src/radio/skynet_radio.o
                0x00000db4                radio_pin_init
 .text.radio_set_irq
                0x00000dcc       0x20 ./src/radio/skynet_radio.o
                0x00000dcc                radio_set_irq
 .text.radio_init
                0x00000dec       0xf0 ./src/radio/skynet_radio.o
                0x00000dec                radio_init
 .text.radio_unset_irq
                0x00000edc       0x14 ./src/radio/skynet_radio.o
                0x00000edc                radio_unset_irq
 .text.radio_shutdown
                0x00000ef0       0x20 ./src/radio/skynet_radio.o
                0x00000ef0                radio_shutdown
 .text.radio_disable_irq
                0x00000f10        0xc ./src/radio/skynet_radio.o
                0x00000f10                radio_disable_irq
 .text.radio_enable_irq
                0x00000f1c        0xc ./src/radio/skynet_radio.o
                0x00000f1c                radio_enable_irq
 .text.radio_packet_handler
                0x00000f28      0x1d8 ./src/radio/skynet_radio.o
                0x00000f28                radio_packet_handler
 .text.si446x_set_property_lpc
                0x00001100       0x54 ./src/radio/skynet_radio.o
                0x00001100                si446x_set_property_lpc
 .text.radio_reset_packet_size
                0x00001154       0x1c ./src/radio/skynet_radio.o
                0x00001154                radio_reset_packet_size
 .text.radio_send_variable_packet
                0x00001170      0x23c ./src/radio/skynet_radio.o
                0x00001170                radio_send_variable_packet
 .text.adc_init
                0x000013ac       0x38 ./src/periph/adc.o
                0x000013ac                adc_init
 .text.adc_start_buffered_measure
                0x000013e4       0x14 ./src/periph/adc.o
                0x000013e4                adc_start_buffered_measure
 .text.adc_measure
                0x000013f8       0x58 ./src/periph/adc.o
                0x000013f8                adc_measure
 .text.adc_read_buffered_measure
                0x00001450       0x40 ./src/periph/adc.o
                0x00001450                adc_read_buffered_measure
 .text.charger_set_mode
                0x00001490       0x4c ./src/periph/charger.o
                0x00001490                charger_set_mode
 .text.charger_check_port
                0x000014dc        0xc ./src/periph/charger.o
                0x000014dc                charger_check_port
 .text.EINT2_IRQHandler
                0x000014e8       0x2c ./src/periph/charger.o
                0x000014e8                EINT2_IRQHandler
 .text.input_init
                0x00001514       0x40 ./src/periph/input.o
                0x00001514                input_init
 .text.input_state
                0x00001554       0x14 ./src/periph/input.o
                0x00001554                input_state
 .text.input_pressed
                0x00001568       0x2c ./src/periph/input.o
                0x00001568                input_pressed
 .text.recheck_switch_state
                0x00001594      0x1b8 ./src/periph/input.o
                0x00001594                recheck_switch_state
 .text.EINT1_IRQHandler
                0x0000174c       0x54 ./src/periph/input.o
                0x0000174c                EINT1_IRQHandler
 .text.skynet_led_off
                0x000017a0       0x10 ./src/periph/led.o
 .text.skynet_led_init
                0x000017b0       0x18 ./src/periph/led.o
                0x000017b0                skynet_led_init
 .text.skynet_led
                0x000017c8       0x20 ./src/periph/led.o
                0x000017c8                skynet_led
 .text.skynet_led_blink_passive
                0x000017e8       0x1c ./src/periph/led.o
                0x000017e8                skynet_led_blink_passive
 .text.skynet_led_blink_active
                0x00001804       0x20 ./src/periph/led.o
                0x00001804                skynet_led_blink_active
 .text.events_init
                0x00001824       0x20 ./src/misc/event_queue.o
                0x00001824                events_init
 .text.events_enqueue
                0x00001844       0x34 ./src/misc/event_queue.o
                0x00001844                events_enqueue
 .text.events_dequeue
                0x00001878       0x24 ./src/misc/event_queue.o
                0x00001878                events_dequeue
 .text.channel_idle
                0x0000189c       0x28 ./src/mac/mac.o
                0x0000189c                channel_idle
 .text.mac_transmit_data
                0x000018c4       0x70 ./src/mac/mac.o
                0x000018c4                mac_transmit_data
 .text.mac_transmit_packet
                0x00001934       0x74 ./src/mac/mac.o
                0x00001934                mac_transmit_packet
 .text.mac_frame_data_estimate_size
                0x000019a8        0x8 ./src/mac/mac_frame_data.o
                0x000019a8                mac_frame_data_estimate_size
 .text.mac_frame_data_init
                0x000019b0       0x28 ./src/mac/mac_frame_data.o
                0x000019b0                mac_frame_data_init
 .text.mac_frame_data_pack
                0x000019d8       0xac ./src/mac/mac_frame_data.o
                0x000019d8                mac_frame_data_pack
 .text.EINT3_IRQHandler
                0x00001a84       0x40 ./src/gpio/gpio_irq.o
                0x00001a84                EINT3_IRQHandler
 .text.enable_gpio_irq
                0x00001ac4       0x50 ./src/gpio/gpio_irq.o
                0x00001ac4                enable_gpio_irq
 .text.disable_gpio_irq
                0x00001b14       0x54 ./src/gpio/gpio_irq.o
                0x00001b14                disable_gpio_irq
 .text.NVIC_SystemReset
                0x00001b68       0x20 ./src/cpu/cpu.o
 .text.cpu_set_speed
                0x00001b88       0x40 ./src/cpu/cpu.o
                0x00001b88                cpu_set_speed
 .text.cpu_sleep
                0x00001bc8       0x10 ./src/cpu/cpu.o
                0x00001bc8                cpu_sleep
 .text.cpu_reset
                0x00001bd8       0x10 ./src/cpu/cpu.o
                0x00001bd8                cpu_reset
 .text.cpu_enter_iap_mode
                0x00001be8       0x10 ./src/cpu/cpu.o
                0x00001be8                cpu_enter_iap_mode
 .text.rtc_init
                0x00001bf8       0x54 ./src/cpu/rtc.o
                0x00001bf8                rtc_init
 .text.RTC_IRQHandler
                0x00001c4c       0x40 ./src/cpu/rtc.o
                0x00001c4c                RTC_IRQHandler
 .text.msDelayCallback
                0x00001c8c        0xc ./src/cpu/systick.o
                0x00001c8c                msDelayCallback
 .text.SysTick_Handler
                0x00001c98       0x48 ./src/cpu/systick.o
                0x00001c98                SysTick_Handler
 .text.msDelayActive
                0x00001ce0       0x1c ./src/cpu/systick.o
                0x00001ce0                msDelayActive
 .text.enable_systick
                0x00001cfc       0x40 ./src/cpu/systick.o
                0x00001cfc                enable_systick
 .text.register_delayed_event
                0x00001d3c       0x3c ./src/cpu/systick.o
                0x00001d3c                register_delayed_event
 .text.msDelay  0x00001d78       0x2c ./src/cpu/systick.o
                0x00001d78                msDelay
 .text.debug_send_rf
                0x00001da4       0x1c ./src/main.o
                0x00001da4                debug_send_rf
 .text.skynet_received_packet
                0x00001dc0       0x4c ./src/main.o
                0x00001dc0                skynet_received_packet
 .text.skynet_cdc_received_message
                0x00001e0c       0x48 ./src/main.o
                0x00001e0c                skynet_cdc_received_message
 .text.main     0x00001e54      0x1b4 ./src/main.o
                0x00001e54                main
 .text.Board_SetupMuxing
                0x00002008      0x260 ./src/sysinit.o
                0x00002008                Board_SetupMuxing
 .text.SystemSetupClocking
                0x00002268       0x84 ./src/sysinit.o
                0x00002268                SystemSetupClocking
 .text.SystemInit
                0x000022ec       0x58 ./src/sysinit.o
                0x000022ec                SystemInit
 .text.getFullConvClk
                0x00002344       0x10 /home/michi/projects/LPCXpresso/lpc_chip_175x_6x/Debug/liblpc_chip_175x_6x.a(adc_17xx_40xx.o)
 .text.getClkDiv
                0x00002354       0x4c /home/michi/projects/LPCXpresso/lpc_chip_175x_6x/Debug/liblpc_chip_175x_6x.a(adc_17xx_40xx.o)
 .text.setStartMode
                0x000023a0       0x2c /home/michi/projects/LPCXpresso/lpc_chip_175x_6x/Debug/liblpc_chip_175x_6x.a(adc_17xx_40xx.o)
                0x000023a0                setStartMode
 .text.readAdcVal
                0x000023cc       0x40 /home/michi/projects/LPCXpresso/lpc_chip_175x_6x/Debug/liblpc_chip_175x_6x.a(adc_17xx_40xx.o)
                0x000023cc                readAdcVal
 .text.Chip_ADC_Init
                0x0000240c       0x74 /home/michi/projects/LPCXpresso/lpc_chip_175x_6x/Debug/liblpc_chip_175x_6x.a(adc_17xx_40xx.o)
                0x0000240c                Chip_ADC_Init
 .text.Chip_ADC_ReadValue
                0x00002480       0x24 /home/michi/projects/LPCXpresso/lpc_chip_175x_6x/Debug/liblpc_chip_175x_6x.a(adc_17xx_40xx.o)
                0x00002480                Chip_ADC_ReadValue
 .text.Chip_ADC_ReadStatus
                0x000024a4       0x78 /home/michi/projects/LPCXpresso/lpc_chip_175x_6x/Debug/liblpc_chip_175x_6x.a(adc_17xx_40xx.o)
                0x000024a4                Chip_ADC_ReadStatus
 .text.Chip_ADC_SetStartMode
                0x0000251c       0x50 /home/michi/projects/LPCXpresso/lpc_chip_175x_6x/Debug/liblpc_chip_175x_6x.a(adc_17xx_40xx.o)
                0x0000251c                Chip_ADC_SetStartMode
 .text.Chip_ADC_EnableChannel
                0x0000256c       0x54 /home/michi/projects/LPCXpresso/lpc_chip_175x_6x/Debug/liblpc_chip_175x_6x.a(adc_17xx_40xx.o)
                0x0000256c                Chip_ADC_EnableChannel
 .text.Chip_Clock_IsUSBPLLLocked
                0x000025c0       0x24 /home/michi/projects/LPCXpresso/lpc_chip_175x_6x/Debug/liblpc_chip_175x_6x.a(chip_17xx_40xx.o)
 .text.Chip_Clock_IsUSBPLLConnected
                0x000025e4       0x24 /home/michi/projects/LPCXpresso/lpc_chip_175x_6x/Debug/liblpc_chip_175x_6x.a(chip_17xx_40xx.o)
 .text.SystemCoreClockUpdate
                0x00002608       0x18 /home/michi/projects/LPCXpresso/lpc_chip_175x_6x/Debug/liblpc_chip_175x_6x.a(chip_17xx_40xx.o)
                0x00002608                SystemCoreClockUpdate
 .text.Chip_USB_Init
                0x00002620       0x4c /home/michi/projects/LPCXpresso/lpc_chip_175x_6x/Debug/liblpc_chip_175x_6x.a(chip_17xx_40xx.o)
                0x00002620                Chip_USB_Init
 .text.Chip_Clock_IsMainPLLEnabled
                0x0000266c       0x24 /home/michi/projects/LPCXpresso/lpc_chip_175x_6x/Debug/liblpc_chip_175x_6x.a(clock_17xx_40xx.o)
 .text.Chip_Clock_IsMainPLLConnected
                0x00002690       0x24 /home/michi/projects/LPCXpresso/lpc_chip_175x_6x/Debug/liblpc_chip_175x_6x.a(clock_17xx_40xx.o)
 .text.Chip_Clock_FeedPLL
                0x000026b4       0x34 /home/michi/projects/LPCXpresso/lpc_chip_175x_6x/Debug/liblpc_chip_175x_6x.a(clock_17xx_40xx.o)
 .text.Chip_Clock_GetMainPLLSource
                0x000026e8       0x20 /home/michi/projects/LPCXpresso/lpc_chip_175x_6x/Debug/liblpc_chip_175x_6x.a(clock_17xx_40xx.o)
 .text.Chip_Clock_GetMainOscRate
                0x00002708       0x14 /home/michi/projects/LPCXpresso/lpc_chip_175x_6x/Debug/liblpc_chip_175x_6x.a(clock_17xx_40xx.o)
 .text.Chip_Clock_GetIntOscRate
                0x0000271c       0x14 /home/michi/projects/LPCXpresso/lpc_chip_175x_6x/Debug/liblpc_chip_175x_6x.a(clock_17xx_40xx.o)
 .text.Chip_Clock_GetRTCOscRate
                0x00002730       0x14 /home/michi/projects/LPCXpresso/lpc_chip_175x_6x/Debug/liblpc_chip_175x_6x.a(clock_17xx_40xx.o)
 .text.Chip_Clock_GetMainPLLInClockRate
                0x00002744       0x10 /home/michi/projects/LPCXpresso/lpc_chip_175x_6x/Debug/liblpc_chip_175x_6x.a(clock_17xx_40xx.o)
 .text.Chip_Clock_EnablePLL
                0x00002754       0x44 /home/michi/projects/LPCXpresso/lpc_chip_175x_6x/Debug/liblpc_chip_175x_6x.a(clock_17xx_40xx.o)
                0x00002754                Chip_Clock_EnablePLL
 .text.Chip_Clock_DisablePLL
                0x00002798       0x48 /home/michi/projects/LPCXpresso/lpc_chip_175x_6x/Debug/liblpc_chip_175x_6x.a(clock_17xx_40xx.o)
                0x00002798                Chip_Clock_DisablePLL
 .text.Chip_Clock_SetupPLL
                0x000027e0       0x5c /home/michi/projects/LPCXpresso/lpc_chip_175x_6x/Debug/liblpc_chip_175x_6x.a(clock_17xx_40xx.o)
                0x000027e0                Chip_Clock_SetupPLL
 .text.Chip_Clock_EnablePeriphClock
                0x0000283c       0x34 /home/michi/projects/LPCXpresso/lpc_chip_175x_6x/Debug/liblpc_chip_175x_6x.a(clock_17xx_40xx.o)
                0x0000283c                Chip_Clock_EnablePeriphClock
 .text.Chip_Clock_DisablePeriphClock
                0x00002870       0x34 /home/michi/projects/LPCXpresso/lpc_chip_175x_6x/Debug/liblpc_chip_175x_6x.a(clock_17xx_40xx.o)
                0x00002870                Chip_Clock_DisablePeriphClock
 .text.Chip_Clock_SetCPUClockSource
                0x000028a4       0x2c /home/michi/projects/LPCXpresso/lpc_chip_175x_6x/Debug/liblpc_chip_175x_6x.a(clock_17xx_40xx.o)
                0x000028a4                Chip_Clock_SetCPUClockSource
 .text.Chip_Clock_GetCPUClockSource
                0x000028d0       0x24 /home/michi/projects/LPCXpresso/lpc_chip_175x_6x/Debug/liblpc_chip_175x_6x.a(clock_17xx_40xx.o)
                0x000028d0                Chip_Clock_GetCPUClockSource
 .text.Chip_Clock_SetCPUClockDiv
                0x000028f4       0x20 /home/michi/projects/LPCXpresso/lpc_chip_175x_6x/Debug/liblpc_chip_175x_6x.a(clock_17xx_40xx.o)
                0x000028f4                Chip_Clock_SetCPUClockDiv
 .text.Chip_Clock_GetCPUClockDiv
                0x00002914       0x1c /home/michi/projects/LPCXpresso/lpc_chip_175x_6x/Debug/liblpc_chip_175x_6x.a(clock_17xx_40xx.o)
                0x00002914                Chip_Clock_GetCPUClockDiv
 .text.Chip_Clock_SetUSBClockDiv
                0x00002930       0x30 /home/michi/projects/LPCXpresso/lpc_chip_175x_6x/Debug/liblpc_chip_175x_6x.a(clock_17xx_40xx.o)
                0x00002930                Chip_Clock_SetUSBClockDiv
 .text.Chip_Clock_GetPCLKDiv
                0x00002960       0x8c /home/michi/projects/LPCXpresso/lpc_chip_175x_6x/Debug/liblpc_chip_175x_6x.a(clock_17xx_40xx.o)
                0x00002960                Chip_Clock_GetPCLKDiv
 .text.Chip_Clock_GetSYSCLKRate
                0x000029ec       0x34 /home/michi/projects/LPCXpresso/lpc_chip_175x_6x/Debug/liblpc_chip_175x_6x.a(clock_17xx_40xx.o)
                0x000029ec                Chip_Clock_GetSYSCLKRate
 .text.Chip_Clock_GetMainPLLOutClockRate
                0x00002a20       0x54 /home/michi/projects/LPCXpresso/lpc_chip_175x_6x/Debug/liblpc_chip_175x_6x.a(clock_17xx_40xx.o)
                0x00002a20                Chip_Clock_GetMainPLLOutClockRate
 .text.Chip_Clock_GetMainClockRate
                0x00002a74       0x28 /home/michi/projects/LPCXpresso/lpc_chip_175x_6x/Debug/liblpc_chip_175x_6x.a(clock_17xx_40xx.o)
                0x00002a74                Chip_Clock_GetMainClockRate
 .text.Chip_Clock_GetSystemClockRate
                0x00002a9c       0x18 /home/michi/projects/LPCXpresso/lpc_chip_175x_6x/Debug/liblpc_chip_175x_6x.a(clock_17xx_40xx.o)
                0x00002a9c                Chip_Clock_GetSystemClockRate
 .text.Chip_Clock_GetPeripheralClockRate
                0x00002ab4       0x28 /home/michi/projects/LPCXpresso/lpc_chip_175x_6x/Debug/liblpc_chip_175x_6x.a(clock_17xx_40xx.o)
                0x00002ab4                Chip_Clock_GetPeripheralClockRate
 .text.Chip_IOCON_PinMuxSet
                0x00002adc       0x38 /home/michi/projects/LPCXpresso/lpc_chip_175x_6x/Debug/liblpc_chip_175x_6x.a(iocon_17xx_40xx.o)
                0x00002adc                Chip_IOCON_PinMuxSet
 .text.Chip_IOCON_PinMux
                0x00002b14       0x94 /home/michi/projects/LPCXpresso/lpc_chip_175x_6x/Debug/liblpc_chip_175x_6x.a(iocon_17xx_40xx.o)
                0x00002b14                Chip_IOCON_PinMux
 .text.Chip_IOCON_SetPinMuxing
                0x00002ba8       0x64 /home/michi/projects/LPCXpresso/lpc_chip_175x_6x/Debug/liblpc_chip_175x_6x.a(iocon_17xx_40xx.o)
                0x00002ba8                Chip_IOCON_SetPinMuxing
 .text.Chip_PMU_SleepState
                0x00002c0c       0x30 /home/michi/projects/LPCXpresso/lpc_chip_175x_6x/Debug/liblpc_chip_175x_6x.a(pmu_17xx_40xx.o)
                0x00002c0c                Chip_PMU_SleepState
 .text.RingBuffer_GetCount
                0x00002c3c       0x20 /home/michi/projects/LPCXpresso/lpc_chip_175x_6x/Debug/liblpc_chip_175x_6x.a(ring_buffer.o)
 .text.RingBuffer_IsFull
                0x00002c5c       0x28 /home/michi/projects/LPCXpresso/lpc_chip_175x_6x/Debug/liblpc_chip_175x_6x.a(ring_buffer.o)
 .text.RingBuffer_IsEmpty
                0x00002c84       0x28 /home/michi/projects/LPCXpresso/lpc_chip_175x_6x/Debug/liblpc_chip_175x_6x.a(ring_buffer.o)
 .text.RingBuffer_Init
                0x00002cac       0x3c /home/michi/projects/LPCXpresso/lpc_chip_175x_6x/Debug/liblpc_chip_175x_6x.a(ring_buffer.o)
                0x00002cac                RingBuffer_Init
 .text.RingBuffer_Insert
                0x00002ce8       0x5c /home/michi/projects/LPCXpresso/lpc_chip_175x_6x/Debug/liblpc_chip_175x_6x.a(ring_buffer.o)
                0x00002ce8                RingBuffer_Insert
 .text.RingBuffer_Pop
                0x00002d44       0x5c /home/michi/projects/LPCXpresso/lpc_chip_175x_6x/Debug/liblpc_chip_175x_6x.a(ring_buffer.o)
                0x00002d44                RingBuffer_Pop
 .text.Chip_RTC_Init
                0x00002da0       0x50 /home/michi/projects/LPCXpresso/lpc_chip_175x_6x/Debug/liblpc_chip_175x_6x.a(rtc_17xx_40xx.o)
                0x00002da0                Chip_RTC_Init
 .text.Chip_RTC_ResetClockTickCounter
                0x00002df0       0x44 /home/michi/projects/LPCXpresso/lpc_chip_175x_6x/Debug/liblpc_chip_175x_6x.a(rtc_17xx_40xx.o)
                0x00002df0                Chip_RTC_ResetClockTickCounter
 .text.Chip_RTC_Enable
                0x00002e34       0x44 /home/michi/projects/LPCXpresso/lpc_chip_175x_6x/Debug/liblpc_chip_175x_6x.a(rtc_17xx_40xx.o)
                0x00002e34                Chip_RTC_Enable
 .text.Chip_RTC_CntIncrIntConfig
                0x00002e78       0x4c /home/michi/projects/LPCXpresso/lpc_chip_175x_6x/Debug/liblpc_chip_175x_6x.a(rtc_17xx_40xx.o)
                0x00002e78                Chip_RTC_CntIncrIntConfig
 .text.Chip_RTC_SetFullTime
                0x00002ec4       0x58 /home/michi/projects/LPCXpresso/lpc_chip_175x_6x/Debug/liblpc_chip_175x_6x.a(rtc_17xx_40xx.o)
                0x00002ec4                Chip_RTC_SetFullTime
 .text.Chip_RTC_GetFullTime
                0x00002f1c       0x58 /home/michi/projects/LPCXpresso/lpc_chip_175x_6x/Debug/liblpc_chip_175x_6x.a(rtc_17xx_40xx.o)
                0x00002f1c                Chip_RTC_GetFullTime
 .text.Chip_RTC_CalibCounterCmd
                0x00002f74       0x44 /home/michi/projects/LPCXpresso/lpc_chip_175x_6x/Debug/liblpc_chip_175x_6x.a(rtc_17xx_40xx.o)
                0x00002f74                Chip_RTC_CalibCounterCmd
 .text.Chip_SPI_SetClockCounter
                0x00002fb8       0x1c /home/michi/projects/LPCXpresso/lpc_chip_175x_6x/Debug/liblpc_chip_175x_6x.a(spi_17xx_40xx.o)
 .text.Chip_SPI_SetMode
                0x00002fd4       0x28 /home/michi/projects/LPCXpresso/lpc_chip_175x_6x/Debug/liblpc_chip_175x_6x.a(spi_17xx_40xx.o)
 .text.Chip_SPI_SetBitRate
                0x00002ffc       0x4c /home/michi/projects/LPCXpresso/lpc_chip_175x_6x/Debug/liblpc_chip_175x_6x.a(spi_17xx_40xx.o)
                0x00002ffc                Chip_SPI_SetBitRate
 .text.Chip_SPI_Init
                0x00003048       0x44 /home/michi/projects/LPCXpresso/lpc_chip_175x_6x/Debug/liblpc_chip_175x_6x.a(spi_17xx_40xx.o)
                0x00003048                Chip_SPI_Init
 .text.Chip_SPI_DeInit
                0x0000308c       0x18 /home/michi/projects/LPCXpresso/lpc_chip_175x_6x/Debug/liblpc_chip_175x_6x.a(spi_17xx_40xx.o)
                0x0000308c                Chip_SPI_DeInit
 .text.Chip_TIMER_Enable
                0x000030a4       0x20 /home/michi/projects/LPCXpresso/lpc_chip_175x_6x/Debug/liblpc_chip_175x_6x.a(stopwatch_17xx_40xx.o)
 .text.Chip_TIMER_ReadCount
                0x000030c4       0x18 /home/michi/projects/LPCXpresso/lpc_chip_175x_6x/Debug/liblpc_chip_175x_6x.a(stopwatch_17xx_40xx.o)
 .text.Chip_TIMER_PrescaleSet
                0x000030dc       0x1c /home/michi/projects/LPCXpresso/lpc_chip_175x_6x/Debug/liblpc_chip_175x_6x.a(stopwatch_17xx_40xx.o)
 .text.StopWatch_Init
                0x000030f8       0x74 /home/michi/projects/LPCXpresso/lpc_chip_175x_6x/Debug/liblpc_chip_175x_6x.a(stopwatch_17xx_40xx.o)
                0x000030f8                StopWatch_Init
 .text.StopWatch_Start
                0x0000316c       0x14 /home/michi/projects/LPCXpresso/lpc_chip_175x_6x/Debug/liblpc_chip_175x_6x.a(stopwatch_17xx_40xx.o)
                0x0000316c                StopWatch_Start
 .text.StopWatch_MsToTicks
                0x00003180       0x20 /home/michi/projects/LPCXpresso/lpc_chip_175x_6x/Debug/liblpc_chip_175x_6x.a(stopwatch_17xx_40xx.o)
                0x00003180                StopWatch_MsToTicks
 .text.Chip_Timer_GetClockIndex
                0x000031a0       0x50 /home/michi/projects/LPCXpresso/lpc_chip_175x_6x/Debug/liblpc_chip_175x_6x.a(timer_17xx_40xx.o)
 .text.Chip_TIMER_Init
                0x000031f0       0x20 /home/michi/projects/LPCXpresso/lpc_chip_175x_6x/Debug/liblpc_chip_175x_6x.a(timer_17xx_40xx.o)
                0x000031f0                Chip_TIMER_Init
 .text.EPAdr    0x00003210       0x10 /home/michi/projects/LPCXpresso/lpc_chip_175x_6x/libs/libusbd_175x_6x_lib.a(hw_usbd_ip3503.o)
                0x00003210                EPAdr
 .text.hwWrCmd  0x00003220       0x10 /home/michi/projects/LPCXpresso/lpc_chip_175x_6x/libs/libusbd_175x_6x_lib.a(hw_usbd_ip3503.o)
                0x00003220                hwWrCmd
 .text.hwWrCmdDat
                0x00003230       0x16 /home/michi/projects/LPCXpresso/lpc_chip_175x_6x/libs/libusbd_175x_6x_lib.a(hw_usbd_ip3503.o)
                0x00003230                hwWrCmdDat
 .text.hwWrCmdEP
                0x00003246       0x24 /home/michi/projects/LPCXpresso/lpc_chip_175x_6x/libs/libusbd_175x_6x_lib.a(hw_usbd_ip3503.o)
                0x00003246                hwWrCmdEP
 .text.hwRdCmdDat
                0x0000326a       0x12 /home/michi/projects/LPCXpresso/lpc_chip_175x_6x/libs/libusbd_175x_6x_lib.a(hw_usbd_ip3503.o)
                0x0000326a                hwRdCmdDat
 .text.hwUSB_GetMemSize
                0x0000327c        0x6 /home/michi/projects/LPCXpresso/lpc_chip_175x_6x/libs/libusbd_175x_6x_lib.a(hw_usbd_ip3503.o)
                0x0000327c                hwUSB_GetMemSize
 *fill*         0x00003282        0x2 
 .text.hwUSB_Connect
                0x00003284       0x1c /home/michi/projects/LPCXpresso/lpc_chip_175x_6x/libs/libusbd_175x_6x_lib.a(hw_usbd_ip3503.o)
                0x00003284                hwUSB_Connect
 .text.hwUSB_Reset
                0x000032a0       0x30 /home/michi/projects/LPCXpresso/lpc_chip_175x_6x/libs/libusbd_175x_6x_lib.a(hw_usbd_ip3503.o)
                0x000032a0                hwUSB_Reset
 .text.hwUSB_WakeUp
                0x000032d0       0x20 /home/michi/projects/LPCXpresso/lpc_chip_175x_6x/libs/libusbd_175x_6x_lib.a(hw_usbd_ip3503.o)
                0x000032d0                hwUSB_WakeUp
 .text.hwUSB_WakeUpCfg
                0x000032f0        0x2 /home/michi/projects/LPCXpresso/lpc_chip_175x_6x/libs/libusbd_175x_6x_lib.a(hw_usbd_ip3503.o)
                0x000032f0                hwUSB_WakeUpCfg
 *fill*         0x000032f2        0x2 
 .text.hwUSB_SetAddress
                0x000032f4       0x30 /home/michi/projects/LPCXpresso/lpc_chip_175x_6x/libs/libusbd_175x_6x_lib.a(hw_usbd_ip3503.o)
                0x000032f4                hwUSB_SetAddress
 .text.hwUSB_Init
                0x00003324       0x84 /home/michi/projects/LPCXpresso/lpc_chip_175x_6x/libs/libusbd_175x_6x_lib.a(hw_usbd_ip3503.o)
                0x00003324                hwUSB_Init
 .text.hwUSB_Configure
                0x000033a8       0x34 /home/michi/projects/LPCXpresso/lpc_chip_175x_6x/libs/libusbd_175x_6x_lib.a(hw_usbd_ip3503.o)
                0x000033a8                hwUSB_Configure
 .text.hwUSB_ConfigEP
                0x000033dc       0x32 /home/michi/projects/LPCXpresso/lpc_chip_175x_6x/libs/libusbd_175x_6x_lib.a(hw_usbd_ip3503.o)
                0x000033dc                hwUSB_ConfigEP
 .text.hwUSB_DirCtrlEP
                0x0000340e        0x2 /home/michi/projects/LPCXpresso/lpc_chip_175x_6x/libs/libusbd_175x_6x_lib.a(hw_usbd_ip3503.o)
                0x0000340e                hwUSB_DirCtrlEP
 .text.hwUSB_EnableEP
                0x00003410       0x24 /home/michi/projects/LPCXpresso/lpc_chip_175x_6x/libs/libusbd_175x_6x_lib.a(hw_usbd_ip3503.o)
                0x00003410                hwUSB_EnableEP
 .text.hwUSB_DisableEP
                0x00003434       0x28 /home/michi/projects/LPCXpresso/lpc_chip_175x_6x/libs/libusbd_175x_6x_lib.a(hw_usbd_ip3503.o)
                0x00003434                hwUSB_DisableEP
 .text.hwUSB_ResetEP
                0x0000345c       0x24 /home/michi/projects/LPCXpresso/lpc_chip_175x_6x/libs/libusbd_175x_6x_lib.a(hw_usbd_ip3503.o)
                0x0000345c                hwUSB_ResetEP
 .text.hwUSB_SetStallEP
                0x00003480       0x28 /home/michi/projects/LPCXpresso/lpc_chip_175x_6x/libs/libusbd_175x_6x_lib.a(hw_usbd_ip3503.o)
                0x00003480                hwUSB_SetStallEP
 .text.hwUSB_ClrStallEP
                0x000034a8       0x24 /home/michi/projects/LPCXpresso/lpc_chip_175x_6x/libs/libusbd_175x_6x_lib.a(hw_usbd_ip3503.o)
                0x000034a8                hwUSB_ClrStallEP
 .text.hwUSB_EnableEvent
                0x000034cc       0xd8 /home/michi/projects/LPCXpresso/lpc_chip_175x_6x/libs/libusbd_175x_6x_lib.a(hw_usbd_ip3503.o)
                0x000034cc                hwUSB_EnableEvent
 .text.hwUSB_ReadEP
                0x000035a4       0x80 /home/michi/projects/LPCXpresso/lpc_chip_175x_6x/libs/libusbd_175x_6x_lib.a(hw_usbd_ip3503.o)
                0x000035a4                hwUSB_ReadEP
 .text.hwUSB_ForceFullSpeed
                0x00003624        0x2 /home/michi/projects/LPCXpresso/lpc_chip_175x_6x/libs/libusbd_175x_6x_lib.a(hw_usbd_ip3503.o)
                0x00003624                hwUSB_ForceFullSpeed
 .text.hwUSB_SetTestMode
                0x00003626        0x4 /home/michi/projects/LPCXpresso/lpc_chip_175x_6x/libs/libusbd_175x_6x_lib.a(hw_usbd_ip3503.o)
                0x00003626                hwUSB_SetTestMode
 .text.hwUSB_ReadReqEP
                0x0000362a        0x4 /home/michi/projects/LPCXpresso/lpc_chip_175x_6x/libs/libusbd_175x_6x_lib.a(hw_usbd_ip3503.o)
                0x0000362a                hwUSB_ReadReqEP
 .text.hwUSB_ReadSetupPkt
                0x0000362e        0x4 /home/michi/projects/LPCXpresso/lpc_chip_175x_6x/libs/libusbd_175x_6x_lib.a(hw_usbd_ip3503.o)
                0x0000362e                hwUSB_ReadSetupPkt
 *fill*         0x00003632        0x2 
 .text.hwUSB_WriteEP
                0x00003634       0x44 /home/michi/projects/LPCXpresso/lpc_chip_175x_6x/libs/libusbd_175x_6x_lib.a(hw_usbd_ip3503.o)
                0x00003634                hwUSB_WriteEP
 .text.hwUSB_ISR
                0x00003678      0x1a0 /home/michi/projects/LPCXpresso/lpc_chip_175x_6x/libs/libusbd_175x_6x_lib.a(hw_usbd_ip3503.o)
                0x00003678                hwUSB_ISR
 .text.mwCDC_SetRequest
                0x00003818       0x7c /home/michi/projects/LPCXpresso/lpc_chip_175x_6x/libs/libusbd_175x_6x_lib.a(mw_usbd_cdcuser.o)
                0x00003818                mwCDC_SetRequest
 .text.mwCDC_ep0_hdlr
                0x00003894       0xb0 /home/michi/projects/LPCXpresso/lpc_chip_175x_6x/libs/libusbd_175x_6x_lib.a(mw_usbd_cdcuser.o)
                0x00003894                mwCDC_ep0_hdlr
 .text.mwCDC_GetRequest
                0x00003944       0x50 /home/michi/projects/LPCXpresso/lpc_chip_175x_6x/libs/libusbd_175x_6x_lib.a(mw_usbd_cdcuser.o)
                0x00003944                mwCDC_GetRequest
 .text.mwCDC_SendNotification
                0x00003994       0x50 /home/michi/projects/LPCXpresso/lpc_chip_175x_6x/libs/libusbd_175x_6x_lib.a(mw_usbd_cdcuser.o)
                0x00003994                mwCDC_SendNotification
 .text.mwCDC_GetMemSize
                0x000039e4        0x4 /home/michi/projects/LPCXpresso/lpc_chip_175x_6x/libs/libusbd_175x_6x_lib.a(mw_usbd_cdcuser.o)
                0x000039e4                mwCDC_GetMemSize
 .text.mwCDC_init
                0x000039e8      0x140 /home/michi/projects/LPCXpresso/lpc_chip_175x_6x/libs/libusbd_175x_6x_lib.a(mw_usbd_cdcuser.o)
                0x000039e8                mwCDC_init
 .text.USB_ReqGetConfiguration
                0x00003b28       0x20 /home/michi/projects/LPCXpresso/lpc_chip_175x_6x/libs/libusbd_175x_6x_lib.a(mw_usbd_core.o)
                0x00003b28                USB_ReqGetConfiguration
 .text.USBD_virt_to_phys
                0x00003b48        0x2 /home/michi/projects/LPCXpresso/lpc_chip_175x_6x/libs/libusbd_175x_6x_lib.a(mw_usbd_core.o)
                0x00003b48                USBD_virt_to_phys
 .text.USBD_cache_flush
                0x00003b4a        0x2 /home/michi/projects/LPCXpresso/lpc_chip_175x_6x/libs/libusbd_175x_6x_lib.a(mw_usbd_core.o)
                0x00003b4a                USBD_cache_flush
 .text.USB_ReqGetStatus
                0x00003b4c       0x8c /home/michi/projects/LPCXpresso/lpc_chip_175x_6x/libs/libusbd_175x_6x_lib.a(mw_usbd_core.o)
                0x00003b4c                USB_ReqGetStatus
 .text.USB_ReqGetDescriptor
                0x00003bd8       0x84 /home/michi/projects/LPCXpresso/lpc_chip_175x_6x/libs/libusbd_175x_6x_lib.a(mw_usbd_core.o)
                0x00003bd8                USB_ReqGetDescriptor
 .text.USB_ReqGetInterface
                0x00003c5c       0x34 /home/michi/projects/LPCXpresso/lpc_chip_175x_6x/libs/libusbd_175x_6x_lib.a(mw_usbd_core.o)
                0x00003c5c                USB_ReqGetInterface
 .text.USB_ReqSetClrFeature
                0x00003c90       0xb4 /home/michi/projects/LPCXpresso/lpc_chip_175x_6x/libs/libusbd_175x_6x_lib.a(mw_usbd_core.o)
                0x00003c90                USB_ReqSetClrFeature
 .text.USB_ReqSetConfiguration
                0x00003d44      0x194 /home/michi/projects/LPCXpresso/lpc_chip_175x_6x/libs/libusbd_175x_6x_lib.a(mw_usbd_core.o)
                0x00003d44                USB_ReqSetConfiguration
 .text.USB_ReqSetInterface
                0x00003ed8      0x144 /home/michi/projects/LPCXpresso/lpc_chip_175x_6x/libs/libusbd_175x_6x_lib.a(mw_usbd_core.o)
                0x00003ed8                USB_ReqSetInterface
 .text.mwUSB_SetupStage
                0x0000401c        0xa /home/michi/projects/LPCXpresso/lpc_chip_175x_6x/libs/libusbd_175x_6x_lib.a(mw_usbd_core.o)
                0x0000401c                mwUSB_SetupStage
 .text.mwUSB_DataInStage
                0x00004026       0x2e /home/michi/projects/LPCXpresso/lpc_chip_175x_6x/libs/libusbd_175x_6x_lib.a(mw_usbd_core.o)
                0x00004026                mwUSB_DataInStage
 .text.mwUSB_DataOutStage
                0x00004054       0x24 /home/michi/projects/LPCXpresso/lpc_chip_175x_6x/libs/libusbd_175x_6x_lib.a(mw_usbd_core.o)
                0x00004054                mwUSB_DataOutStage
 .text.mwUSB_StatusInStage
                0x00004078        0xa /home/michi/projects/LPCXpresso/lpc_chip_175x_6x/libs/libusbd_175x_6x_lib.a(mw_usbd_core.o)
                0x00004078                mwUSB_StatusInStage
 .text.mwUSB_StatusOutStage
                0x00004082        0xa /home/michi/projects/LPCXpresso/lpc_chip_175x_6x/libs/libusbd_175x_6x_lib.a(mw_usbd_core.o)
                0x00004082                mwUSB_StatusOutStage
 .text.mwUSB_StallEp0
                0x0000408c       0x12 /home/michi/projects/LPCXpresso/lpc_chip_175x_6x/libs/libusbd_175x_6x_lib.a(mw_usbd_core.o)
                0x0000408c                mwUSB_StallEp0
 *fill*         0x0000409e        0x2 
 .text.USB_ReqSetAddress
                0x000040a0       0x24 /home/michi/projects/LPCXpresso/lpc_chip_175x_6x/libs/libusbd_175x_6x_lib.a(mw_usbd_core.o)
                0x000040a0                USB_ReqSetAddress
 .text.USB_InvokeEp0Hdlrs
                0x000040c4       0x44 /home/michi/projects/LPCXpresso/lpc_chip_175x_6x/libs/libusbd_175x_6x_lib.a(mw_usbd_core.o)
                0x000040c4                USB_InvokeEp0Hdlrs
 .text.mwUSB_ResetCore
                0x00004108       0x26 /home/michi/projects/LPCXpresso/lpc_chip_175x_6x/libs/libusbd_175x_6x_lib.a(mw_usbd_core.o)
                0x00004108                mwUSB_ResetCore
 *fill*         0x0000412e        0x2 
 .text.USB_EvtSetupHandler
                0x00004130      0x108 /home/michi/projects/LPCXpresso/lpc_chip_175x_6x/libs/libusbd_175x_6x_lib.a(mw_usbd_core.o)
                0x00004130                USB_EvtSetupHandler
 .text.USB_EvtOutHandler
                0x00004238       0x68 /home/michi/projects/LPCXpresso/lpc_chip_175x_6x/libs/libusbd_175x_6x_lib.a(mw_usbd_core.o)
                0x00004238                USB_EvtOutHandler
 .text.USB_EndPoint0
                0x000042a0       0x94 /home/michi/projects/LPCXpresso/lpc_chip_175x_6x/libs/libusbd_175x_6x_lib.a(mw_usbd_core.o)
                0x000042a0                USB_EndPoint0
 .text.mwUSB_InitCore
                0x00004334       0xdc /home/michi/projects/LPCXpresso/lpc_chip_175x_6x/libs/libusbd_175x_6x_lib.a(mw_usbd_core.o)
                0x00004334                mwUSB_InitCore
 .text.mwUSB_RegisterClassHandler
                0x00004410       0x28 /home/michi/projects/LPCXpresso/lpc_chip_175x_6x/libs/libusbd_175x_6x_lib.a(mw_usbd_core.o)
                0x00004410                mwUSB_RegisterClassHandler
 .text.mwUSB_RegisterEpHandler
                0x00004438       0x24 /home/michi/projects/LPCXpresso/lpc_chip_175x_6x/libs/libusbd_175x_6x_lib.a(mw_usbd_core.o)
                0x00004438                mwUSB_RegisterEpHandler
 .text.__main   0x0000445c       0x14 /usr/local/lpcxpresso_7.5.0_254/lpcxpresso/tools/bin/../lib/gcc/arm-none-eabi/4.8.4/../../../../arm-none-eabi/lib/armv7-m/libcr_semihost.a(_cr__main.o)
                0x0000445c                __main
                0x0000445c                __CR_SEMIHOST
 .text.memcpy   0x00004470        0x4 /usr/local/lpcxpresso_7.5.0_254/lpcxpresso/tools/bin/../lib/gcc/arm-none-eabi/4.8.4/../../../../arm-none-eabi/lib/armv7-m/libcr_c.a(memcpy.o)
                0x00004470                memcpy
 .text.memset   0x00004474        0x4 /usr/local/lpcxpresso_7.5.0_254/lpcxpresso/tools/bin/../lib/gcc/arm-none-eabi/4.8.4/../../../../arm-none-eabi/lib/armv7-m/libcr_c.a(memset.o)
                0x00004474                memset
 .text.malloc   0x00004478       0xc8 /usr/local/lpcxpresso_7.5.0_254/lpcxpresso/tools/bin/../lib/gcc/arm-none-eabi/4.8.4/../../../../arm-none-eabi/lib/armv7-m/libcr_c.a(alloc.o)
                0x00004478                malloc
 .text.free     0x00004540        0xc /usr/local/lpcxpresso_7.5.0_254/lpcxpresso/tools/bin/../lib/gcc/arm-none-eabi/4.8.4/../../../../arm-none-eabi/lib/armv7-m/libcr_c.a(alloc.o)
                0x00004540                free
 .text._Csys_alloc
                0x0000454c       0x20 /usr/local/lpcxpresso_7.5.0_254/lpcxpresso/tools/bin/../lib/gcc/arm-none-eabi/4.8.4/../../../../arm-none-eabi/lib/armv7-m/libcr_c.a(alloc.o)
                0x0000454c                _Csys_alloc
 .text.fp_round
                0x0000456c       0x4e /usr/local/lpcxpresso_7.5.0_254/lpcxpresso/tools/bin/../lib/gcc/arm-none-eabi/4.8.4/../../../../arm-none-eabi/lib/armv7-m/libcr_c.a(fpprintf.o)
 .text.pr_dec.constprop.1
                0x000045ba       0x26 /usr/local/lpcxpresso_7.5.0_254/lpcxpresso/tools/bin/../lib/gcc/arm-none-eabi/4.8.4/../../../../arm-none-eabi/lib/armv7-m/libcr_c.a(fpprintf.o)
 .text.sprintf  0x000045e0       0x6c /usr/local/lpcxpresso_7.5.0_254/lpcxpresso/tools/bin/../lib/gcc/arm-none-eabi/4.8.4/../../../../arm-none-eabi/lib/armv7-m/libcr_c.a(fpprintf.o)
                0x000045e0                sprintf
 *fill*         0x0000464c        0x4 
 .text.fp_display
                0x00004650      0x998 /usr/local/lpcxpresso_7.5.0_254/lpcxpresso/tools/bin/../lib/gcc/arm-none-eabi/4.8.4/../../../../arm-none-eabi/lib/armv7-m/libcr_c.a(fpprintf.o)
 .text.vsnprintf
                0x00004fe8       0x5c /usr/local/lpcxpresso_7.5.0_254/lpcxpresso/tools/bin/../lib/gcc/arm-none-eabi/4.8.4/../../../../arm-none-eabi/lib/armv7-m/libcr_c.a(fpprintf.o)
                0x00004fe8                vsnprintf
 .text.printf   0x00005044       0x54 /usr/local/lpcxpresso_7.5.0_254/lpcxpresso/tools/bin/../lib/gcc/arm-none-eabi/4.8.4/../../../../arm-none-eabi/lib/armv7-m/libcr_c.a(fpprintf.o)
                0x00005044                printf
 .text._initio  0x00005098       0xa4 /usr/local/lpcxpresso_7.5.0_254/lpcxpresso/tools/bin/../lib/gcc/arm-none-eabi/4.8.4/../../../../arm-none-eabi/lib/armv7-m/libcr_c.a(initio.o)
                0x00005098                _initio
 .text.__vfprintf
                0x0000513c      0xca0 /usr/local/lpcxpresso_7.5.0_254/lpcxpresso/tools/bin/../lib/gcc/arm-none-eabi/4.8.4/../../../../arm-none-eabi/lib/armv7-m/libcr_c.a(printf.o)
                0x0000513c                __vfprintf
 .text.setvbuf  0x00005ddc       0x40 /usr/local/lpcxpresso_7.5.0_254/lpcxpresso/tools/bin/../lib/gcc/arm-none-eabi/4.8.4/../../../../arm-none-eabi/lib/armv7-m/libcr_c.a(setvbuf.o)
                0x00005ddc                setvbuf
 .text.rand     0x00005e1c       0x3c /usr/local/lpcxpresso_7.5.0_254/lpcxpresso/tools/bin/../lib/gcc/arm-none-eabi/4.8.4/../../../../arm-none-eabi/lib/armv7-m/libcr_c.a(stdlib.o)
                0x00005e1c                rand
 .text.srand    0x00005e58       0x3c /usr/local/lpcxpresso_7.5.0_254/lpcxpresso/tools/bin/../lib/gcc/arm-none-eabi/4.8.4/../../../../arm-none-eabi/lib/armv7-m/libcr_c.a(stdlib.o)
                0x00005e58                srand
 .text.strlen   0x00005e94       0x4a /usr/local/lpcxpresso_7.5.0_254/lpcxpresso/tools/bin/../lib/gcc/arm-none-eabi/4.8.4/../../../../arm-none-eabi/lib/armv7-m/libcr_c.a(strlen.o)
                0x00005e94                strlen
 *fill*         0x00005ede        0x2 
 .text._sbrk    0x00005ee0       0x40 /usr/local/lpcxpresso_7.5.0_254/lpcxpresso/tools/bin/../lib/gcc/arm-none-eabi/4.8.4/../../../../arm-none-eabi/lib/armv7-m/libcr_c.a(_cr_sbrk.o)
                0x00005ee0                _sbrk
 .text._deferredlazyseek
                0x00005f20       0x44 /usr/local/lpcxpresso_7.5.0_254/lpcxpresso/tools/bin/../lib/gcc/arm-none-eabi/4.8.4/../../../../arm-none-eabi/lib/armv7-m/libcr_c.a(_deferredlazyseek.o)
                0x00005f20                _deferredlazyseek
 .text.__flsbuf
                0x00005f64      0x142 /usr/local/lpcxpresso_7.5.0_254/lpcxpresso/tools/bin/../lib/gcc/arm-none-eabi/4.8.4/../../../../arm-none-eabi/lib/armv7-m/libcr_c.a(_deferredlazyseek.o)
                0x00005f64                __flsbuf
 .text._fdopen  0x000060a6       0x6a /usr/local/lpcxpresso_7.5.0_254/lpcxpresso/tools/bin/../lib/gcc/arm-none-eabi/4.8.4/../../../../arm-none-eabi/lib/armv7-m/libcr_c.a(_fdopen.o)
                0x000060a6                _fdopen
 .text._fflush  0x00006110       0x58 /usr/local/lpcxpresso_7.5.0_254/lpcxpresso/tools/bin/../lib/gcc/arm-none-eabi/4.8.4/../../../../arm-none-eabi/lib/armv7-m/libcr_c.a(_fflush.o)
                0x00006110                _fflush
 .text._frexpl  0x00006168       0x5c /usr/local/lpcxpresso_7.5.0_254/lpcxpresso/tools/bin/../lib/gcc/arm-none-eabi/4.8.4/../../../../arm-none-eabi/lib/armv7-m/libcr_c.a(_frexpl.o)
                0x00006168                _frexpl
 .text._ldexpl  0x000061c4       0x4c /usr/local/lpcxpresso_7.5.0_254/lpcxpresso/tools/bin/../lib/gcc/arm-none-eabi/4.8.4/../../../../arm-none-eabi/lib/armv7-m/libcr_c.a(_ldexpl.o)
                0x000061c4                _ldexpl
 .text._Cwritebuf
                0x00006210       0x70 /usr/local/lpcxpresso_7.5.0_254/lpcxpresso/tools/bin/../lib/gcc/arm-none-eabi/4.8.4/../../../../arm-none-eabi/lib/armv7-m/libcr_c.a(_writebuf.o)
                0x00006210                _Cwritebuf
 .text.fclose   0x00006280       0x6c /usr/local/lpcxpresso_7.5.0_254/lpcxpresso/tools/bin/../lib/gcc/arm-none-eabi/4.8.4/../../../../arm-none-eabi/lib/armv7-m/libcr_c.a(fclose.o)
                0x00006280                fclose
 .text.fflush   0x000062ec       0x30 /usr/local/lpcxpresso_7.5.0_254/lpcxpresso/tools/bin/../lib/gcc/arm-none-eabi/4.8.4/../../../../arm-none-eabi/lib/armv7-m/libcr_c.a(fflush.o)
                0x000062ec                fflush
 .text.fseek    0x0000631c      0x10c /usr/local/lpcxpresso_7.5.0_254/lpcxpresso/tools/bin/../lib/gcc/arm-none-eabi/4.8.4/../../../../arm-none-eabi/lib/armv7-m/libcr_c.a(fseek.o)
                0x0000631c                fseek
 .text.ftell    0x00006428       0x4c /usr/local/lpcxpresso_7.5.0_254/lpcxpresso/tools/bin/../lib/gcc/arm-none-eabi/4.8.4/../../../../arm-none-eabi/lib/armv7-m/libcr_c.a(ftell.o)
                0x00006428                ftell
 .text.remove   0x00006474       0x14 /usr/local/lpcxpresso_7.5.0_254/lpcxpresso/tools/bin/../lib/gcc/arm-none-eabi/4.8.4/../../../../arm-none-eabi/lib/armv7-m/libcr_c.a(remove.o)
                0x00006474                remove
 .text.__check_heap_overflow
                0x00006488       0x18 /usr/local/lpcxpresso_7.5.0_254/lpcxpresso/tools/bin/../lib/gcc/arm-none-eabi/4.8.4/../../../../arm-none-eabi/lib/armv7-m/libcr_c.a(_cr_check_heap.o)
                0x00006488                __check_heap_overflow
 .text._do_fflush
                0x000064a0       0x44 /usr/local/lpcxpresso_7.5.0_254/lpcxpresso/tools/bin/../lib/gcc/arm-none-eabi/4.8.4/../../../../arm-none-eabi/lib/armv7-m/libcr_c.a(_do_fflush.o)
                0x000064a0                _do_fflush
 .text.__aeabi_dmul
                0x000064e4      0x12c /usr/local/lpcxpresso_7.5.0_254/lpcxpresso/tools/bin/../lib/gcc/arm-none-eabi/4.8.4/armv7-m/libcr_eabihelpers.a(double.o)
                0x000064e4                __aeabi_dmul
 .text.__aeabi_ddiv
                0x00006610      0x16c /usr/local/lpcxpresso_7.5.0_254/lpcxpresso/tools/bin/../lib/gcc/arm-none-eabi/4.8.4/armv7-m/libcr_eabihelpers.a(double.o)
                0x00006610                __aeabi_ddiv
 .text.__aeabi_dsub
                0x0000677c      0x228 /usr/local/lpcxpresso_7.5.0_254/lpcxpresso/tools/bin/../lib/gcc/arm-none-eabi/4.8.4/armv7-m/libcr_eabihelpers.a(double.o)
                0x0000677c                __aeabi_dsub
 .text.__aeabi_dadd
                0x000069a4      0x178 /usr/local/lpcxpresso_7.5.0_254/lpcxpresso/tools/bin/../lib/gcc/arm-none-eabi/4.8.4/armv7-m/libcr_eabihelpers.a(double.o)
                0x000069a4                __aeabi_dadd
 .text.__aeabi_d2iz
                0x00006b1c       0x4c /usr/local/lpcxpresso_7.5.0_254/lpcxpresso/tools/bin/../lib/gcc/arm-none-eabi/4.8.4/armv7-m/libcr_eabihelpers.a(double.o)
                0x00006b1c                __aeabi_d2iz
 .text.__bhs_ui2d
                0x00006b68       0x48 /usr/local/lpcxpresso_7.5.0_254/lpcxpresso/tools/bin/../lib/gcc/arm-none-eabi/4.8.4/armv7-m/libcr_eabihelpers.a(double.o)
                0x00006b68                __bhs_ui2d
 .text.__aeabi_i2d
                0x00006bb0       0x10 /usr/local/lpcxpresso_7.5.0_254/lpcxpresso/tools/bin/../lib/gcc/arm-none-eabi/4.8.4/armv7-m/libcr_eabihelpers.a(double.o)
                0x00006bb0                __aeabi_i2d
 .text.__aeabi_dcmpeq
                0x00006bc0       0x40 /usr/local/lpcxpresso_7.5.0_254/lpcxpresso/tools/bin/../lib/gcc/arm-none-eabi/4.8.4/armv7-m/libcr_eabihelpers.a(double.o)
                0x00006bc0                __aeabi_dcmpeq
 .text.__aeabi_dcmplt
                0x00006c00       0x70 /usr/local/lpcxpresso_7.5.0_254/lpcxpresso/tools/bin/../lib/gcc/arm-none-eabi/4.8.4/armv7-m/libcr_eabihelpers.a(double.o)
                0x00006c00                __aeabi_dcmplt
 .text.__aeabi_dcmple
                0x00006c70       0x68 /usr/local/lpcxpresso_7.5.0_254/lpcxpresso/tools/bin/../lib/gcc/arm-none-eabi/4.8.4/armv7-m/libcr_eabihelpers.a(double.o)
                0x00006c70                __aeabi_dcmple
 .text.__aeabi_dcmpge
                0x00006cd8       0x64 /usr/local/lpcxpresso_7.5.0_254/lpcxpresso/tools/bin/../lib/gcc/arm-none-eabi/4.8.4/armv7-m/libcr_eabihelpers.a(double.o)
                0x00006cd8                __aeabi_dcmpge
 .text.__aeabi_memcpy
                0x00006d3c       0x3a /usr/local/lpcxpresso_7.5.0_254/lpcxpresso/tools/bin/../lib/gcc/arm-none-eabi/4.8.4/armv7-m/libcr_eabihelpers.a(memcpy.o)
                0x00006d3c                __aeabi_memcpy
                0x00006d48                __aeabi_memcpy4
                0x00006d48                __aeabi_memcpy8
 .text.__aeabi_memset_lowlevel
                0x00006d76       0x38 /usr/local/lpcxpresso_7.5.0_254/lpcxpresso/tools/bin/../lib/gcc/arm-none-eabi/4.8.4/armv7-m/libcr_eabihelpers.a(memcpy.o)
                0x00006d76                __aeabi_lowlevel_memset
 *fill*         0x00006dae        0x2 
 .text.__sys_appexit
                0x00006db0        0xc /usr/local/lpcxpresso_7.5.0_254/lpcxpresso/tools/bin/../lib/gcc/arm-none-eabi/4.8.4/../../../../arm-none-eabi/lib/armv7-m/libcr_semihost.a(__sys_appexit.o)
                0x00006db0                __exit
                0x00006db0                __sys_appexit
 .text.__sys_close
                0x00006dbc        0xc /usr/local/lpcxpresso_7.5.0_254/lpcxpresso/tools/bin/../lib/gcc/arm-none-eabi/4.8.4/../../../../arm-none-eabi/lib/armv7-m/libcr_semihost.a(__sys_close.o)
                0x00006dbc                __sys_close
 .text.__sys_flen
                0x00006dc8        0xc /usr/local/lpcxpresso_7.5.0_254/lpcxpresso/tools/bin/../lib/gcc/arm-none-eabi/4.8.4/../../../../arm-none-eabi/lib/armv7-m/libcr_semihost.a(__sys_flen.o)
                0x00006dc8                __sys_flen
 .text.__sys_istty
                0x00006dd4        0xc /usr/local/lpcxpresso_7.5.0_254/lpcxpresso/tools/bin/../lib/gcc/arm-none-eabi/4.8.4/../../../../arm-none-eabi/lib/armv7-m/libcr_semihost.a(__sys_istty.o)
                0x00006dd4                __sys_istty
 .text.__sys_remove
                0x00006de0        0xc /usr/local/lpcxpresso_7.5.0_254/lpcxpresso/tools/bin/../lib/gcc/arm-none-eabi/4.8.4/../../../../arm-none-eabi/lib/armv7-m/libcr_semihost.a(__sys_remove.o)
                0x00006de0                __sys_remove
 .text.__sys_seek
                0x00006dec        0xc /usr/local/lpcxpresso_7.5.0_254/lpcxpresso/tools/bin/../lib/gcc/arm-none-eabi/4.8.4/../../../../arm-none-eabi/lib/armv7-m/libcr_semihost.a(__sys_seek.o)
                0x00006dec                __sys_seek
 .text.__sys_tmpnam
                0x00006df8        0xc /usr/local/lpcxpresso_7.5.0_254/lpcxpresso/tools/bin/../lib/gcc/arm-none-eabi/4.8.4/../../../../arm-none-eabi/lib/armv7-m/libcr_semihost.a(__sys_tmpnam.o)
                0x00006df8                __sys_tmpnam
 .text.__sys_write
                0x00006e04        0xc /usr/local/lpcxpresso_7.5.0_254/lpcxpresso/tools/bin/../lib/gcc/arm-none-eabi/4.8.4/../../../../arm-none-eabi/lib/armv7-m/libcr_semihost.a(__sys_write.o)
                0x00006e04                __write
                0x00006e04                __sys_write
 *(.rodata .rodata.* .constdata .constdata.*)
 .rodata.USB_StringDescriptor
                0x00006e10       0x38 ./src/usb/cdc_desc.o
                0x00006e10                USB_StringDescriptor
 .rodata.USB_DeviceDescriptor
                0x00006e48       0x14 ./src/usb/cdc_desc.o
                0x00006e48                USB_DeviceDescriptor
 .rodata.g_usbApi
                0x00006e5c       0x20 ./src/usb/skynet_cdc.o
 .rodata.str1.4
                0x00006e7c       0x3c ./src/usb/skynet_cdc.o
 .rodata.str1.4
                0x00006eb8       0x12 ./src/spi/spi.o
                                 0x14 (size before relaxing)
 *fill*         0x00006eca        0x2 
 .rodata.str1.4
                0x00006ecc       0x8f ./src/radio/radio.o
                                 0x90 (size before relaxing)
 *fill*         0x00006f5b        0x1 
 .rodata.str1.4
                0x00006f5c       0x1c ./src/radio/radio_comm.o
 .rodata.str1.4
                0x00006f78      0x238 ./src/radio/skynet_radio.o
 .rodata.str1.4
                0x000071b0       0x1a ./src/periph/charger.o
                                 0x1c (size before relaxing)
 *fill*         0x000071ca        0x2 
 .rodata.str1.4
                0x000071cc       0x5b ./src/periph/input.o
                                 0x5c (size before relaxing)
 *fill*         0x00007227        0x1 
 .rodata.str1.4
                0x00007228       0x28 ./src/misc/event_queue.o
 .rodata.str1.4
                0x00007250        0x8 ./src/mac/mac.o
 .rodata.str1.4
                0x00007258       0x4e ./src/gpio/gpio_irq.o
                                 0x50 (size before relaxing)
 *fill*         0x000072a6        0x2 
 .rodata.str1.4
                0x000072a8        0xd ./src/cpu/cpu.o
                                 0x10 (size before relaxing)
 *fill*         0x000072b5        0x3 
 .rodata.str1.4
                0x000072b8        0xf ./src/cpu/rtc.o
                                 0x10 (size before relaxing)
 *fill*         0x000072c7        0x1 
 .rodata.str1.4
                0x000072c8       0x36 ./src/cpu/systick.o
                                 0x38 (size before relaxing)
 *fill*         0x000072fe        0x2 
 .rodata.RTCOscRateIn
                0x00007300        0x4 ./src/main.o
                0x00007300                RTCOscRateIn
 .rodata.OscRateIn
                0x00007304        0x4 ./src/main.o
                0x00007304                OscRateIn
 .rodata.str1.4
                0x00007308      0x110 ./src/main.o
 .rodata.pinmuxing
                0x00007418      0x100 ./src/sysinit.o
 .rodata.hw_api
                0x00007518       0x5c /home/michi/projects/LPCXpresso/lpc_chip_175x_6x/libs/libusbd_175x_6x_lib.a(mw_usbd_rom_api.o)
                0x00007518                hw_api
 .rodata.core_api
                0x00007574       0x20 /home/michi/projects/LPCXpresso/lpc_chip_175x_6x/libs/libusbd_175x_6x_lib.a(mw_usbd_rom_api.o)
                0x00007574                core_api
 .rodata.cdc_api
                0x00007594        0xc /home/michi/projects/LPCXpresso/lpc_chip_175x_6x/libs/libusbd_175x_6x_lib.a(mw_usbd_rom_api.o)
                0x00007594                cdc_api
 .rodata.str1.1
                0x000075a0       0x18 /usr/local/lpcxpresso_7.5.0_254/lpcxpresso/tools/bin/../lib/gcc/arm-none-eabi/4.8.4/../../../../arm-none-eabi/lib/armv7-m/libcr_c.a(alloc.o)
 .rodata.str1.1
                0x000075b8       0x34 /usr/local/lpcxpresso_7.5.0_254/lpcxpresso/tools/bin/../lib/gcc/arm-none-eabi/4.8.4/../../../../arm-none-eabi/lib/armv7-m/libcr_c.a(fpprintf.o)
                                 0x35 (size before relaxing)
 .rodata.str1.1
                0x000075ec        0x4 /usr/local/lpcxpresso_7.5.0_254/lpcxpresso/tools/bin/../lib/gcc/arm-none-eabi/4.8.4/../../../../arm-none-eabi/lib/armv7-m/libcr_c.a(initio.o)
 .rodata.str1.1
                0x000075f0       0x31 /usr/local/lpcxpresso_7.5.0_254/lpcxpresso/tools/bin/../lib/gcc/arm-none-eabi/4.8.4/../../../../arm-none-eabi/lib/armv7-m/libcr_c.a(printf.o)
                                 0x38 (size before relaxing)
 *fill*         0x00007621        0x7 
 .rodata.__huge_vall
                0x00007628        0x8 /usr/local/lpcxpresso_7.5.0_254/lpcxpresso/tools/bin/../lib/gcc/arm-none-eabi/4.8.4/../../../../arm-none-eabi/lib/armv7-m/libcr_c.a(_hugeval.o)
                0x00007628                __huge_vall
                0x00007630                . = ALIGN (0x4)

.glue_7         0x00007630        0x0
 .glue_7        0x00000000        0x0 linker stubs

.glue_7t        0x00007630        0x0
 .glue_7t       0x00000000        0x0 linker stubs

.vfp11_veneer   0x00007630        0x0
 .vfp11_veneer  0x00000000        0x0 linker stubs

.v4_bx          0x00007630        0x0
 .v4_bx         0x00000000        0x0 linker stubs

.iplt           0x00007630        0x0
 .iplt          0x00000000        0x0 ./src/usb/cdc_desc.o

.rel.dyn        0x00007630        0x0
 .rel.iplt      0x00000000        0x0 ./src/usb/cdc_desc.o

.ARM.extab
 *(.ARM.extab* .gnu.linkonce.armextab.*)
                0x00007630                __exidx_start = .

.ARM.exidx
 *(.ARM.exidx* .gnu.linkonce.armexidx.*)
                0x00007630                __exidx_end = .
                0x00007630                _etext = .

.data_RAM2      0x2007c000        0x0 load address 0x00007630
 FILL mask 0xff
 *(.ramfunc.$RAM2)
 *(.ramfunc.$RamAHB32)
 *(.data.$RAM2*)
 *(.data.$RamAHB32*)
                0x2007c000                . = ALIGN (0x4)

.uninit_RESERVED
                0x10000000        0x0
 *(.bss.$RESERVED*)
                0x10000000                . = ALIGN (0x4)
                0x10000000                _end_uninit_RESERVED = .

.data           0x10000000      0x2a4 load address 0x00007630
 FILL mask 0xff
                0x10000000                _data = .
 *(vtable)
 *(.ramfunc*)
 *(.data*)
 .data.USB_FsConfigDescriptor
                0x10000000       0x4c ./src/usb/cdc_desc.o
                0x10000000                USB_FsConfigDescriptor
 .data.g_pUsbApi
                0x1000004c        0x4 ./src/usb/skynet_cdc.o
                0x1000004c                g_pUsbApi
 .data.Radio_Configuration_Data_Array
                0x10000050      0x158 ./src/radio/radio.o
                0x10000050                Radio_Configuration_Data_Array
 .data.RadioConfiguration
                0x100001a8       0x10 ./src/radio/radio.o
                0x100001a8                RadioConfiguration
 .data.pRadioConfiguration
                0x100001b8        0x4 ./src/radio/radio.o
                0x100001b8                pRadioConfiguration
 .data.adc_buffered_value
                0x100001bc        0x2 ./src/periph/adc.o
 *fill*         0x100001be        0x2 
 .data._random_number_seed
                0x100001c0       0xdc /usr/local/lpcxpresso_7.5.0_254/lpcxpresso/tools/bin/../lib/gcc/arm-none-eabi/4.8.4/../../../../arm-none-eabi/lib/armv7-m/libcr_c.a(stdlib.o)
 .data._random_j
                0x1000029c        0x4 /usr/local/lpcxpresso_7.5.0_254/lpcxpresso/tools/bin/../lib/gcc/arm-none-eabi/4.8.4/../../../../arm-none-eabi/lib/armv7-m/libcr_c.a(stdlib.o)
 .data._random_k
                0x100002a0        0x4 /usr/local/lpcxpresso_7.5.0_254/lpcxpresso/tools/bin/../lib/gcc/arm-none-eabi/4.8.4/../../../../arm-none-eabi/lib/armv7-m/libcr_c.a(stdlib.o)
                0x100002a4                . = ALIGN (0x4)
                0x100002a4                _edata = .

.igot.plt       0x100002a4        0x0 load address 0x000078d4
 .igot.plt      0x00000000        0x0 ./src/usb/cdc_desc.o

.bss_RAM2       0x2007c000        0x0
 *(.bss.$RAM2*)
 *(.bss.$RamAHB32*)
                0x2007c000                . = ALIGN (0x4)

.bss            0x100002a4      0x480
                0x100002a4                _bss = .
 *(.bss*)
 .bss.current_seqno
                0x100002a4        0x1 ./src/usb/skynet_cdc.o
                0x100002a4                current_seqno
 .bss.usb_reverse
                0x100002a5        0x1 ./src/usb/skynet_cdc.o
                0x100002a5                usb_reverse
 *fill*         0x100002a6        0x2 
 .bss.usb_cdc_write_pos
                0x100002a8        0x4 ./src/usb/skynet_cdc.o
                0x100002a8                usb_cdc_write_pos
 .bss.usb_rx_state
                0x100002ac        0x1 ./src/usb/skynet_cdc.o
                0x100002ac                usb_rx_state
 *fill*         0x100002ad        0x3 
 .bss.g_hUsb    0x100002b0        0x4 ./src/usb/skynet_cdc.o
 .bss.usb_read_pos
                0x100002b4        0x4 ./src/usb/skynet_cdc.o
                0x100002b4                usb_read_pos
 .bss.spi_format
                0x100002b8        0x4 ./src/spi/spi.o
 .bss.ctsWentHigh
                0x100002bc        0x1 ./src/radio/radio_comm.o
                0x100002bc                ctsWentHigh
 *fill*         0x100002bd        0x3 
 .bss.ADCSetup  0x100002c0        0x8 ./src/periph/adc.o
 .bss.switch_checked_times
                0x100002c8        0x4 ./src/periph/input.o
                0x100002c8                switch_checked_times
 .bss.switch_state
                0x100002cc        0x1 ./src/periph/input.o
                0x100002cc                switch_state
 .bss.cpu_powered_down
                0x100002cd        0x1 ./src/cpu/cpu.o
                0x100002cd                cpu_powered_down
 .bss.tick_occured
                0x100002ce        0x1 ./src/cpu/systick.o
                0x100002ce                tick_occured
 *fill*         0x100002cf        0x1 
 .bss.ticksPerSecond
                0x100002d0        0x4 /home/michi/projects/LPCXpresso/lpc_chip_175x_6x/Debug/liblpc_chip_175x_6x.a(stopwatch_17xx_40xx.o)
 .bss.ticksPerMs
                0x100002d4        0x4 /home/michi/projects/LPCXpresso/lpc_chip_175x_6x/Debug/liblpc_chip_175x_6x.a(stopwatch_17xx_40xx.o)
 .bss.ticksPerUs
                0x100002d8        0x4 /home/michi/projects/LPCXpresso/lpc_chip_175x_6x/Debug/liblpc_chip_175x_6x.a(stopwatch_17xx_40xx.o)
 .bss.errno     0x100002dc        0x4 /usr/local/lpcxpresso_7.5.0_254/lpcxpresso/tools/bin/../lib/gcc/arm-none-eabi/4.8.4/../../../../arm-none-eabi/lib/armv7-m/libcr_c.a(errno.o)
                0x100002dc                errno
 *(COMMON)
 COMMON         0x100002e0       0x14 ./src/usb/cdc_vcom.o
                0x100002e0                g_vCOM
 COMMON         0x100002f4       0x84 ./src/usb/skynet_cdc.o
                0x100002f4                usb_payload_buf
                0x1000032c                usb_received_message
                0x10000338                usb_cdc_write_buf
 COMMON         0x10000378       0x20 ./src/radio/si446x_api_lib.o
                0x10000378                Pro2Cmd
                0x10000388                Si446xCmd
 COMMON         0x10000398      0x114 ./src/misc/event_queue.o
                0x10000398                events_ringbuf
                0x100003ac                events_buf
 COMMON         0x100004ac        0x2 ./src/mac/mac.o
                0x100004ac                be
                0x100004ad                nb
 *fill*         0x100004ae        0x2 
 COMMON         0x100004b0       0x20 ./src/cpu/cpu.o
                0x100004b0                FullTime
 COMMON         0x100004d0      0x100 ./src/cpu/systick.o
                0x100004d0                tick_events_f
                0x10000550                tick_events_t
 COMMON         0x100005d0        0x1 ./src/main.o
                0x100005d0                goto_bootloader
 *fill*         0x100005d1        0x3 
 COMMON         0x100005d4        0x4 /home/michi/projects/LPCXpresso/lpc_chip_175x_6x/Debug/liblpc_chip_175x_6x.a(chip_17xx_40xx.o)
                0x100005d4                SystemCoreClock
 COMMON         0x100005d8        0x4 /usr/local/lpcxpresso_7.5.0_254/lpcxpresso/tools/bin/../lib/gcc/arm-none-eabi/4.8.4/../../../../arm-none-eabi/lib/armv7-m/libcr_c.a(initio.o)
                0x100005d8                _extra
 COMMON         0x100005dc      0x140 /usr/local/lpcxpresso_7.5.0_254/lpcxpresso/tools/bin/../lib/gcc/arm-none-eabi/4.8.4/../../../../arm-none-eabi/lib/armv7-m/libcr_c.a(stdio.o)
                0x100005dc                __Ciob
 COMMON         0x1000071c        0x8 /usr/local/lpcxpresso_7.5.0_254/lpcxpresso/tools/bin/../lib/gcc/arm-none-eabi/4.8.4/../../../../arm-none-eabi/lib/armv7-m/libcr_c.a(__init_alloc.o)
                0x1000071c                __heaps
                0x10000720                __end_of_heap
                0x10000724                . = ALIGN (0x4)
                0x10000724                _ebss = .
                0x10000724                PROVIDE (end, .)

.noinit_RAM2    0x2007c000        0x0
 *(.noinit.$RAM2*)
 *(.noinit.$RamAHB32*)
                0x2007c000                . = ALIGN (0x4)

.noinit         0x10000724        0x0
                0x10000724                _noinit = .
 *(.noinit*)
                0x10000724                . = ALIGN (0x4)
                0x10000724                _end_noinit = .
                0x10000724                PROVIDE (_pvHeapStart, DEFINED (__user_heap_base)?__user_heap_base:.)
                0x10008000                PROVIDE (_vStackTop, DEFINED (__user_stack_top)?__user_stack_top:(__top_RamLoc32 - 0x0))
OUTPUT(SkyNet-Dongle-firmware.axf elf32-littlearm)

.debug_info     0x00000000    0x1d83e
 .debug_info    0x00000000       0xee ./src/usb/cdc_desc.o
 .debug_info    0x000000ee     0x1c98 ./src/usb/cdc_vcom.o
 .debug_info    0x00001d86     0x28ab ./src/usb/skynet_cdc.o
 .debug_info    0x00004631      0x839 ./src/spi/spi.o
 .debug_info    0x00004e6a     0x1299 ./src/radio/radio.o
 .debug_info    0x00006103      0x524 ./src/radio/radio_comm.o
 .debug_info    0x00006627      0x50c ./src/radio/radio_hal.o
 .debug_info    0x00006b33     0x15e9 ./src/radio/si446x_api_lib.o
 .debug_info    0x0000811c     0x211b ./src/radio/skynet_radio.o
 .debug_info    0x0000a237      0xb07 ./src/periph/adc.o
 .debug_info    0x0000ad3e      0xc96 ./src/periph/charger.o
 .debug_info    0x0000b9d4      0xdc8 ./src/periph/input.o
 .debug_info    0x0000c79c      0x456 ./src/periph/led.o
 .debug_info    0x0000cbf2      0x485 ./src/misc/event_queue.o
 .debug_info    0x0000d077      0xe33 ./src/mac/mac.o
 .debug_info    0x0000deaa      0x3b9 ./src/mac/mac_frame_data.o
 .debug_info    0x0000e263      0x8ce ./src/gpio/gpio_irq.o
 .debug_info    0x0000eb31      0xd4b ./src/cpu/cpu.o
 .debug_info    0x0000f87c      0x82e ./src/cpu/rtc.o
 .debug_info    0x000100aa      0xa5e ./src/cpu/systick.o
 .debug_info    0x00010b08      0x287 ./src/cr_startup_lpc175x_6x.o
 .debug_info    0x00010d8f     0x1218 ./src/main.o
 .debug_info    0x00011fa7     0x1696 ./src/sysinit.o
 .debug_info    0x0001363d      0x88d /home/michi/projects/LPCXpresso/lpc_chip_175x_6x/Debug/liblpc_chip_175x_6x.a(adc_17xx_40xx.o)
 .debug_info    0x00013eca      0x51e /home/michi/projects/LPCXpresso/lpc_chip_175x_6x/Debug/liblpc_chip_175x_6x.a(chip_17xx_40xx.o)
 .debug_info    0x000143e8      0xb62 /home/michi/projects/LPCXpresso/lpc_chip_175x_6x/Debug/liblpc_chip_175x_6x.a(clock_17xx_40xx.o)
 .debug_info    0x00014f4a      0x2d9 /home/michi/projects/LPCXpresso/lpc_chip_175x_6x/Debug/liblpc_chip_175x_6x.a(iocon_17xx_40xx.o)
 .debug_info    0x00015223      0x3c7 /home/michi/projects/LPCXpresso/lpc_chip_175x_6x/Debug/liblpc_chip_175x_6x.a(pmu_17xx_40xx.o)
 .debug_info    0x000155ea      0x344 /home/michi/projects/LPCXpresso/lpc_chip_175x_6x/Debug/liblpc_chip_175x_6x.a(ring_buffer.o)
 .debug_info    0x0001592e      0x5ac /home/michi/projects/LPCXpresso/lpc_chip_175x_6x/Debug/liblpc_chip_175x_6x.a(rtc_17xx_40xx.o)
 .debug_info    0x00015eda      0x8b0 /home/michi/projects/LPCXpresso/lpc_chip_175x_6x/Debug/liblpc_chip_175x_6x.a(spi_17xx_40xx.o)
 .debug_info    0x0001678a      0x3ed /home/michi/projects/LPCXpresso/lpc_chip_175x_6x/Debug/liblpc_chip_175x_6x.a(stopwatch_17xx_40xx.o)
 .debug_info    0x00016b77      0x3f4 /home/michi/projects/LPCXpresso/lpc_chip_175x_6x/Debug/liblpc_chip_175x_6x.a(timer_17xx_40xx.o)
 .debug_info    0x00016f6b     0x14f8 /home/michi/projects/LPCXpresso/lpc_chip_175x_6x/libs/libusbd_175x_6x_lib.a(mw_usbd_rom_api.o)
 .debug_info    0x00018463     0x1f77 /home/michi/projects/LPCXpresso/lpc_chip_175x_6x/libs/libusbd_175x_6x_lib.a(hw_usbd_ip3503.o)
 .debug_info    0x0001a3da     0x14e4 /home/michi/projects/LPCXpresso/lpc_chip_175x_6x/libs/libusbd_175x_6x_lib.a(mw_usbd_cdcuser.o)
 .debug_info    0x0001b8be     0x1f80 /home/michi/projects/LPCXpresso/lpc_chip_175x_6x/libs/libusbd_175x_6x_lib.a(mw_usbd_core.o)

.debug_abbrev   0x00000000     0x5466
 .debug_abbrev  0x00000000       0x60 ./src/usb/cdc_desc.o
 .debug_abbrev  0x00000060      0x2e1 ./src/usb/cdc_vcom.o
 .debug_abbrev  0x00000341      0x485 ./src/usb/skynet_cdc.o
 .debug_abbrev  0x000007c6      0x28d ./src/spi/spi.o
 .debug_abbrev  0x00000a53      0x288 ./src/radio/radio.o
 .debug_abbrev  0x00000cdb      0x1ad ./src/radio/radio_comm.o
 .debug_abbrev  0x00000e88      0x1d8 ./src/radio/radio_hal.o
 .debug_abbrev  0x00001060      0x2cd ./src/radio/si446x_api_lib.o
 .debug_abbrev  0x0000132d      0x3b9 ./src/radio/skynet_radio.o
 .debug_abbrev  0x000016e6      0x235 ./src/periph/adc.o
 .debug_abbrev  0x0000191b      0x298 ./src/periph/charger.o
 .debug_abbrev  0x00001bb3      0x2d9 ./src/periph/input.o
 .debug_abbrev  0x00001e8c      0x1e4 ./src/periph/led.o
 .debug_abbrev  0x00002070      0x203 ./src/misc/event_queue.o
 .debug_abbrev  0x00002273      0x2bd ./src/mac/mac.o
 .debug_abbrev  0x00002530      0x1a4 ./src/mac/mac_frame_data.o
 .debug_abbrev  0x000026d4      0x237 ./src/gpio/gpio_irq.o
 .debug_abbrev  0x0000290b      0x308 ./src/cpu/cpu.o
 .debug_abbrev  0x00002c13      0x219 ./src/cpu/rtc.o
 .debug_abbrev  0x00002e2c      0x354 ./src/cpu/systick.o
 .debug_abbrev  0x00003180      0x111 ./src/cr_startup_lpc175x_6x.o
 .debug_abbrev  0x00003291      0x325 ./src/main.o
 .debug_abbrev  0x000035b6      0x30f ./src/sysinit.o
 .debug_abbrev  0x000038c5      0x1bc /home/michi/projects/LPCXpresso/lpc_chip_175x_6x/Debug/liblpc_chip_175x_6x.a(adc_17xx_40xx.o)
 .debug_abbrev  0x00003a81      0x13c /home/michi/projects/LPCXpresso/lpc_chip_175x_6x/Debug/liblpc_chip_175x_6x.a(chip_17xx_40xx.o)
 .debug_abbrev  0x00003bbd      0x2ec /home/michi/projects/LPCXpresso/lpc_chip_175x_6x/Debug/liblpc_chip_175x_6x.a(clock_17xx_40xx.o)
 .debug_abbrev  0x00003ea9      0x126 /home/michi/projects/LPCXpresso/lpc_chip_175x_6x/Debug/liblpc_chip_175x_6x.a(iocon_17xx_40xx.o)
 .debug_abbrev  0x00003fcf      0x154 /home/michi/projects/LPCXpresso/lpc_chip_175x_6x/Debug/liblpc_chip_175x_6x.a(pmu_17xx_40xx.o)
 .debug_abbrev  0x00004123      0x12d /home/michi/projects/LPCXpresso/lpc_chip_175x_6x/Debug/liblpc_chip_175x_6x.a(ring_buffer.o)
 .debug_abbrev  0x00004250      0x163 /home/michi/projects/LPCXpresso/lpc_chip_175x_6x/Debug/liblpc_chip_175x_6x.a(rtc_17xx_40xx.o)
 .debug_abbrev  0x000043b3      0x1d9 /home/michi/projects/LPCXpresso/lpc_chip_175x_6x/Debug/liblpc_chip_175x_6x.a(spi_17xx_40xx.o)
 .debug_abbrev  0x0000458c      0x191 /home/michi/projects/LPCXpresso/lpc_chip_175x_6x/Debug/liblpc_chip_175x_6x.a(stopwatch_17xx_40xx.o)
 .debug_abbrev  0x0000471d      0x163 /home/michi/projects/LPCXpresso/lpc_chip_175x_6x/Debug/liblpc_chip_175x_6x.a(timer_17xx_40xx.o)
 .debug_abbrev  0x00004880      0x143 /home/michi/projects/LPCXpresso/lpc_chip_175x_6x/libs/libusbd_175x_6x_lib.a(mw_usbd_rom_api.o)
 .debug_abbrev  0x000049c3      0x3b8 /home/michi/projects/LPCXpresso/lpc_chip_175x_6x/libs/libusbd_175x_6x_lib.a(hw_usbd_ip3503.o)
 .debug_abbrev  0x00004d7b      0x2f5 /home/michi/projects/LPCXpresso/lpc_chip_175x_6x/libs/libusbd_175x_6x_lib.a(mw_usbd_cdcuser.o)
 .debug_abbrev  0x00005070      0x3f6 /home/michi/projects/LPCXpresso/lpc_chip_175x_6x/libs/libusbd_175x_6x_lib.a(mw_usbd_core.o)

.debug_aranges  0x00000000      0xe70
 .debug_aranges
                0x00000000       0x18 ./src/usb/cdc_desc.o
 .debug_aranges
                0x00000018       0x58 ./src/usb/cdc_vcom.o
 .debug_aranges
                0x00000070       0x78 ./src/usb/skynet_cdc.o
 .debug_aranges
                0x000000e8       0x50 ./src/spi/spi.o
 .debug_aranges
                0x00000138       0x60 ./src/radio/radio.o
 .debug_aranges
                0x00000198       0x50 ./src/radio/radio_comm.o
 .debug_aranges
                0x000001e8       0x60 ./src/radio/radio_hal.o
 .debug_aranges
                0x00000248      0x118 ./src/radio/si446x_api_lib.o
 .debug_aranges
                0x00000360       0x80 ./src/radio/skynet_radio.o
 .debug_aranges
                0x000003e0       0x60 ./src/periph/adc.o
 .debug_aranges
                0x00000440       0x50 ./src/periph/charger.o
 .debug_aranges
                0x00000490       0x40 ./src/periph/input.o
 .debug_aranges
                0x000004d0       0x40 ./src/periph/led.o
 .debug_aranges
                0x00000510       0x30 ./src/misc/event_queue.o
 .debug_aranges
                0x00000540       0x38 ./src/mac/mac.o
 .debug_aranges
                0x00000578       0x40 ./src/mac/mac_frame_data.o
 .debug_aranges
                0x000005b8       0x30 ./src/gpio/gpio_irq.o
 .debug_aranges
                0x000005e8       0x48 ./src/cpu/cpu.o
 .debug_aranges
                0x00000630       0x30 ./src/cpu/rtc.o
 .debug_aranges
                0x00000660       0x60 ./src/cpu/systick.o
 .debug_aranges
                0x000006c0       0x80 ./src/cr_startup_lpc175x_6x.o
 .debug_aranges
                0x00000740       0x40 ./src/main.o
 .debug_aranges
                0x00000780       0x30 ./src/sysinit.o
 .debug_aranges
                0x000007b0       0x88 /home/michi/projects/LPCXpresso/lpc_chip_175x_6x/Debug/liblpc_chip_175x_6x.a(adc_17xx_40xx.o)
 .debug_aranges
                0x00000838       0x38 /home/michi/projects/LPCXpresso/lpc_chip_175x_6x/Debug/liblpc_chip_175x_6x.a(chip_17xx_40xx.o)
 .debug_aranges
                0x00000870      0x120 /home/michi/projects/LPCXpresso/lpc_chip_175x_6x/Debug/liblpc_chip_175x_6x.a(clock_17xx_40xx.o)
 .debug_aranges
                0x00000990       0x30 /home/michi/projects/LPCXpresso/lpc_chip_175x_6x/Debug/liblpc_chip_175x_6x.a(iocon_17xx_40xx.o)
 .debug_aranges
                0x000009c0       0x40 /home/michi/projects/LPCXpresso/lpc_chip_175x_6x/Debug/liblpc_chip_175x_6x.a(pmu_17xx_40xx.o)
 .debug_aranges
                0x00000a00       0x60 /home/michi/projects/LPCXpresso/lpc_chip_175x_6x/Debug/liblpc_chip_175x_6x.a(ring_buffer.o)
 .debug_aranges
                0x00000a60       0x70 /home/michi/projects/LPCXpresso/lpc_chip_175x_6x/Debug/liblpc_chip_175x_6x.a(rtc_17xx_40xx.o)
 .debug_aranges
                0x00000ad0       0xa8 /home/michi/projects/LPCXpresso/lpc_chip_175x_6x/Debug/liblpc_chip_175x_6x.a(spi_17xx_40xx.o)
 .debug_aranges
                0x00000b78       0x68 /home/michi/projects/LPCXpresso/lpc_chip_175x_6x/Debug/liblpc_chip_175x_6x.a(stopwatch_17xx_40xx.o)
 .debug_aranges
                0x00000be0       0x40 /home/michi/projects/LPCXpresso/lpc_chip_175x_6x/Debug/liblpc_chip_175x_6x.a(timer_17xx_40xx.o)
 .debug_aranges
                0x00000c20       0x18 /home/michi/projects/LPCXpresso/lpc_chip_175x_6x/libs/libusbd_175x_6x_lib.a(mw_usbd_rom_api.o)
 .debug_aranges
                0x00000c38      0x118 /home/michi/projects/LPCXpresso/lpc_chip_175x_6x/libs/libusbd_175x_6x_lib.a(hw_usbd_ip3503.o)
 .debug_aranges
                0x00000d50       0x48 /home/michi/projects/LPCXpresso/lpc_chip_175x_6x/libs/libusbd_175x_6x_lib.a(mw_usbd_cdcuser.o)
 .debug_aranges
                0x00000d98       0xd8 /home/michi/projects/LPCXpresso/lpc_chip_175x_6x/libs/libusbd_175x_6x_lib.a(mw_usbd_core.o)

.debug_macro    0x00000000    0x14435
 .debug_macro   0x00000000       0xf5 ./src/usb/cdc_desc.o
 .debug_macro   0x000000f5      0x880 ./src/usb/cdc_desc.o
 .debug_macro   0x00000975       0x10 ./src/usb/cdc_desc.o
 .debug_macro   0x00000985      0x12d ./src/usb/cdc_desc.o
 .debug_macro   0x00000ab2      0x5b2 ./src/usb/cdc_desc.o
 .debug_macro   0x00001064       0x22 ./src/usb/cdc_desc.o
 .debug_macro   0x00001086       0x7b ./src/usb/cdc_desc.o
 .debug_macro   0x00001101       0x18 ./src/usb/cdc_desc.o
 .debug_macro   0x00001119      0x26c ./src/usb/cdc_desc.o
 .debug_macro   0x00001385       0x58 ./src/usb/cdc_desc.o
 .debug_macro   0x000013dd       0x12 ./src/usb/cdc_desc.o
 .debug_macro   0x000013ef       0xfa ./src/usb/cdc_desc.o
 .debug_macro   0x000014e9       0xee ./src/usb/cdc_desc.o
 .debug_macro   0x000015d7      0x693 ./src/usb/cdc_desc.o
 .debug_macro   0x00001c6a      0x272 ./src/usb/cdc_desc.o
 .debug_macro   0x00001edc       0x10 ./src/usb/cdc_desc.o
 .debug_macro   0x00001eec      0x294 ./src/usb/cdc_vcom.o
 .debug_macro   0x00002180       0x74 ./src/usb/cdc_vcom.o
 .debug_macro   0x000021f4       0x10 ./src/usb/cdc_vcom.o
 .debug_macro   0x00002204       0x2d ./src/usb/cdc_vcom.o
 .debug_macro   0x00002231       0x3a ./src/usb/cdc_vcom.o
 .debug_macro   0x0000226b       0x2d ./src/usb/cdc_vcom.o
 .debug_macro   0x00002298      0xbb1 ./src/usb/cdc_vcom.o
 .debug_macro   0x00002e49      0x22c ./src/usb/cdc_vcom.o
 .debug_macro   0x00003075       0x42 ./src/usb/cdc_vcom.o
 .debug_macro   0x000030b7       0x52 ./src/usb/cdc_vcom.o
 .debug_macro   0x00003109       0x78 ./src/usb/cdc_vcom.o
 .debug_macro   0x00003181       0x82 ./src/usb/cdc_vcom.o
 .debug_macro   0x00003203      0x48c ./src/usb/cdc_vcom.o
 .debug_macro   0x0000368f       0x34 ./src/usb/cdc_vcom.o
 .debug_macro   0x000036c3      0x4c5 ./src/usb/cdc_vcom.o
 .debug_macro   0x00003b88      0x1b7 ./src/usb/cdc_vcom.o
 .debug_macro   0x00003d3f       0x10 ./src/usb/cdc_vcom.o
 .debug_macro   0x00003d4f      0x21b ./src/usb/cdc_vcom.o
 .debug_macro   0x00003f6a      0x1b9 ./src/usb/cdc_vcom.o
 .debug_macro   0x00004123       0x40 ./src/usb/cdc_vcom.o
 .debug_macro   0x00004163       0x22 ./src/usb/cdc_vcom.o
 .debug_macro   0x00004185      0x162 ./src/usb/cdc_vcom.o
 .debug_macro   0x000042e7       0x94 ./src/usb/cdc_vcom.o
 .debug_macro   0x0000437b       0xb8 ./src/usb/cdc_vcom.o
 .debug_macro   0x00004433       0x4c ./src/usb/cdc_vcom.o
 .debug_macro   0x0000447f       0x16 ./src/usb/cdc_vcom.o
 .debug_macro   0x00004495      0x328 ./src/usb/cdc_vcom.o
 .debug_macro   0x000047bd       0x49 ./src/usb/cdc_vcom.o
 .debug_macro   0x00004806       0x16 ./src/usb/cdc_vcom.o
 .debug_macro   0x0000481c       0xca ./src/usb/cdc_vcom.o
 .debug_macro   0x000048e6       0x2e ./src/usb/cdc_vcom.o
 .debug_macro   0x00004914      0x306 ./src/usb/skynet_cdc.o
 .debug_macro   0x00004c1a       0x9a ./src/usb/skynet_cdc.o
 .debug_macro   0x00004cb4       0x1c ./src/usb/skynet_cdc.o
 .debug_macro   0x00004cd0       0x22 ./src/usb/skynet_cdc.o
 .debug_macro   0x00004cf2       0x58 ./src/usb/skynet_cdc.o
 .debug_macro   0x00004d4a       0x2e ./src/usb/skynet_cdc.o
 .debug_macro   0x00004d78       0x16 ./src/usb/skynet_cdc.o
 .debug_macro   0x00004d8e      0x1bf ./src/usb/skynet_cdc.o
 .debug_macro   0x00004f4d      0x230 ./src/spi/spi.o
 .debug_macro   0x0000517d       0x10 ./src/spi/spi.o
 .debug_macro   0x0000518d      0x257 ./src/radio/radio.o
 .debug_macro   0x000053e4       0xa0 ./src/radio/radio.o
 .debug_macro   0x00005484       0x16 ./src/radio/radio.o
 .debug_macro   0x0000549a      0x140 ./src/radio/radio.o
 .debug_macro   0x000055da       0x16 ./src/radio/radio.o
 .debug_macro   0x000055f0       0x28 ./src/radio/radio.o
 .debug_macro   0x00005618     0xa826 ./src/radio/radio.o
 .debug_macro   0x0000fe3e      0x208 ./src/radio/radio_comm.o
 .debug_macro   0x00010046       0x10 ./src/radio/radio_comm.o
 .debug_macro   0x00010056      0x233 ./src/radio/radio_hal.o
 .debug_macro   0x00010289       0x1c ./src/radio/radio_hal.o
 .debug_macro   0x000102a5      0x251 ./src/radio/si446x_api_lib.o
 .debug_macro   0x000104f6       0x16 ./src/radio/si446x_api_lib.o
 .debug_macro   0x0001050c       0x10 ./src/radio/si446x_api_lib.o
 .debug_macro   0x0001051c       0x16 ./src/radio/si446x_api_lib.o
 .debug_macro   0x00010532      0x2d1 ./src/radio/skynet_radio.o
 .debug_macro   0x00010803       0x16 ./src/radio/skynet_radio.o
 .debug_macro   0x00010819      0x234 ./src/periph/adc.o
 .debug_macro   0x00010a4d      0x21c ./src/periph/charger.o
 .debug_macro   0x00010c69      0x23c ./src/periph/input.o
 .debug_macro   0x00010ea5       0x2e ./src/periph/input.o
 .debug_macro   0x00010ed3       0x10 ./src/periph/input.o
 .debug_macro   0x00010ee3      0x21c ./src/periph/led.o
 .debug_macro   0x000110ff      0x218 ./src/misc/event_queue.o
 .debug_macro   0x00011317       0x10 ./src/misc/event_queue.o
 .debug_macro   0x00011327      0x2c8 ./src/mac/mac.o
 .debug_macro   0x000115ef       0x34 ./src/mac/mac.o
 .debug_macro   0x00011623       0x64 ./src/mac/mac.o
 .debug_macro   0x00011687       0x10 ./src/mac/mac.o
 .debug_macro   0x00011697      0x268 ./src/mac/mac_frame_data.o
 .debug_macro   0x000118ff      0x25c ./src/gpio/gpio_irq.o
 .debug_macro   0x00011b5b      0x2b5 ./src/cpu/cpu.o
 .debug_macro   0x00011e10       0x10 ./src/cpu/cpu.o
 .debug_macro   0x00011e20       0x34 ./src/cpu/cpu.o
 .debug_macro   0x00011e54      0x20e ./src/cpu/rtc.o
 .debug_macro   0x00012062      0x222 ./src/cpu/systick.o
 .debug_macro   0x00012284       0x1d ./src/cr_startup_lpc175x_6x.o
 .debug_macro   0x000122a1      0x433 ./src/main.o
 .debug_macro   0x000126d4       0x82 ./src/main.o
 .debug_macro   0x00012756      0x26a ./src/sysinit.o
 .debug_macro   0x000129c0      0x1cd /home/michi/projects/LPCXpresso/lpc_chip_175x_6x/Debug/liblpc_chip_175x_6x.a(adc_17xx_40xx.o)
 .debug_macro   0x00012b8d      0x886 /home/michi/projects/LPCXpresso/lpc_chip_175x_6x/Debug/liblpc_chip_175x_6x.a(adc_17xx_40xx.o)
 .debug_macro   0x00013413      0x12d /home/michi/projects/LPCXpresso/lpc_chip_175x_6x/Debug/liblpc_chip_175x_6x.a(adc_17xx_40xx.o)
 .debug_macro   0x00013540      0x1cd /home/michi/projects/LPCXpresso/lpc_chip_175x_6x/Debug/liblpc_chip_175x_6x.a(chip_17xx_40xx.o)
 .debug_macro   0x0001370d      0x1cd /home/michi/projects/LPCXpresso/lpc_chip_175x_6x/Debug/liblpc_chip_175x_6x.a(clock_17xx_40xx.o)
 .debug_macro   0x000138da      0x1cd /home/michi/projects/LPCXpresso/lpc_chip_175x_6x/Debug/liblpc_chip_175x_6x.a(iocon_17xx_40xx.o)
 .debug_macro   0x00013aa7      0x1cd /home/michi/projects/LPCXpresso/lpc_chip_175x_6x/Debug/liblpc_chip_175x_6x.a(pmu_17xx_40xx.o)
 .debug_macro   0x00013c74       0x83 /home/michi/projects/LPCXpresso/lpc_chip_175x_6x/Debug/liblpc_chip_175x_6x.a(ring_buffer.o)
 .debug_macro   0x00013cf7      0x1cd /home/michi/projects/LPCXpresso/lpc_chip_175x_6x/Debug/liblpc_chip_175x_6x.a(rtc_17xx_40xx.o)
 .debug_macro   0x00013ec4      0x1cd /home/michi/projects/LPCXpresso/lpc_chip_175x_6x/Debug/liblpc_chip_175x_6x.a(spi_17xx_40xx.o)
 .debug_macro   0x00014091      0x1d7 /home/michi/projects/LPCXpresso/lpc_chip_175x_6x/Debug/liblpc_chip_175x_6x.a(stopwatch_17xx_40xx.o)
 .debug_macro   0x00014268      0x1cd /home/michi/projects/LPCXpresso/lpc_chip_175x_6x/Debug/liblpc_chip_175x_6x.a(timer_17xx_40xx.o)

.debug_line     0x00000000     0xc2f9
 .debug_line    0x00000000      0x2a2 ./src/usb/cdc_desc.o
 .debug_line    0x000002a2      0x65a ./src/usb/cdc_vcom.o
 .debug_line    0x000008fc      0x863 ./src/usb/skynet_cdc.o
 .debug_line    0x0000115f      0x5bf ./src/spi/spi.o
 .debug_line    0x0000171e      0x618 ./src/radio/radio.o
 .debug_line    0x00001d36      0x4ee ./src/radio/radio_comm.o
 .debug_line    0x00002224      0x597 ./src/radio/radio_hal.o
 .debug_line    0x000027bb      0x83c ./src/radio/si446x_api_lib.o
 .debug_line    0x00002ff7      0x812 ./src/radio/skynet_radio.o
 .debug_line    0x00003809      0x586 ./src/periph/adc.o
 .debug_line    0x00003d8f      0x54e ./src/periph/charger.o
 .debug_line    0x000042dd      0x5e4 ./src/periph/input.o
 .debug_line    0x000048c1      0x504 ./src/periph/led.o
 .debug_line    0x00004dc5      0x48d ./src/misc/event_queue.o
 .debug_line    0x00005252      0x651 ./src/mac/mac.o
 .debug_line    0x000058a3      0x55f ./src/mac/mac_frame_data.o
 .debug_line    0x00005e02      0x614 ./src/gpio/gpio_irq.o
 .debug_line    0x00006416      0x708 ./src/cpu/cpu.o
 .debug_line    0x00006b1e      0x4b2 ./src/cpu/rtc.o
 .debug_line    0x00006fd0      0x577 ./src/cpu/systick.o
 .debug_line    0x00007547       0xab ./src/cr_startup_lpc175x_6x.o
 .debug_line    0x000075f2      0x9ce ./src/main.o
 .debug_line    0x00007fc0      0x55d ./src/sysinit.o
 .debug_line    0x0000851d      0x521 /home/michi/projects/LPCXpresso/lpc_chip_175x_6x/Debug/liblpc_chip_175x_6x.a(adc_17xx_40xx.o)
 .debug_line    0x00008a3e      0x449 /home/michi/projects/LPCXpresso/lpc_chip_175x_6x/Debug/liblpc_chip_175x_6x.a(chip_17xx_40xx.o)
 .debug_line    0x00008e87      0x6c5 /home/michi/projects/LPCXpresso/lpc_chip_175x_6x/Debug/liblpc_chip_175x_6x.a(clock_17xx_40xx.o)
 .debug_line    0x0000954c      0x435 /home/michi/projects/LPCXpresso/lpc_chip_175x_6x/Debug/liblpc_chip_175x_6x.a(iocon_17xx_40xx.o)
 .debug_line    0x00009981      0x482 /home/michi/projects/LPCXpresso/lpc_chip_175x_6x/Debug/liblpc_chip_175x_6x.a(pmu_17xx_40xx.o)
 .debug_line    0x00009e03      0x248 /home/michi/projects/LPCXpresso/lpc_chip_175x_6x/Debug/liblpc_chip_175x_6x.a(ring_buffer.o)
 .debug_line    0x0000a04b      0x54a /home/michi/projects/LPCXpresso/lpc_chip_175x_6x/Debug/liblpc_chip_175x_6x.a(rtc_17xx_40xx.o)